Archive member included to satisfy reference by file (symbol)

c:/program files (x86)/gnu tools arm embedded/8 2018-q4-major/bin/../lib/gcc/arm-none-eabi/8.2.1/../../../../arm-none-eabi/lib/thumb/v7-m/nofp\libg_nano.a(lib_a-errno.o)
                              ./system/src/newlib/_sbrk.o (__errno)
c:/program files (x86)/gnu tools arm embedded/8 2018-q4-major/bin/../lib/gcc/arm-none-eabi/8.2.1/../../../../arm-none-eabi/lib/thumb/v7-m/nofp\libg_nano.a(lib_a-impure.o)
                              c:/program files (x86)/gnu tools arm embedded/8 2018-q4-major/bin/../lib/gcc/arm-none-eabi/8.2.1/../../../../arm-none-eabi/lib/thumb/v7-m/nofp\libg_nano.a(lib_a-errno.o) (_impure_ptr)
c:/program files (x86)/gnu tools arm embedded/8 2018-q4-major/bin/../lib/gcc/arm-none-eabi/8.2.1/../../../../arm-none-eabi/lib/thumb/v7-m/nofp\libg_nano.a(lib_a-memcpy-stub.o)
                              ./io6Library/Internet/DHCP6/dhcpv6.o (memcpy)
c:/program files (x86)/gnu tools arm embedded/8 2018-q4-major/bin/../lib/gcc/arm-none-eabi/8.2.1/../../../../arm-none-eabi/lib/thumb/v7-m/nofp\libg_nano.a(lib_a-memset.o)
                              ./io6Library/Internet/DNS/dns.o (memset)
c:/program files (x86)/gnu tools arm embedded/8 2018-q4-major/bin/../lib/gcc/arm-none-eabi/8.2.1/../../../../arm-none-eabi/lib/thumb/v7-m/nofp\libg_nano.a(lib_a-printf.o)
                              ./src/W6100RelFunctions.o (printf)
c:/program files (x86)/gnu tools arm embedded/8 2018-q4-major/bin/../lib/gcc/arm-none-eabi/8.2.1/../../../../arm-none-eabi/lib/thumb/v7-m/nofp\libg_nano.a(lib_a-strchr.o)
                              ./io6Library/Internet/DNS/dns.o (strchr)
c:/program files (x86)/gnu tools arm embedded/8 2018-q4-major/bin/../lib/gcc/arm-none-eabi/8.2.1/../../../../arm-none-eabi/lib/thumb/v7-m/nofp\libg_nano.a(lib_a-strcpy.o)
                              ./io6Library/Internet/DNS/dns.o (strcpy)
c:/program files (x86)/gnu tools arm embedded/8 2018-q4-major/bin/../lib/gcc/arm-none-eabi/8.2.1/../../../../arm-none-eabi/lib/thumb/v7-m/nofp\libg_nano.a(lib_a-strlen.o)
                              ./system/src/diag/Trace.o (strlen)
c:/program files (x86)/gnu tools arm embedded/8 2018-q4-major/bin/../lib/gcc/arm-none-eabi/8.2.1/../../../../arm-none-eabi/lib/thumb/v7-m/nofp\libg_nano.a(lib_a-strncpy.o)
                              ./io6Library/Internet/DNS/dns.o (strncpy)
c:/program files (x86)/gnu tools arm embedded/8 2018-q4-major/bin/../lib/gcc/arm-none-eabi/8.2.1/../../../../arm-none-eabi/lib/thumb/v7-m/nofp\libg_nano.a(lib_a-vsnprintf.o)
                              ./system/src/diag/Trace.o (vsnprintf)
c:/program files (x86)/gnu tools arm embedded/8 2018-q4-major/bin/../lib/gcc/arm-none-eabi/8.2.1/../../../../arm-none-eabi/lib/thumb/v7-m/nofp\libg_nano.a(lib_a-findfp.o)
                              c:/program files (x86)/gnu tools arm embedded/8 2018-q4-major/bin/../lib/gcc/arm-none-eabi/8.2.1/../../../../arm-none-eabi/lib/thumb/v7-m/nofp\libg_nano.a(lib_a-printf.o) (__sinit)
c:/program files (x86)/gnu tools arm embedded/8 2018-q4-major/bin/../lib/gcc/arm-none-eabi/8.2.1/../../../../arm-none-eabi/lib/thumb/v7-m/nofp\libg_nano.a(lib_a-fwalk.o)
                              c:/program files (x86)/gnu tools arm embedded/8 2018-q4-major/bin/../lib/gcc/arm-none-eabi/8.2.1/../../../../arm-none-eabi/lib/thumb/v7-m/nofp\libg_nano.a(lib_a-findfp.o) (_fwalk)
c:/program files (x86)/gnu tools arm embedded/8 2018-q4-major/bin/../lib/gcc/arm-none-eabi/8.2.1/../../../../arm-none-eabi/lib/thumb/v7-m/nofp\libg_nano.a(lib_a-lock.o)
                              c:/program files (x86)/gnu tools arm embedded/8 2018-q4-major/bin/../lib/gcc/arm-none-eabi/8.2.1/../../../../arm-none-eabi/lib/thumb/v7-m/nofp\libg_nano.a(lib_a-findfp.o) (__retarget_lock_init_recursive)
c:/program files (x86)/gnu tools arm embedded/8 2018-q4-major/bin/../lib/gcc/arm-none-eabi/8.2.1/../../../../arm-none-eabi/lib/thumb/v7-m/nofp\libg_nano.a(lib_a-nano-mallocr.o)
                              c:/program files (x86)/gnu tools arm embedded/8 2018-q4-major/bin/../lib/gcc/arm-none-eabi/8.2.1/../../../../arm-none-eabi/lib/thumb/v7-m/nofp\libg_nano.a(lib_a-findfp.o) (_malloc_r)
c:/program files (x86)/gnu tools arm embedded/8 2018-q4-major/bin/../lib/gcc/arm-none-eabi/8.2.1/../../../../arm-none-eabi/lib/thumb/v7-m/nofp\libg_nano.a(lib_a-nano-svfprintf.o)
                              c:/program files (x86)/gnu tools arm embedded/8 2018-q4-major/bin/../lib/gcc/arm-none-eabi/8.2.1/../../../../arm-none-eabi/lib/thumb/v7-m/nofp\libg_nano.a(lib_a-vsnprintf.o) (_svfprintf_r)
c:/program files (x86)/gnu tools arm embedded/8 2018-q4-major/bin/../lib/gcc/arm-none-eabi/8.2.1/../../../../arm-none-eabi/lib/thumb/v7-m/nofp\libg_nano.a(lib_a-nano-vfprintf.o)
                              c:/program files (x86)/gnu tools arm embedded/8 2018-q4-major/bin/../lib/gcc/arm-none-eabi/8.2.1/../../../../arm-none-eabi/lib/thumb/v7-m/nofp\libg_nano.a(lib_a-printf.o) (_vfprintf_r)
[...]
Memory Configuration

Name             Origin             Length             Attributes
RAM              0x20000000         0x0000c000         xrw
CCMRAM           0x00000000         0x00000000         xrw
FLASH            0x08000000         0x00040000         xr
FLASHB1          0x00000000         0x00000000         xr
EXTMEMB0         0x00000000         0x00000000         xr
EXTMEMB1         0x00000000         0x00000000         xr
EXTMEMB2         0x00000000         0x00000000         xr
EXTMEMB3         0x00000000         0x00000000         xr
MEMORY_ARRAY     0x00000000         0x00000000         xrw
*default*        0x00000000         0xffffffff

Linker script and memory map

LOAD ./system/src/stm32f1-stdperiph/misc.o
LOAD ./system/src/stm32f1-stdperiph/stm32f10x_fsmc.o
LOAD ./system/src/stm32f1-stdperiph/stm32f10x_gpio.o
LOAD ./system/src/stm32f1-stdperiph/stm32f10x_rcc.o
LOAD ./system/src/stm32f1-stdperiph/stm32f10x_spi.o
LOAD ./system/src/stm32f1-stdperiph/stm32f10x_tim.o
LOAD ./system/src/stm32f1-stdperiph/stm32f10x_usart.o
LOAD ./system/src/newlib/_cxx.o
LOAD ./system/src/newlib/_exit.o
LOAD ./system/src/newlib/_sbrk.o
LOAD ./system/src/newlib/_startup.o
LOAD ./system/src/newlib/_syscalls.o
LOAD ./system/src/newlib/assert.o
LOAD ./system/src/diag/Trace.o
LOAD ./system/src/diag/trace_impl.o
LOAD ./system/src/cortexm/_initialize_hardware.o
LOAD ./system/src/cortexm/_reset_hardware.o
LOAD ./system/src/cortexm/exception_handlers.o
LOAD ./system/src/cmsis/system_stm32f10x.o
LOAD ./system/src/cmsis/vectors_stm32f10x.o
LOAD ./src/PlatformHandler/fsmcHandler.o
LOAD ./src/PlatformHandler/gpioHandler.o
LOAD ./src/PlatformHandler/nvicHandler.o
LOAD ./src/PlatformHandler/rccHandler.o
LOAD ./src/PlatformHandler/spiHandler.o
LOAD ./src/PlatformHandler/timerHandler.o
LOAD ./src/PlatformHandler/uartHandler.o
LOAD ./src/BlinkLed.o
LOAD ./src/Timer.o
LOAD ./src/W6100RelFunctions.o
LOAD ./src/_write.o
LOAD ./src/main.o
LOAD ./src/retarget.o
LOAD ./src/stm32f10x_it.o
LOAD ./io6Library/Internet/DNS/dns.o
LOAD ./io6Library/Internet/DHCP6/dhcpv6.o
LOAD ./io6Library/Ethernet/W6100/w6100.o
LOAD ./io6Library/Ethernet/socket.o
LOAD ./io6Library/Ethernet/wizchip_conf.o
LOAD ./io6Library/Application/loopback/loopback.o
LOAD c:/program files (x86)/gnu tools arm embedded/8 2018-q4-major/bin/../lib/gcc/arm-none-eabi/8.2.1/../../../../arm-none-eabi/lib/thumb/v7-m/nofp\libstdc++_nano.a
LOAD c:/program files (x86)/gnu tools arm embedded/8 2018-q4-major/bin/../lib/gcc/arm-none-eabi/8.2.1/../../../../arm-none-eabi/lib/thumb/v7-m/nofp\libm.a
START GROUP
LOAD c:/program files (x86)/gnu tools arm embedded/8 2018-q4-major/bin/../lib/gcc/arm-none-eabi/8.2.1/thumb/v7-m/nofp\libgcc.a
LOAD c:/program files (x86)/gnu tools arm embedded/8 2018-q4-major/bin/../lib/gcc/arm-none-eabi/8.2.1/../../../../arm-none-eabi/lib/thumb/v7-m/nofp\libg_nano.a
LOAD c:/program files (x86)/gnu tools arm embedded/8 2018-q4-major/bin/../lib/gcc/arm-none-eabi/8.2.1/../../../../arm-none-eabi/lib/thumb/v7-m/nofp\libc_nano.a
END GROUP
START GROUP
LOAD c:/program files (x86)/gnu tools arm embedded/8 2018-q4-major/bin/../lib/gcc/arm-none-eabi/8.2.1/thumb/v7-m/nofp\libgcc.a
LOAD c:/program files (x86)/gnu tools arm embedded/8 2018-q4-major/bin/../lib/gcc/arm-none-eabi/8.2.1/../../../../arm-none-eabi/lib/thumb/v7-m/nofp\libc_nano.a
LOAD c:/program files (x86)/gnu tools arm embedded/8 2018-q4-major/bin/../lib/gcc/arm-none-eabi/8.2.1/../../../../arm-none-eabi/lib/thumb/v7-m/nofp\libnosys.a
END GROUP
START GROUP
LOAD c:/program files (x86)/gnu tools arm embedded/8 2018-q4-major/bin/../lib/gcc/arm-none-eabi/8.2.1/thumb/v7-m/nofp\libgcc.a
LOAD c:/program files (x86)/gnu tools arm embedded/8 2018-q4-major/bin/../lib/gcc/arm-none-eabi/8.2.1/../../../../arm-none-eabi/lib/thumb/v7-m/nofp\libc_nano.a
LOAD c:/program files (x86)/gnu tools arm embedded/8 2018-q4-major/bin/../lib/gcc/arm-none-eabi/8.2.1/../../../../arm-none-eabi/lib/thumb/v7-m/nofp\libnosys.a
END GROUP
                0x2000c000                __stack = (ORIGIN (RAM) + LENGTH (RAM))
                0x2000c000                _estack = __stack
                0x00000400                __Main_Stack_Size = 0x400
                [!provide]                PROVIDE (_Main_Stack_Size = __Main_Stack_Size)
                0x2000bc00                __Main_Stack_Limit = (__stack - __Main_Stack_Size)
                [!provide]                PROVIDE (_Main_Stack_Limit = __Main_Stack_Limit)
                0x00000100                _Minimum_Stack_Size = 0x100
                0x20002248                PROVIDE (_Heap_Begin = _end_noinit)
                0x2000bc00                PROVIDE (_Heap_Limit = (__stack - __Main_Stack_Size))

.isr_vector     0x08000000      0x428
 FILL mask 0xff
                0x08000000                __vectors_start = ABSOLUTE (.)
                0x08000000                __vectors_start__ = ABSOLUTE (.)
 *(.isr_vector)
 .isr_vector    0x08000000      0x1e4 ./system/src/cmsis/vectors_stm32f10x.o
                0x08000000                __isr_vectors
 *(.cfmconfig)
 *(.after_vectors .after_vectors.*)
 .after_vectors
                0x080001e4      0x114 ./system/src/newlib/_startup.o
                0x080001e4                _start
 .after_vectors
                0x080002f8      0x12c ./system/src/cortexm/exception_handlers.o
                0x080002f8                Reset_Handler
                0x080002fe                NMI_Handler
                0x08000302                HardFault_Handler
                0x08000316                HardFault_Handler_C
                0x08000374                MemManage_Handler
                0x08000378                BusFault_Handler
                0x0800038c                BusFault_Handler_C
                0x080003c0                UsageFault_Handler
                0x080003d4                UsageFault_Handler_C
                0x08000408                SVC_Handler
                0x0800040c                DebugMon_Handler
                0x08000410                PendSV_Handler
 .after_vectors
                0x08000424        0x4 ./system/src/cmsis/vectors_stm32f10x.o
                0x08000424                EXTI2_IRQHandler
                0x08000424                PVD_IRQHandler
                0x08000424                CAN2_RX1_IRQHandler
                0x08000424                EXTI3_IRQHandler
                0x08000424                TIM8_TRG_COM_TIM14_IRQHandler
                0x08000424                TIM1_UP_TIM10_IRQHandler
                0x08000424                TIM8_UP_TIM13_IRQHandler
                0x08000424                EXTI0_IRQHandler
                0x08000424                CAN1_RX0_IRQHandler
                0x08000424                TIM1_UP_TIM16_IRQHandler
                0x08000424                CAN2_SCE_IRQHandler
                0x08000424                ADC1_2_IRQHandler
                0x08000424                TAMPER_IRQHandler
                0x08000424                TIM6_DAC_IRQHandler
                0x08000424                TIM1_BRK_TIM9_IRQHandler
                0x08000424                CAN2_RX0_IRQHandler
                0x08000424                DMA1_Channel4_IRQHandler
                0x08000424                RTC_IRQHandler
                0x08000424                DMA1_Channel7_IRQHandler
                0x08000424                DMA1_Channel6_IRQHandler
                0x08000424                DMA2_Channel4_IRQHandler
                0x08000424                RCC_IRQHandler
                0x08000424                TIM8_BRK_TIM12_IRQHandler
                0x08000424                DMA1_Channel1_IRQHandler
                0x08000424                Default_Handler
                0x08000424                CEC_IRQHandler
                0x08000424                TIM14_IRQHandler
                0x08000424                TIM13_IRQHandler
                0x08000424                TIM12_IRQHandler
                0x08000424                CAN2_TX_IRQHandler
                0x08000424                ETH_WKUP_IRQHandler
                0x08000424                CAN1_TX_IRQHandler
                0x08000424                DMA2_Channel5_IRQHandler
                0x08000424                DMA1_Channel5_IRQHandler
                0x08000424                EXTI4_IRQHandler
                0x08000424                TIM1_TRG_COM_TIM17_IRQHandler
                0x08000424                DMA1_Channel3_IRQHandler
                0x08000424                ETH_IRQHandler
                0x08000424                WWDG_IRQHandler
                0x08000424                OTG_FS_WKUP_IRQHandler
                0x08000424                TIM1_TRG_COM_TIM11_IRQHandler
                0x08000424                EXTI1_IRQHandler
                0x08000424                DMA1_Channel2_IRQHandler
                0x08000424                FLASH_IRQHandler
                0x08000424                OTG_FS_IRQHandler
                0x08000424                TIM1_BRK_TIM15_IRQHandler

.inits          0x08000428       0x28
                0x08000428                __data_regions_array_start = .
                0x08000428        0x4 LONG 0x8005cf0 LOADADDR (.data)
                0x0800042c        0x4 LONG 0x20000000 ADDR (.data)
                0x08000430        0x4 LONG 0x20000140 (ADDR (.data) + SIZEOF (.data))
                0x08000434        0x4 LONG 0x8005cf0 LOADADDR (.data_CCMRAM)
                0x08000438        0x4 LONG 0x0 ADDR (.data_CCMRAM)
                0x0800043c        0x4 LONG 0x0 (ADDR (.data_CCMRAM) + SIZEOF (.data_CCMRAM))
                0x08000440                __data_regions_array_end = .
                0x08000440                __bss_regions_array_start = .
                0x08000440        0x4 LONG 0x20000140 ADDR (.bss)
                0x08000444        0x4 LONG 0x20002248 (ADDR (.bss) + SIZEOF (.bss))
                0x08000448        0x4 LONG 0x0 ADDR (.bss_CCMRAM)
                0x0800044c        0x4 LONG 0x0 (ADDR (.bss_CCMRAM) + SIZEOF (.bss_CCMRAM))
                0x08000450                __bss_regions_array_end = .
 *(.init)
 *(.fini)
                0x08000450                . = ALIGN (0x4)
                0x08000450                PROVIDE (__preinit_array_start = .)
 *(.preinit_array_sysinit .preinit_array_sysinit.*)
 *(.preinit_array_platform .preinit_array_platform.*)
 *(.preinit_array .preinit_array.*)
                0x08000450                PROVIDE (__preinit_array_end = .)
                0x08000450                . = ALIGN (0x4)
                0x08000450                PROVIDE (__init_array_start = .)
 *(SORT_BY_NAME(.init_array.*))
 *(.init_array)
                0x08000450                PROVIDE (__init_array_end = .)
                0x08000450                . = ALIGN (0x4)
                0x08000450                PROVIDE (__fini_array_start = .)
 *(SORT_BY_NAME(.fini_array.*))
 *(.fini_array)
                0x08000450                PROVIDE (__fini_array_end = .)

.flashtext
 *(.flashtext .flashtext.*)

.text           0x08000450     0x589f
 *(.text .text.*)
 .text.NVIC_PriorityGroupConfig
                0x08000450       0x44 ./system/src/stm32f1-stdperiph/misc.o
                0x08000450                NVIC_PriorityGroupConfig
 .text.NVIC_Init
                0x08000494       0x98 ./system/src/stm32f1-stdperiph/misc.o
                0x08000494                NVIC_Init
 .text.GPIO_Init
                0x0800052c      0x134 ./system/src/stm32f1-stdperiph/stm32f10x_gpio.o
                0x0800052c                GPIO_Init
 .text.GPIO_ReadOutputDataBit
                0x08000660       0xb8 ./system/src/stm32f1-stdperiph/stm32f10x_gpio.o
                0x08000660                GPIO_ReadOutputDataBit
 .text.GPIO_SetBits
                0x08000718       0x60 ./system/src/stm32f1-stdperiph/stm32f10x_gpio.o
                0x08000718                GPIO_SetBits
 .text.GPIO_ResetBits
                0x08000778       0x60 ./system/src/stm32f1-stdperiph/stm32f10x_gpio.o
                0x08000778                GPIO_ResetBits
 .text.GPIO_WriteBit
                0x080007d8       0xc8 ./system/src/stm32f1-stdperiph/stm32f10x_gpio.o
                0x080007d8                GPIO_WriteBit
 .text.RCC_GetClocksFreq
                0x080008a0       0xc4 ./system/src/stm32f1-stdperiph/stm32f10x_rcc.o
                0x080008a0                RCC_GetClocksFreq
 .text.RCC_AHBPeriphClockCmd
                0x08000964       0x4c ./system/src/stm32f1-stdperiph/stm32f10x_rcc.o
                0x08000964                RCC_AHBPeriphClockCmd
 .text.RCC_APB2PeriphClockCmd
                0x080009b0       0x4c ./system/src/stm32f1-stdperiph/stm32f10x_rcc.o
                0x080009b0                RCC_APB2PeriphClockCmd
 .text.RCC_APB1PeriphClockCmd
                0x080009fc       0x4c ./system/src/stm32f1-stdperiph/stm32f10x_rcc.o
                0x080009fc                RCC_APB1PeriphClockCmd
 .text.SPI_Init
                0x08000a48      0x148 ./system/src/stm32f1-stdperiph/stm32f10x_spi.o
                0x08000a48                SPI_Init
 .text.SPI_Cmd  0x08000b90       0x58 ./system/src/stm32f1-stdperiph/stm32f10x_spi.o
                0x08000b90                SPI_Cmd
 .text.SPI_I2S_SendData
                0x08000be8       0x34 ./system/src/stm32f1-stdperiph/stm32f10x_spi.o
                0x08000be8                SPI_I2S_SendData
 .text.SPI_I2S_ReceiveData
                0x08000c1c       0x30 ./system/src/stm32f1-stdperiph/stm32f10x_spi.o
                0x08000c1c                SPI_I2S_ReceiveData
 .text.SPI_I2S_GetFlagStatus
                0x08000c4c       0x68 ./system/src/stm32f1-stdperiph/stm32f10x_spi.o
                0x08000c4c                SPI_I2S_GetFlagStatus
 .text.TIM_TimeBaseInit
                0x08000cb4      0x160 ./system/src/stm32f1-stdperiph/stm32f10x_tim.o
                0x08000cb4                TIM_TimeBaseInit
 .text.TIM_Cmd  0x08000e14       0xc8 ./system/src/stm32f1-stdperiph/stm32f10x_tim.o
                0x08000e14                TIM_Cmd
 .text.TIM_ITConfig
                0x08000edc       0xd4 ./system/src/stm32f1-stdperiph/stm32f10x_tim.o
                0x08000edc                TIM_ITConfig
 .text.TIM_GetITStatus
                0x08000fb0       0xe0 ./system/src/stm32f1-stdperiph/stm32f10x_tim.o
                0x08000fb0                TIM_GetITStatus
 .text.TIM_ClearITPendingBit
                0x08001090       0xb8 ./system/src/stm32f1-stdperiph/stm32f10x_tim.o
                0x08001090                TIM_ClearITPendingBit
 .text.USART_Init
                0x08001148      0x1b8 ./system/src/stm32f1-stdperiph/stm32f10x_usart.o
                0x08001148                USART_Init
 .text.USART_Cmd
                0x08001300       0x68 ./system/src/stm32f1-stdperiph/stm32f10x_usart.o
                0x08001300                USART_Cmd
 .text.USART_SendData
                0x08001368       0x58 ./system/src/stm32f1-stdperiph/stm32f10x_usart.o
                0x08001368                USART_SendData
 .text.USART_GetFlagStatus
                0x080013c0       0xac ./system/src/stm32f1-stdperiph/stm32f10x_usart.o
                0x080013c0                USART_GetFlagStatus
 .text._exit    0x0800146c        0x2 ./system/src/newlib/_exit.o
                0x0800146c                _exit
 *fill*         0x0800146e        0x2 
 .text.abort    0x08001470       0x14 ./system/src/newlib/_exit.o
                0x08001470                abort
 .text._sbrk    0x08001484       0x44 ./system/src/newlib/_sbrk.o
                0x08001484                _sbrk
 .text.__initialize_args
                0x080014c8       0x10 ./system/src/newlib/_syscalls.o
                0x080014c8                __initialize_args
 .text.assert_failed
                0x080014d8       0x14 ./system/src/newlib/assert.o
                0x080014d8                assert_failed
 .text.trace_printf
                0x080014ec       0x34 ./system/src/diag/Trace.o
                0x080014ec                trace_printf
 .text.trace_puts
                0x08001520       0x20 ./system/src/diag/Trace.o
                0x08001520                trace_puts
 .text._trace_write_semihosting_debug
                0x08001540       0x60 ./system/src/diag/trace_impl.o
 .text.trace_write
                0x080015a0        0x8 ./system/src/diag/trace_impl.o
                0x080015a0                trace_write
 .text.__initialize_hardware_early
                0x080015a8       0x18 ./system/src/cortexm/_initialize_hardware.o
                0x080015a8                __initialize_hardware_early
 .text.__initialize_hardware
                0x080015c0        0x8 ./system/src/cortexm/_initialize_hardware.o
                0x080015c0                __initialize_hardware
 .text.dumpExceptionStack
                0x080015c8       0xf4 ./system/src/cortexm/exception_handlers.o
                0x080015c8                dumpExceptionStack
 .text.isSemihosting
                0x080016bc       0x20 ./system/src/cortexm/exception_handlers.o
                0x080016bc                isSemihosting
 .text.SetSysClockTo72
                0x080016dc       0xc4 ./system/src/cmsis/system_stm32f10x.o
 .text.SetSysClock
                0x080017a0        0x8 ./system/src/cmsis/system_stm32f10x.o
 .text.SystemInit
                0x080017a8       0x50 ./system/src/cmsis/system_stm32f10x.o
                0x080017a8                SystemInit
 .text.SystemCoreClockUpdate
                0x080017f8       0x9c ./system/src/cmsis/system_stm32f10x.o
                0x080017f8                SystemCoreClockUpdate
 .text.GPIO_Configuration
                0x08001894       0xd4 ./src/PlatformHandler/gpioHandler.o
                0x08001894                GPIO_Configuration
 .text.NVIC_Configuration
                0x08001968       0x30 ./src/PlatformHandler/nvicHandler.o
                0x08001968                NVIC_Configuration
 .text.RCC_Configuration
                0x08001998       0x22 ./src/PlatformHandler/rccHandler.o
                0x08001998                RCC_Configuration
 *fill*         0x080019ba        0x2 
 .text.SPI_Configuration
                0x080019bc       0x54 ./src/PlatformHandler/spiHandler.o
                0x080019bc                SPI_Configuration
 .text.Timer_Configuration
                0x08001a10       0x58 ./src/PlatformHandler/timerHandler.o
                0x08001a10                Timer_Configuration
 .text.Timer2_ISR
                0x08001a68       0xe4 ./src/PlatformHandler/timerHandler.o
                0x08001a68                Timer2_ISR
 .text.setDevtime
                0x08001b4c        0xc ./src/PlatformHandler/timerHandler.o
                0x08001b4c                setDevtime
 .text.millis   0x08001b58        0xc ./src/PlatformHandler/timerHandler.o
                0x08001b58                millis
 .text.USART_Configuration
                0x08001b64       0x3c ./src/PlatformHandler/uartHandler.o
                0x08001b64                USART_Configuration
 .text.blink_led_init
                0x08001ba0       0x3c ./src/BlinkLed.o
                0x08001ba0                blink_led_init
 .text.timer_start
                0x08001bdc       0x3c ./src/Timer.o
                0x08001bdc                timer_start
 .text.timer_tick
                0x08001c18       0x14 ./src/Timer.o
                0x08001c18                timer_tick
 .text.SysTick_Handler
                0x08001c2c        0x8 ./src/Timer.o
                0x08001c2c                SysTick_Handler
 .text.W6100Initialze
                0x08001c34       0x6c ./src/W6100RelFunctions.o
                0x08001c34                W6100Initialze
 .text.spiReadByte
                0x08001ca0       0x30 ./src/W6100RelFunctions.o
                0x08001ca0                spiReadByte
 .text.spiWriteByte
                0x08001cd0       0x30 ./src/W6100RelFunctions.o
                0x08001cd0                spiWriteByte
 .text.csEnable
                0x08001d00       0x10 ./src/W6100RelFunctions.o
                0x08001d00                csEnable
 .text.csDisable
                0x08001d10       0x10 ./src/W6100RelFunctions.o
                0x08001d10                csDisable
 .text.resetAssert
                0x08001d20       0x14 ./src/W6100RelFunctions.o
                0x08001d20                resetAssert
 .text.resetDeassert
                0x08001d34       0x14 ./src/W6100RelFunctions.o
                0x08001d34                resetDeassert
 .text.delay    0x08001d48       0x14 ./src/main.o
                0x08001d48                delay
 .text.print_network_information
                0x08001d5c      0x2e0 ./src/main.o
                0x08001d5c                print_network_information
 .text.main     0x0800203c      0x168 ./src/main.o
                0x0800203c                main
 .text.UartPutc
                0x080021a4       0x1a ./src/retarget.o
                0x080021a4                UartPutc
 *fill*         0x080021be        0x2 
 .text._write   0x080021c0       0x24 ./src/retarget.o
                0x080021c0                _write
 .text.USB_HP_CAN1_TX_IRQHandler
                0x080021e4        0x2 ./src/stm32f10x_it.o
                0x080021e4                USB_HP_CAN1_TX_IRQHandler
 .text.USB_LP_CAN1_RX0_IRQHandler
                0x080021e6        0x2 ./src/stm32f10x_it.o
                0x080021e6                USB_LP_CAN1_RX0_IRQHandler
 .text.CAN1_RX1_IRQHandler
                0x080021e8        0x2 ./src/stm32f10x_it.o
                0x080021e8                CAN1_RX1_IRQHandler
 .text.CAN1_SCE_IRQHandler
                0x080021ea        0x2 ./src/stm32f10x_it.o
                0x080021ea                CAN1_SCE_IRQHandler
 .text.EXTI9_5_IRQHandler
                0x080021ec        0x2 ./src/stm32f10x_it.o
                0x080021ec                EXTI9_5_IRQHandler
 .text.TIM1_BRK_IRQHandler
                0x080021ee        0x2 ./src/stm32f10x_it.o
                0x080021ee                TIM1_BRK_IRQHandler
 .text.TIM1_UP_IRQHandler
                0x080021f0        0x2 ./src/stm32f10x_it.o
                0x080021f0                TIM1_UP_IRQHandler
 .text.TIM1_TRG_COM_IRQHandler
                0x080021f2        0x2 ./src/stm32f10x_it.o
                0x080021f2                TIM1_TRG_COM_IRQHandler
 .text.TIM1_CC_IRQHandler
                0x080021f4        0x2 ./src/stm32f10x_it.o
                0x080021f4                TIM1_CC_IRQHandler
 .text.TIM2_IRQHandler
                0x080021f6       0x22 ./src/stm32f10x_it.o
                0x080021f6                TIM2_IRQHandler
 .text.TIM3_IRQHandler
                0x08002218        0x2 ./src/stm32f10x_it.o
                0x08002218                TIM3_IRQHandler
 .text.TIM4_IRQHandler
                0x0800221a        0x2 ./src/stm32f10x_it.o
                0x0800221a                TIM4_IRQHandler
 .text.I2C1_EV_IRQHandler
                0x0800221c        0x2 ./src/stm32f10x_it.o
                0x0800221c                I2C1_EV_IRQHandler
 .text.I2C1_ER_IRQHandler
                0x0800221e        0x2 ./src/stm32f10x_it.o
                0x0800221e                I2C1_ER_IRQHandler
 .text.I2C2_EV_IRQHandler
                0x08002220        0x2 ./src/stm32f10x_it.o
                0x08002220                I2C2_EV_IRQHandler
 .text.I2C2_ER_IRQHandler
                0x08002222        0x2 ./src/stm32f10x_it.o
                0x08002222                I2C2_ER_IRQHandler
 .text.SPI1_IRQHandler
                0x08002224        0x2 ./src/stm32f10x_it.o
                0x08002224                SPI1_IRQHandler
 .text.SPI2_IRQHandler
                0x08002226        0x2 ./src/stm32f10x_it.o
                0x08002226                SPI2_IRQHandler
 .text.USART1_IRQHandler
                0x08002228        0x2 ./src/stm32f10x_it.o
                0x08002228                USART1_IRQHandler
 .text.USART2_IRQHandler
                0x0800222a        0x2 ./src/stm32f10x_it.o
                0x0800222a                USART2_IRQHandler
 .text.USART3_IRQHandler
                0x0800222c        0x2 ./src/stm32f10x_it.o
                0x0800222c                USART3_IRQHandler
 .text.EXTI15_10_IRQHandler
                0x0800222e        0x2 ./src/stm32f10x_it.o
                0x0800222e                EXTI15_10_IRQHandler
 .text.RTCAlarm_IRQHandler
                0x08002230        0x2 ./src/stm32f10x_it.o
                0x08002230                RTCAlarm_IRQHandler
 .text.USBWakeUp_IRQHandler
                0x08002232        0x2 ./src/stm32f10x_it.o
                0x08002232                USBWakeUp_IRQHandler
 .text.TIM8_BRK_IRQHandler
                0x08002234        0x2 ./src/stm32f10x_it.o
                0x08002234                TIM8_BRK_IRQHandler
 .text.TIM8_UP_IRQHandler
                0x08002236        0x2 ./src/stm32f10x_it.o
                0x08002236                TIM8_UP_IRQHandler
 .text.TIM8_TRG_COM_IRQHandler
                0x08002238        0x2 ./src/stm32f10x_it.o
                0x08002238                TIM8_TRG_COM_IRQHandler
 .text.TIM8_CC_IRQHandler
                0x0800223a        0x2 ./src/stm32f10x_it.o
                0x0800223a                TIM8_CC_IRQHandler
 .text.ADC3_IRQHandler
                0x0800223c        0x2 ./src/stm32f10x_it.o
                0x0800223c                ADC3_IRQHandler
 .text.FSMC_IRQHandler
                0x0800223e        0x2 ./src/stm32f10x_it.o
                0x0800223e                FSMC_IRQHandler
 .text.SDIO_IRQHandler
                0x08002240        0x2 ./src/stm32f10x_it.o
                0x08002240                SDIO_IRQHandler
 .text.TIM5_IRQHandler
                0x08002242        0x2 ./src/stm32f10x_it.o
                0x08002242                TIM5_IRQHandler
 .text.SPI3_IRQHandler
                0x08002244        0x2 ./src/stm32f10x_it.o
                0x08002244                SPI3_IRQHandler
 .text.UART4_IRQHandler
                0x08002246        0x2 ./src/stm32f10x_it.o
                0x08002246                UART4_IRQHandler
 .text.UART5_IRQHandler
                0x08002248        0x2 ./src/stm32f10x_it.o
                0x08002248                UART5_IRQHandler
 .text.TIM6_IRQHandler
                0x0800224a        0x2 ./src/stm32f10x_it.o
                0x0800224a                TIM6_IRQHandler
 .text.TIM7_IRQHandler
                0x0800224c        0x2 ./src/stm32f10x_it.o
                0x0800224c                TIM7_IRQHandler
 .text.DMA2_Channel1_IRQHandler
                0x0800224e        0x2 ./src/stm32f10x_it.o
                0x0800224e                DMA2_Channel1_IRQHandler
 .text.DMA2_Channel2_IRQHandler
                0x08002250        0x2 ./src/stm32f10x_it.o
                0x08002250                DMA2_Channel2_IRQHandler
 .text.DMA2_Channel3_IRQHandler
                0x08002252        0x2 ./src/stm32f10x_it.o
                0x08002252                DMA2_Channel3_IRQHandler
 .text.DMA2_Channel4_5_IRQHandler
                0x08002254        0x2 ./src/stm32f10x_it.o
                0x08002254                DMA2_Channel4_5_IRQHandler
 *fill*         0x08002256        0x2 
 .text.WIZCHIP_WRITE
                0x08002258       0x4c ./io6Library/Ethernet/W6100/w6100.o
                0x08002258                WIZCHIP_WRITE
 .text.WIZCHIP_READ
                0x080022a4       0x44 ./io6Library/Ethernet/W6100/w6100.o
                0x080022a4                WIZCHIP_READ
 .text.WIZCHIP_WRITE_BUF
                0x080022e8       0x54 ./io6Library/Ethernet/W6100/w6100.o
                0x080022e8                WIZCHIP_WRITE_BUF
 .text.WIZCHIP_READ_BUF
                0x0800233c       0x48 ./io6Library/Ethernet/W6100/w6100.o
                0x0800233c                WIZCHIP_READ_BUF
 .text.getSn_TX_FSR
                0x08002384       0x32 ./io6Library/Ethernet/W6100/w6100.o
                0x08002384                getSn_TX_FSR
 .text.getSn_RX_RSR
                0x080023b6       0x32 ./io6Library/Ethernet/W6100/w6100.o
                0x080023b6                getSn_RX_RSR
 .text.wiz_send_data
                0x080023e8       0x58 ./io6Library/Ethernet/W6100/w6100.o
                0x080023e8                wiz_send_data
 .text.wiz_recv_data
                0x08002440       0x5c ./io6Library/Ethernet/W6100/w6100.o
                0x08002440                wiz_recv_data
 .text.close    0x0800249c       0x78 ./io6Library/Ethernet/socket.o
                0x0800249c                close
 .text.socket   0x08002514      0x224 ./io6Library/Ethernet/socket.o
                0x08002514                socket
 .text.listen   0x08002738       0x58 ./io6Library/Ethernet/socket.o
                0x08002738                listen
 .text.connect  0x08002790      0x140 ./io6Library/Ethernet/socket.o
                0x08002790                connect
 .text.disconnect
                0x080028d0       0x88 ./io6Library/Ethernet/socket.o
                0x080028d0                disconnect
 .text.send     0x08002958      0x104 ./io6Library/Ethernet/socket.o
                0x08002958                send
 .text.recv     0x08002a5c       0x90 ./io6Library/Ethernet/socket.o
                0x08002a5c                recv
 .text.sendto   0x08002aec      0x14c ./io6Library/Ethernet/socket.o
                0x08002aec                sendto
 .text.recvfrom
                0x08002c38      0x1d0 ./io6Library/Ethernet/socket.o
                0x08002c38                recvfrom
 .text.ctlsocket
                0x08002e08      0x138 ./io6Library/Ethernet/socket.o
                0x08002e08                ctlsocket
 .text.getsockopt
                0x08002f40      0x244 ./io6Library/Ethernet/socket.o
                0x08002f40                getsockopt
 .text.wizchip_cris_enter
                0x08003184        0x2 ./io6Library/Ethernet/wizchip_conf.o
                0x08003184                wizchip_cris_enter
 .text.wizchip_cris_exit
                0x08003186        0x2 ./io6Library/Ethernet/wizchip_conf.o
                0x08003186                wizchip_cris_exit
 .text.wizchip_cs_select
                0x08003188        0x2 ./io6Library/Ethernet/wizchip_conf.o
                0x08003188                wizchip_cs_select
 .text.wizchip_cs_deselect
                0x0800318a        0x2 ./io6Library/Ethernet/wizchip_conf.o
                0x0800318a                wizchip_cs_deselect
 .text.wizchip_spi_read
                0x0800318c        0x4 ./io6Library/Ethernet/wizchip_conf.o
                0x0800318c                wizchip_spi_read
 .text.wizchip_spi_write
                0x08003190        0x2 ./io6Library/Ethernet/wizchip_conf.o
                0x08003190                wizchip_spi_write
 *fill*         0x08003192        0x2 
 .text.wizchip_spi_read_buf
                0x08003194       0x24 ./io6Library/Ethernet/wizchip_conf.o
                0x08003194                wizchip_spi_read_buf
 .text.wizchip_spi_write_buf
                0x080031b8       0x24 ./io6Library/Ethernet/wizchip_conf.o
                0x080031b8                wizchip_spi_write_buf
 .text.reg_wizchip_cs_cbfunc
                0x080031dc       0x2c ./io6Library/Ethernet/wizchip_conf.o
                0x080031dc                reg_wizchip_cs_cbfunc
 .text.reg_wizchip_spi_cbfunc
                0x08003208       0x5c ./io6Library/Ethernet/wizchip_conf.o
                0x08003208                reg_wizchip_spi_cbfunc
 .text.wizchip_sw_reset
                0x08003264      0x138 ./io6Library/Ethernet/wizchip_conf.o
                0x08003264                wizchip_sw_reset
 .text.wizchip_init
                0x0800339c       0x8a ./io6Library/Ethernet/wizchip_conf.o
                0x0800339c                wizchip_init
 *fill*         0x08003426        0x2 
 .text.wizchip_clrinterrupt
                0x08003428       0x48 ./io6Library/Ethernet/wizchip_conf.o
                0x08003428                wizchip_clrinterrupt
 .text.wizchip_getinterrupt
                0x08003470       0x28 ./io6Library/Ethernet/wizchip_conf.o
                0x08003470                wizchip_getinterrupt
 .text.wizchip_setinterruptmask
                0x08003498       0x30 ./io6Library/Ethernet/wizchip_conf.o
                0x08003498                wizchip_setinterruptmask
 .text.wizchip_getinterruptmask
                0x080034c8       0x2c ./io6Library/Ethernet/wizchip_conf.o
                0x080034c8                wizchip_getinterruptmask
 .text.wizphy_getphylink
                0x080034f4       0x10 ./io6Library/Ethernet/wizchip_conf.o
                0x080034f4                wizphy_getphylink
 .text.wizphy_reset
                0x08003504       0x34 ./io6Library/Ethernet/wizchip_conf.o
                0x08003504                wizphy_reset
 .text.wizphy_setphyconf
                0x08003538       0x60 ./io6Library/Ethernet/wizchip_conf.o
                0x08003538                wizphy_setphyconf
 .text.wizphy_getphyconf
                0x08003598       0x4c ./io6Library/Ethernet/wizchip_conf.o
                0x08003598                wizphy_getphyconf
 .text.wizphy_getphystatus
                0x080035e4       0x4c ./io6Library/Ethernet/wizchip_conf.o
                0x080035e4                wizphy_getphystatus
 .text.wizphy_setphypmode
                0x08003630       0x28 ./io6Library/Ethernet/wizchip_conf.o
                0x08003630                wizphy_setphypmode
 .text.wizphy_getphypmode
                0x08003658       0x1c ./io6Library/Ethernet/wizchip_conf.o
                0x08003658                wizphy_getphypmode
 .text.ctlwizchip
                0x08003674      0x254 ./io6Library/Ethernet/wizchip_conf.o
                0x08003674                ctlwizchip
 .text.wizchip_setnetinfo
                0x080038c8       0xc4 ./io6Library/Ethernet/wizchip_conf.o
                0x080038c8                wizchip_setnetinfo
 .text.wizchip_getnetinfo
                0x0800398c       0xc4 ./io6Library/Ethernet/wizchip_conf.o
                0x0800398c                wizchip_getnetinfo
 .text.wizchip_setnetmode
                0x08003a50       0x38 ./io6Library/Ethernet/wizchip_conf.o
                0x08003a50                wizchip_setnetmode
 .text.wizchip_getnetmode
                0x08003a88       0x30 ./io6Library/Ethernet/wizchip_conf.o
                0x08003a88                wizchip_getnetmode
 .text.wizchip_settimeout
                0x08003ab8       0x50 ./io6Library/Ethernet/wizchip_conf.o
                0x08003ab8                wizchip_settimeout
 .text.wizchip_gettimeout
                0x08003b08       0x5c ./io6Library/Ethernet/wizchip_conf.o
                0x08003b08                wizchip_gettimeout
 .text.ctlnetwork
                0x08003b64       0x74 ./io6Library/Ethernet/wizchip_conf.o
                0x08003b64                ctlnetwork
 .text.loopback_tcps
                0x08003bd8      0x33c ./io6Library/Application/loopback/loopback.o
                0x08003bd8                loopback_tcps
 .text.loopback_tcpc
                0x08003f14      0x2fc ./io6Library/Application/loopback/loopback.o
                0x08003f14                loopback_tcpc
 .text.loopback_udps
                0x08004210      0x11c ./io6Library/Application/loopback/loopback.o
                0x08004210                loopback_udps
 .text.__errno  0x0800432c        0xc c:/program files (x86)/gnu tools arm embedded/8 2018-q4-major/bin/../lib/gcc/arm-none-eabi/8.2.1/../../../../arm-none-eabi/lib/thumb/v7-m/nofp\libg_nano.a(lib_a-errno.o)
                0x0800432c                __errno
 .text.memcpy   0x08004338       0x1c c:/program files (x86)/gnu tools arm embedded/8 2018-q4-major/bin/../lib/gcc/arm-none-eabi/8.2.1/../../../../arm-none-eabi/lib/thumb/v7-m/nofp\libg_nano.a(lib_a-memcpy-stub.o)
                0x08004338                memcpy
 .text.memset   0x08004354       0x10 c:/program files (x86)/gnu tools arm embedded/8 2018-q4-major/bin/../lib/gcc/arm-none-eabi/8.2.1/../../../../arm-none-eabi/lib/thumb/v7-m/nofp\libg_nano.a(lib_a-memset.o)
                0x08004354                memset
 .text.printf   0x08004364       0x30 c:/program files (x86)/gnu tools arm embedded/8 2018-q4-major/bin/../lib/gcc/arm-none-eabi/8.2.1/../../../../arm-none-eabi/lib/thumb/v7-m/nofp\libg_nano.a(lib_a-printf.o)
                0x08004364                iprintf
                0x08004364                printf
 .text          0x08004394       0x10 c:/program files (x86)/gnu tools arm embedded/8 2018-q4-major/bin/../lib/gcc/arm-none-eabi/8.2.1/../../../../arm-none-eabi/lib/thumb/v7-m/nofp\libg_nano.a(lib_a-strlen.o)
                0x08004394                strlen
 .text._vsnprintf_r
                0x080043a4       0x58 c:/program files (x86)/gnu tools arm embedded/8 2018-q4-major/bin/../lib/gcc/arm-none-eabi/8.2.1/../../../../arm-none-eabi/lib/thumb/v7-m/nofp\libg_nano.a(lib_a-vsnprintf.o)
                0x080043a4                _vsniprintf_r
                0x080043a4                _vsnprintf_r
 .text.vsnprintf
                0x080043fc       0x1c c:/program files (x86)/gnu tools arm embedded/8 2018-q4-major/bin/../lib/gcc/arm-none-eabi/8.2.1/../../../../arm-none-eabi/lib/thumb/v7-m/nofp\libg_nano.a(lib_a-vsnprintf.o)
                0x080043fc                vsniprintf
                0x080043fc                vsnprintf
 .text.std      0x08004418       0x48 c:/program files (x86)/gnu tools arm embedded/8 2018-q4-major/bin/../lib/gcc/arm-none-eabi/8.2.1/../../../../arm-none-eabi/lib/thumb/v7-m/nofp\libg_nano.a(lib_a-findfp.o)
 .text._cleanup_r
                0x08004460        0xc c:/program files (x86)/gnu tools arm embedded/8 2018-q4-major/bin/../lib/gcc/arm-none-eabi/8.2.1/../../../../arm-none-eabi/lib/thumb/v7-m/nofp\libg_nano.a(lib_a-findfp.o)
                0x08004460                _cleanup_r
 .text.__sfmoreglue
                0x0800446c       0x2c c:/program files (x86)/gnu tools arm embedded/8 2018-q4-major/bin/../lib/gcc/arm-none-eabi/8.2.1/../../../../arm-none-eabi/lib/thumb/v7-m/nofp\libg_nano.a(lib_a-findfp.o)
                0x0800446c                __sfmoreglue
 .text.__sfp_lock_acquire
                0x08004498        0xc c:/program files (x86)/gnu tools arm embedded/8 2018-q4-major/bin/../lib/gcc/arm-none-eabi/8.2.1/../../../../arm-none-eabi/lib/thumb/v7-m/nofp\libg_nano.a(lib_a-findfp.o)
                0x08004498                __sfp_lock_acquire
 .text.__sfp_lock_release
                0x080044a4        0xc c:/program files (x86)/gnu tools arm embedded/8 2018-q4-major/bin/../lib/gcc/arm-none-eabi/8.2.1/../../../../arm-none-eabi/lib/thumb/v7-m/nofp\libg_nano.a(lib_a-findfp.o)
                0x080044a4                __sfp_lock_release
 .text.__sinit_lock_acquire
                0x080044b0        0xc c:/program files (x86)/gnu tools arm embedded/8 2018-q4-major/bin/../lib/gcc/arm-none-eabi/8.2.1/../../../../arm-none-eabi/lib/thumb/v7-m/nofp\libg_nano.a(lib_a-findfp.o)
                0x080044b0                __sinit_lock_acquire
 .text.__sinit_lock_release
                0x080044bc        0xc c:/program files (x86)/gnu tools arm embedded/8 2018-q4-major/bin/../lib/gcc/arm-none-eabi/8.2.1/../../../../arm-none-eabi/lib/thumb/v7-m/nofp\libg_nano.a(lib_a-findfp.o)
                0x080044bc                __sinit_lock_release
 .text.__sinit  0x080044c8       0x70 c:/program files (x86)/gnu tools arm embedded/8 2018-q4-major/bin/../lib/gcc/arm-none-eabi/8.2.1/../../../../arm-none-eabi/lib/thumb/v7-m/nofp\libg_nano.a(lib_a-findfp.o)
                0x080044c8                __sinit
 .text.__sfp    0x08004538       0x8c c:/program files (x86)/gnu tools arm embedded/8 2018-q4-major/bin/../lib/gcc/arm-none-eabi/8.2.1/../../../../arm-none-eabi/lib/thumb/v7-m/nofp\libg_nano.a(lib_a-findfp.o)
                0x08004538                __sfp
 .text._fwalk_reent
                0x080045c4       0x3c c:/program files (x86)/gnu tools arm embedded/8 2018-q4-major/bin/../lib/gcc/arm-none-eabi/8.2.1/../../../../arm-none-eabi/lib/thumb/v7-m/nofp\libg_nano.a(lib_a-fwalk.o)
                0x080045c4                _fwalk_reent
 .text.__retarget_lock_init_recursive
                0x08004600        0x2 c:/program files (x86)/gnu tools arm embedded/8 2018-q4-major/bin/../lib/gcc/arm-none-eabi/8.2.1/../../../../arm-none-eabi/lib/thumb/v7-m/nofp\libg_nano.a(lib_a-lock.o)
                0x08004600                __retarget_lock_init_recursive
 .text.__retarget_lock_acquire_recursive
                0x08004602        0x2 c:/program files (x86)/gnu tools arm embedded/8 2018-q4-major/bin/../lib/gcc/arm-none-eabi/8.2.1/../../../../arm-none-eabi/lib/thumb/v7-m/nofp\libg_nano.a(lib_a-lock.o)
                0x08004602                __retarget_lock_acquire_recursive
 .text.__retarget_lock_release_recursive
                0x08004604        0x2 c:/program files (x86)/gnu tools arm embedded/8 2018-q4-major/bin/../lib/gcc/arm-none-eabi/8.2.1/../../../../arm-none-eabi/lib/thumb/v7-m/nofp\libg_nano.a(lib_a-lock.o)
                0x08004604                __retarget_lock_release_recursive
 *fill*         0x08004606        0x2 
 .text._malloc_r
                0x08004608       0xb4 c:/program files (x86)/gnu tools arm embedded/8 2018-q4-major/bin/../lib/gcc/arm-none-eabi/8.2.1/../../../../arm-none-eabi/lib/thumb/v7-m/nofp\libg_nano.a(lib_a-nano-mallocr.o)
                0x08004608                _malloc_r
 .text.__ssputs_r
                0x080046bc       0xb6 c:/program files (x86)/gnu tools arm embedded/8 2018-q4-major/bin/../lib/gcc/arm-none-eabi/8.2.1/../../../../arm-none-eabi/lib/thumb/v7-m/nofp\libg_nano.a(lib_a-nano-svfprintf.o)
                0x080046bc                __ssputs_r
 *fill*         0x08004772        0x2 
 .text._svfprintf_r
                0x08004774      0x1f0 c:/program files (x86)/gnu tools arm embedded/8 2018-q4-major/bin/../lib/gcc/arm-none-eabi/8.2.1/../../../../arm-none-eabi/lib/thumb/v7-m/nofp\libg_nano.a(lib_a-nano-svfprintf.o)
                0x08004774                _svfiprintf_r
                0x08004774                _svfprintf_r
 .text.__sfputc_r
                0x08004964       0x2a c:/program files (x86)/gnu tools arm embedded/8 2018-q4-major/bin/../lib/gcc/arm-none-eabi/8.2.1/../../../../arm-none-eabi/lib/thumb/v7-m/nofp\libg_nano.a(lib_a-nano-vfprintf.o)
 .text.__sfputs_r
                0x0800498e       0x24 c:/program files (x86)/gnu tools arm embedded/8 2018-q4-major/bin/../lib/gcc/arm-none-eabi/8.2.1/../../../../arm-none-eabi/lib/thumb/v7-m/nofp\libg_nano.a(lib_a-nano-vfprintf.o)
                0x0800498e                __sfputs_r
 *fill*         0x080049b2        0x2 
 .text._vfprintf_r
                0x080049b4      0x250 c:/program files (x86)/gnu tools arm embedded/8 2018-q4-major/bin/../lib/gcc/arm-none-eabi/8.2.1/../../../../arm-none-eabi/lib/thumb/v7-m/nofp\libg_nano.a(lib_a-nano-vfprintf.o)
                0x080049b4                _vfprintf_r
                0x080049b4                _vfiprintf_r
 .text._printf_common
                0x08004c04       0xec c:/program files (x86)/gnu tools arm embedded/8 2018-q4-major/bin/../lib/gcc/arm-none-eabi/8.2.1/../../../../arm-none-eabi/lib/thumb/v7-m/nofp\libg_nano.a(lib_a-nano-vfprintf_i.o)
                0x08004c04                _printf_common
 .text._printf_i
                0x08004cf0      0x22c c:/program files (x86)/gnu tools arm embedded/8 2018-q4-major/bin/../lib/gcc/arm-none-eabi/8.2.1/../../../../arm-none-eabi/lib/thumb/v7-m/nofp\libg_nano.a(lib_a-nano-vfprintf_i.o)
                0x08004cf0                _printf_i
 .text._sbrk_r  0x08004f1c       0x20 c:/program files (x86)/gnu tools arm embedded/8 2018-q4-major/bin/../lib/gcc/arm-none-eabi/8.2.1/../../../../arm-none-eabi/lib/thumb/v7-m/nofp\libg_nano.a(lib_a-sbrkr.o)
                0x08004f1c                _sbrk_r
 .text.__sread  0x08004f3c       0x22 c:/program files (x86)/gnu tools arm embedded/8 2018-q4-major/bin/../lib/gcc/arm-none-eabi/8.2.1/../../../../arm-none-eabi/lib/thumb/v7-m/nofp\libg_nano.a(lib_a-stdio.o)
                0x08004f3c                __sread
 .text.__swrite
                0x08004f5e       0x38 c:/program files (x86)/gnu tools arm embedded/8 2018-q4-major/bin/../lib/gcc/arm-none-eabi/8.2.1/../../../../arm-none-eabi/lib/thumb/v7-m/nofp\libg_nano.a(lib_a-stdio.o)
                0x08004f5e                __swrite
 .text.__sseek  0x08004f96       0x24 c:/program files (x86)/gnu tools arm embedded/8 2018-q4-major/bin/../lib/gcc/arm-none-eabi/8.2.1/../../../../arm-none-eabi/lib/thumb/v7-m/nofp\libg_nano.a(lib_a-stdio.o)
                0x08004f96                __sseek
 .text.__sclose
                0x08004fba        0x8 c:/program files (x86)/gnu tools arm embedded/8 2018-q4-major/bin/../lib/gcc/arm-none-eabi/8.2.1/../../../../arm-none-eabi/lib/thumb/v7-m/nofp\libg_nano.a(lib_a-stdio.o)
                0x08004fba                __sclose
 *fill*         0x08004fc2        0x2 
 .text.__swbuf_r
                0x08004fc4       0xa4 c:/program files (x86)/gnu tools arm embedded/8 2018-q4-major/bin/../lib/gcc/arm-none-eabi/8.2.1/../../../../arm-none-eabi/lib/thumb/v7-m/nofp\libg_nano.a(lib_a-wbuf.o)
                0x08004fc4                __swbuf_r
 .text._write_r
                0x08005068       0x24 c:/program files (x86)/gnu tools arm embedded/8 2018-q4-major/bin/../lib/gcc/arm-none-eabi/8.2.1/../../../../arm-none-eabi/lib/thumb/v7-m/nofp\libg_nano.a(lib_a-writer.o)
                0x08005068                _write_r
 .text.__swsetup_r
                0x0800508c       0xdc c:/program files (x86)/gnu tools arm embedded/8 2018-q4-major/bin/../lib/gcc/arm-none-eabi/8.2.1/../../../../arm-none-eabi/lib/thumb/v7-m/nofp\libg_nano.a(lib_a-wsetup.o)
                0x0800508c                __swsetup_r
 .text._close_r
                0x08005168       0x20 c:/program files (x86)/gnu tools arm embedded/8 2018-q4-major/bin/../lib/gcc/arm-none-eabi/8.2.1/../../../../arm-none-eabi/lib/thumb/v7-m/nofp\libg_nano.a(lib_a-closer.o)
                0x08005168                _close_r
 .text.__sflush_r
                0x08005188      0x10c c:/program files (x86)/gnu tools arm embedded/8 2018-q4-major/bin/../lib/gcc/arm-none-eabi/8.2.1/../../../../arm-none-eabi/lib/thumb/v7-m/nofp\libg_nano.a(lib_a-fflush.o)
                0x08005188                __sflush_r
 .text._fflush_r
                0x08005294       0x78 c:/program files (x86)/gnu tools arm embedded/8 2018-q4-major/bin/../lib/gcc/arm-none-eabi/8.2.1/../../../../arm-none-eabi/lib/thumb/v7-m/nofp\libg_nano.a(lib_a-fflush.o)
                0x08005294                _fflush_r
 .text._lseek_r
                0x0800530c       0x24 c:/program files (x86)/gnu tools arm embedded/8 2018-q4-major/bin/../lib/gcc/arm-none-eabi/8.2.1/../../../../arm-none-eabi/lib/thumb/v7-m/nofp\libg_nano.a(lib_a-lseekr.o)
                0x0800530c                _lseek_r
 .text.__swhatbuf_r
                0x08005330       0x48 c:/program files (x86)/gnu tools arm embedded/8 2018-q4-major/bin/../lib/gcc/arm-none-eabi/8.2.1/../../../../arm-none-eabi/lib/thumb/v7-m/nofp\libg_nano.a(lib_a-makebuf.o)
                0x08005330                __swhatbuf_r
 .text.__smakebuf_r
                0x08005378       0x80 c:/program files (x86)/gnu tools arm embedded/8 2018-q4-major/bin/../lib/gcc/arm-none-eabi/8.2.1/../../../../arm-none-eabi/lib/thumb/v7-m/nofp\libg_nano.a(lib_a-makebuf.o)
                0x08005378                __smakebuf_r
 .text.memchr   0x080053f8       0x1c c:/program files (x86)/gnu tools arm embedded/8 2018-q4-major/bin/../lib/gcc/arm-none-eabi/8.2.1/../../../../arm-none-eabi/lib/thumb/v7-m/nofp\libg_nano.a(lib_a-memchr-stub.o)
                0x080053f8                memchr
 .text.memmove  0x08005414       0x34 c:/program files (x86)/gnu tools arm embedded/8 2018-q4-major/bin/../lib/gcc/arm-none-eabi/8.2.1/../../../../arm-none-eabi/lib/thumb/v7-m/nofp\libg_nano.a(lib_a-memmove.o)
                0x08005414                memmove
 .text.__malloc_lock
                0x08005448        0xc c:/program files (x86)/gnu tools arm embedded/8 2018-q4-major/bin/../lib/gcc/arm-none-eabi/8.2.1/../../../../arm-none-eabi/lib/thumb/v7-m/nofp\libg_nano.a(lib_a-mlock.o)
                0x08005448                __malloc_lock
 .text.__malloc_unlock
                0x08005454        0xc c:/program files (x86)/gnu tools arm embedded/8 2018-q4-major/bin/../lib/gcc/arm-none-eabi/8.2.1/../../../../arm-none-eabi/lib/thumb/v7-m/nofp\libg_nano.a(lib_a-mlock.o)
                0x08005454                __malloc_unlock
 .text._free_r  0x08005460       0x98 c:/program files (x86)/gnu tools arm embedded/8 2018-q4-major/bin/../lib/gcc/arm-none-eabi/8.2.1/../../../../arm-none-eabi/lib/thumb/v7-m/nofp\libg_nano.a(lib_a-nano-freer.o)
                0x08005460                _free_r
 .text._realloc_r
                0x080054f8       0x4c c:/program files (x86)/gnu tools arm embedded/8 2018-q4-major/bin/../lib/gcc/arm-none-eabi/8.2.1/../../../../arm-none-eabi/lib/thumb/v7-m/nofp\libg_nano.a(lib_a-nano-reallocr.o)
                0x080054f8                _realloc_r
 .text._read_r  0x08005544       0x24 c:/program files (x86)/gnu tools arm embedded/8 2018-q4-major/bin/../lib/gcc/arm-none-eabi/8.2.1/../../../../arm-none-eabi/lib/thumb/v7-m/nofp\libg_nano.a(lib_a-readr.o)
                0x08005544                _read_r
 .text._fstat_r
                0x08005568       0x24 c:/program files (x86)/gnu tools arm embedded/8 2018-q4-major/bin/../lib/gcc/arm-none-eabi/8.2.1/../../../../arm-none-eabi/lib/thumb/v7-m/nofp\libg_nano.a(lib_a-fstatr.o)
                0x08005568                _fstat_r
 .text._isatty_r
                0x0800558c       0x20 c:/program files (x86)/gnu tools arm embedded/8 2018-q4-major/bin/../lib/gcc/arm-none-eabi/8.2.1/../../../../arm-none-eabi/lib/thumb/v7-m/nofp\libg_nano.a(lib_a-isattyr.o)
                0x0800558c                _isatty_r
 .text._malloc_usable_size_r
                0x080055ac       0x10 c:/program files (x86)/gnu tools arm embedded/8 2018-q4-major/bin/../lib/gcc/arm-none-eabi/8.2.1/../../../../arm-none-eabi/lib/thumb/v7-m/nofp\libg_nano.a(lib_a-nano-msizer.o)
                0x080055ac                _malloc_usable_size_r
 .text._close   0x080055bc       0x10 c:/program files (x86)/gnu tools arm embedded/8 2018-q4-major/bin/../lib/gcc/arm-none-eabi/8.2.1/../../../../arm-none-eabi/lib/thumb/v7-m/nofp\libnosys.a(close.o)
                0x080055bc                _close
 .text._fstat   0x080055cc       0x10 c:/program files (x86)/gnu tools arm embedded/8 2018-q4-major/bin/../lib/gcc/arm-none-eabi/8.2.1/../../../../arm-none-eabi/lib/thumb/v7-m/nofp\libnosys.a(fstat.o)
                0x080055cc                _fstat
 .text._isatty  0x080055dc       0x10 c:/program files (x86)/gnu tools arm embedded/8 2018-q4-major/bin/../lib/gcc/arm-none-eabi/8.2.1/../../../../arm-none-eabi/lib/thumb/v7-m/nofp\libnosys.a(isatty.o)
                0x080055dc                _isatty
 .text._lseek   0x080055ec       0x10 c:/program files (x86)/gnu tools arm embedded/8 2018-q4-major/bin/../lib/gcc/arm-none-eabi/8.2.1/../../../../arm-none-eabi/lib/thumb/v7-m/nofp\libnosys.a(lseek.o)
                0x080055ec                _lseek
 .text._read    0x080055fc       0x10 c:/program files (x86)/gnu tools arm embedded/8 2018-q4-major/bin/../lib/gcc/arm-none-eabi/8.2.1/../../../../arm-none-eabi/lib/thumb/v7-m/nofp\libnosys.a(read.o)
                0x080055fc                _read
 *(.rodata .rodata.* .constdata .constdata.*)
 .rodata.NVIC_PriorityGroupConfig.str1.4
                0x0800560c       0x27 ./system/src/stm32f1-stdperiph/misc.o
 *fill*         0x08005633        0x1 
 .rodata.GPIO_DeInit.str1.4
                0x08005634       0x31 ./system/src/stm32f1-stdperiph/stm32f10x_gpio.o
 *fill*         0x08005665        0x3 
 .rodata.RCC_HSEConfig.str1.4
                0x08005668       0x30 ./system/src/stm32f1-stdperiph/stm32f10x_rcc.o
 .rodata.SPI_I2S_DeInit.str1.4
                0x08005698       0x30 ./system/src/stm32f1-stdperiph/stm32f10x_spi.o
 .rodata.TIM_DeInit.str1.4
                0x080056c8       0x30 ./system/src/stm32f1-stdperiph/stm32f10x_tim.o
 .rodata.USART_DeInit.str1.4
                0x080056f8       0x32 ./system/src/stm32f1-stdperiph/stm32f10x_usart.o
 *fill*         0x0800572a        0x2 
 .rodata.abort.str1.4
                0x0800572c       0x14 ./system/src/newlib/_exit.o
 .rodata.assert_failed.str1.4
                0x08005740       0x2b ./system/src/newlib/assert.o
 .rodata.trace_puts.str1.4
                0x0800576b       0x2b ./system/src/diag/Trace.o
                                  0x2 (size before relaxing)
 *fill*         0x0800576b        0x1 
 .rodata.dumpExceptionStack.str1.4
                0x0800576c      0x11a ./system/src/cortexm/exception_handlers.o
 *fill*         0x08005886        0x2 
 .rodata.str1.4
                0x08005888       0x2a ./system/src/cortexm/exception_handlers.o
 *fill*         0x080058b2        0x2 
 .rodata        0x080058b4       0x10 ./src/W6100RelFunctions.o
 .rodata.W6100Initialze.str1.4
                0x080058c4       0x3a ./src/W6100RelFunctions.o
 *fill*         0x080058fe        0x2 
 .rodata        0x08005900       0x14 ./src/main.o
 .rodata.main.str1.4
                0x08005914       0x51 ./src/main.o
 *fill*         0x08005965        0x3 
 .rodata.print_network_information.str1.4
                0x08005968      0x124 ./src/main.o
 .rodata.loopback_tcpc.str1.4
                0x08005a8c       0x77 ./io6Library/Application/loopback/loopback.o
                                 0x7d (size before relaxing)
 *fill*         0x08005b03        0x1 
 .rodata.loopback_tcps.str1.4
                0x08005b04       0xff ./io6Library/Application/loopback/loopback.o
                                0x10b (size before relaxing)
 *fill*         0x08005c03        0x1 
 .rodata.loopback_udps.str1.4
                0x08005c04       0x2b ./io6Library/Application/loopback/loopback.o
 *fill*         0x08005c2f        0x1 
 .rodata.str1.4
                0x08005c30       0x28 ./io6Library/Application/loopback/loopback.o
                                 0x26 (size before relaxing)
 .rodata._global_impure_ptr
                0x08005c58        0x4 c:/program files (x86)/gnu tools arm embedded/8 2018-q4-major/bin/../lib/gcc/arm-none-eabi/8.2.1/../../../../arm-none-eabi/lib/thumb/v7-m/nofp\libg_nano.a(lib_a-impure.o)
                0x08005c58                _global_impure_ptr
 .rodata.__sf_fake_stderr
                0x08005c5c       0x20 c:/program files (x86)/gnu tools arm embedded/8 2018-q4-major/bin/../lib/gcc/arm-none-eabi/8.2.1/../../../../arm-none-eabi/lib/thumb/v7-m/nofp\libg_nano.a(lib_a-findfp.o)
                0x08005c5c                __sf_fake_stderr
 .rodata.__sf_fake_stdin
                0x08005c7c       0x20 c:/program files (x86)/gnu tools arm embedded/8 2018-q4-major/bin/../lib/gcc/arm-none-eabi/8.2.1/../../../../arm-none-eabi/lib/thumb/v7-m/nofp\libg_nano.a(lib_a-findfp.o)
                0x08005c7c                __sf_fake_stdin
 .rodata.__sf_fake_stdout
                0x08005c9c       0x20 c:/program files (x86)/gnu tools arm embedded/8 2018-q4-major/bin/../lib/gcc/arm-none-eabi/8.2.1/../../../../arm-none-eabi/lib/thumb/v7-m/nofp\libg_nano.a(lib_a-findfp.o)
                0x08005c9c                __sf_fake_stdout
 .rodata._svfprintf_r.str1.1
                0x08005cbc       0x11 c:/program files (x86)/gnu tools arm embedded/8 2018-q4-major/bin/../lib/gcc/arm-none-eabi/8.2.1/../../../../arm-none-eabi/lib/thumb/v7-m/nofp\libg_nano.a(lib_a-nano-svfprintf.o)
 .rodata._vfprintf_r.str1.1
                0x08005ccd       0x11 c:/program files (x86)/gnu tools arm embedded/8 2018-q4-major/bin/../lib/gcc/arm-none-eabi/8.2.1/../../../../arm-none-eabi/lib/thumb/v7-m/nofp\libg_nano.a(lib_a-nano-vfprintf.o)
 .rodata._printf_i.str1.1
                0x08005ccd       0x22 c:/program files (x86)/gnu tools arm embedded/8 2018-q4-major/bin/../lib/gcc/arm-none-eabi/8.2.1/../../../../arm-none-eabi/lib/thumb/v7-m/nofp\libg_nano.a(lib_a-nano-vfprintf_i.o)
 *(vtable)
 *(.eh_frame*)
 *(.glue_7)
 .glue_7        0x08005cef        0x0 linker stubs
 *(.glue_7t)
 .glue_7t       0x08005cef        0x0 linker stubs

.vfp11_veneer   0x08005cf0        0x0
 .vfp11_veneer  0x08005cf0        0x0 linker stubs

.v4_bx          0x08005cf0        0x0
 .v4_bx         0x08005cf0        0x0 linker stubs

.iplt           0x08005cf0        0x0
 .iplt          0x08005cf0        0x0 ./system/src/stm32f1-stdperiph/misc.o

.rel.dyn        0x08005cf0        0x0
 .rel.iplt      0x08005cf0        0x0 ./system/src/stm32f1-stdperiph/misc.o

.ARM.extab
 *(.ARM.extab* .gnu.linkonce.armextab.*)
                0x08005cf0                . = ALIGN (0x4)
                0x08005cf0                __exidx_start = .

.ARM.exidx
 *(.ARM.exidx* .gnu.linkonce.armexidx.*)
                0x08005cf0                __exidx_end = .
                0x08005cf0                . = ALIGN (0x4)
                0x08005cf0                _etext = .
                0x08005cf0                __etext = .

.data_CCMRAM    0x00000000        0x0 load address 0x08005cf0
 FILL mask 0xff
 *(.data.CCMRAM .data.CCMRAM.*)
                0x00000000                . = ALIGN (0x4)
                0x08005cf0                _sidata = LOADADDR (.data)

.data           0x20000000      0x140 load address 0x08005cf0
 FILL mask 0xff
                0x20000000                _sdata = .
                0x20000000                __data_start__ = .
 *(.data_begin .data_begin.*)
 .data_begin    0x20000000        0x4 ./system/src/newlib/_startup.o
 *(.data .data.*)
 .data.ADCPrescTable
                0x20000004        0x4 ./system/src/stm32f1-stdperiph/stm32f10x_rcc.o
 .data.APBAHBPrescTable
                0x20000008       0x10 ./system/src/stm32f1-stdperiph/stm32f10x_rcc.o
 .data.argv.4374
                0x20000018        0x8 ./system/src/newlib/_syscalls.o
 .data.AHBPrescTable
                0x20000020       0x10 ./system/src/cmsis/system_stm32f10x.o
                0x20000020                AHBPrescTable
 .data.SystemCoreClock
                0x20000030        0x4 ./system/src/cmsis/system_stm32f10x.o
                0x20000030                SystemCoreClock
 .data.gWIZNETINFO
                0x20000034       0x67 ./src/main.o
                0x20000034                gWIZNETINFO
 *fill*         0x2000009b        0x1 ff
 .data.sock_any_port
                0x2000009c        0x2 ./io6Library/Ethernet/socket.o
 *fill*         0x2000009e        0x2 ff
 .data.WIZCHIP  0x200000a0       0x28 ./io6Library/Ethernet/wizchip_conf.o
                0x200000a0                WIZCHIP
 .data.any_port
                0x200000c8        0x2 ./io6Library/Application/loopback/loopback.o
 *fill*         0x200000ca        0x2 ff
 .data.msg_dual
                0x200000cc        0x4 ./io6Library/Application/loopback/loopback.o
                0x200000cc                msg_dual
 .data.msg_v4   0x200000d0        0x4 ./io6Library/Application/loopback/loopback.o
                0x200000d0                msg_v4
 .data.msg_v6   0x200000d4        0x4 ./io6Library/Application/loopback/loopback.o
                0x200000d4                msg_v6
 .data._impure_ptr
                0x200000d8        0x4 c:/program files (x86)/gnu tools arm embedded/8 2018-q4-major/bin/../lib/gcc/arm-none-eabi/8.2.1/../../../../arm-none-eabi/lib/thumb/v7-m/nofp\libg_nano.a(lib_a-impure.o)
                0x200000d8                _impure_ptr
 .data.impure_data
                0x200000dc       0x60 c:/program files (x86)/gnu tools arm embedded/8 2018-q4-major/bin/../lib/gcc/arm-none-eabi/8.2.1/../../../../arm-none-eabi/lib/thumb/v7-m/nofp\libg_nano.a(lib_a-impure.o)
 *(.data_end .data_end.*)
 .data_end      0x2000013c        0x4 ./system/src/newlib/_startup.o
                0x20000140                . = ALIGN (0x4)
                0x20000140                _edata = .
                0x20000140                __data_end__ = .

.igot.plt       0x20000140        0x0 load address 0x08005e30
 .igot.plt      0x20000140        0x0 ./system/src/stm32f1-stdperiph/misc.o

.bss_CCMRAM     0x00000000        0x0
 *(.bss.CCMRAM .bss.CCMRAM.*)

.bss            0x20000140     0x2108
                0x20000140                __bss_start__ = .
                0x20000140                _sbss = .
 *(.bss_begin .bss_begin.*)
 .bss_begin     0x20000140        0x4 ./system/src/newlib/_startup.o
 *(.bss .bss.*)
 .bss.current_heap_end.4004
                0x20000144        0x4 ./system/src/newlib/_sbrk.o
 .bss.name.4373
                0x20000148        0x1 ./system/src/newlib/_syscalls.o
 *fill*         0x20000149        0x3 
 .bss.buf.5248  0x2000014c       0x80 ./system/src/diag/Trace.o
 .bss.day_cnt   0x200001cc        0x2 ./src/PlatformHandler/timerHandler.o
                0x200001cc                day_cnt
 *fill*         0x200001ce        0x2 
 .bss.devtime_msec
                0x200001d0        0x4 ./src/PlatformHandler/timerHandler.o
                0x200001d0                devtime_msec
 .bss.devtime_sec
                0x200001d4        0x4 ./src/PlatformHandler/timerHandler.o
                0x200001d4                devtime_sec
 .bss.hour_cnt  0x200001d8        0x1 ./src/PlatformHandler/timerHandler.o
                0x200001d8                hour_cnt
 .bss.min_cnt   0x200001d9        0x1 ./src/PlatformHandler/timerHandler.o
                0x200001d9                min_cnt
 .bss.msec_cnt  0x200001da        0x2 ./src/PlatformHandler/timerHandler.o
                0x200001da                msec_cnt
 .bss.runled_msec
                0x200001dc        0x2 ./src/PlatformHandler/timerHandler.o
                0x200001dc                runled_msec
 .bss.sec_cnt   0x200001de        0x1 ./src/PlatformHandler/timerHandler.o
                0x200001de                sec_cnt
 *fill*         0x200001df        0x1 
 .bss.sock_io_mode
                0x200001e0        0x2 ./io6Library/Ethernet/socket.o
 .bss.sock_is_sending
                0x200001e2        0x2 ./io6Library/Ethernet/socket.o
 .bss.sock_pack_info
                0x200001e4        0x8 ./io6Library/Ethernet/socket.o
 .bss.sock_remained_size
                0x200001ec       0x10 ./io6Library/Ethernet/socket.o
 .bss._DNS6_    0x200001fc       0x10 ./io6Library/Ethernet/wizchip_conf.o
 .bss._DNS_     0x2000020c        0x4 ./io6Library/Ethernet/wizchip_conf.o
 .bss._IPMODE_  0x20000210        0x1 ./io6Library/Ethernet/wizchip_conf.o
 *fill*         0x20000211        0x3 
 .bss.destip.5649
                0x20000214       0x10 ./io6Library/Application/loopback/loopback.o
 .bss.destport.5650
                0x20000224        0x2 ./io6Library/Application/loopback/loopback.o
 *fill*         0x20000226        0x2 
 .bss.__malloc_free_list
                0x20000228        0x4 c:/program files (x86)/gnu tools arm embedded/8 2018-q4-major/bin/../lib/gcc/arm-none-eabi/8.2.1/../../../../arm-none-eabi/lib/thumb/v7-m/nofp\libg_nano.a(lib_a-nano-mallocr.o)
                0x20000228                __malloc_free_list
 .bss.__malloc_sbrk_start
                0x2000022c        0x4 c:/program files (x86)/gnu tools arm embedded/8 2018-q4-major/bin/../lib/gcc/arm-none-eabi/8.2.1/../../../../arm-none-eabi/lib/thumb/v7-m/nofp\libg_nano.a(lib_a-nano-mallocr.o)
                0x2000022c                __malloc_sbrk_start
 *(COMMON)
 COMMON         0x20000230        0x4 ./system/src/newlib/_syscalls.o
                0x20000230                errno
 COMMON         0x20000234        0x4 ./src/Timer.o
                0x20000234                timer_delayCount
 COMMON         0x20000238     0x2000 ./src/main.o
                0x20000238                ethBuf7
                0x20000638                ethBuf1
                0x20000a38                ethBuf6
                0x20000e38                ethBuf5
                0x20001238                ethBuf2
                0x20001638                ethBuf4
                0x20001a38                ethBuf3
                0x20001e38                ethBuf0
 COMMON         0x20002238        0x9 c:/program files (x86)/gnu tools arm embedded/8 2018-q4-major/bin/../lib/gcc/arm-none-eabi/8.2.1/../../../../arm-none-eabi/lib/thumb/v7-m/nofp\libg_nano.a(lib_a-lock.o)
                0x20002238                __lock___atexit_recursive_mutex
                0x20002239                __lock___arc4random_mutex
                0x2000223a                __lock___env_recursive_mutex
                0x2000223b                __lock___sinit_recursive_mutex
                0x2000223c                __lock___malloc_recursive_mutex
                0x2000223d                __lock___at_quick_exit_mutex
                0x2000223e                __lock___dd_hash_mutex
                0x2000223f                __lock___tz_mutex
                0x20002240                __lock___sfp_recursive_mutex
 *(.bss_end .bss_end.*)
 *fill*         0x20002241        0x3 
 .bss_end       0x20002244        0x4 ./system/src/newlib/_startup.o
                0x20002248                . = ALIGN (0x4)
                0x20002248                __bss_end__ = .
                0x20002248                _ebss = .

.noinit_CCMRAM
 *(.noinit.CCMRAM .noinit.CCMRAM.*)

.noinit         0x20002248        0x0
                0x20002248                _noinit = .
 *(.noinit .noinit.*)
                0x20002248                . = ALIGN (0x4)
                0x20002248                _end_noinit = .
                [!provide]                PROVIDE (end = _end_noinit)
                [!provide]                PROVIDE (_end = _end_noinit)
                [!provide]                PROVIDE (__end = _end_noinit)
                [!provide]                PROVIDE (__end__ = _end_noinit)

._check_stack   0x20002248      0x100
                0x20002348                . = (. + _Minimum_Stack_Size)
 *fill*         0x20002248      0x100 

.b1text
 *(.b1text)
 *(.b1rodata)
 *(.b1rodata.*)

.eb0text
 *(.eb0text)
 *(.eb0rodata)
 *(.eb0rodata.*)

.eb1text
 *(.eb1text)
 *(.eb1rodata)
 *(.eb1rodata.*)

.eb2text
 *(.eb2text)
 *(.eb2rodata)
 *(.eb2rodata.*)

.eb3text
 *(.eb3text)
 *(.eb3rodata)
 *(.eb3rodata.*)

.stab           0x00000000       0x84
 *(.stab)
 .stab          0x00000000       0x24 c:/program files (x86)/gnu tools arm embedded/8 2018-q4-major/bin/../lib/gcc/arm-none-eabi/8.2.1/../../../../arm-none-eabi/lib/thumb/v7-m/nofp\libnosys.a(close.o)
 .stab          0x00000024       0x18 c:/program files (x86)/gnu tools arm embedded/8 2018-q4-major/bin/../lib/gcc/arm-none-eabi/8.2.1/../../../../arm-none-eabi/lib/thumb/v7-m/nofp\libnosys.a(fstat.o)
                                 0x24 (size before relaxing)
 .stab          0x0000003c       0x18 c:/program files (x86)/gnu tools arm embedded/8 2018-q4-major/bin/../lib/gcc/arm-none-eabi/8.2.1/../../../../arm-none-eabi/lib/thumb/v7-m/nofp\libnosys.a(isatty.o)
                                 0x24 (size before relaxing)
 .stab          0x00000054       0x18 c:/program files (x86)/gnu tools arm embedded/8 2018-q4-major/bin/../lib/gcc/arm-none-eabi/8.2.1/../../../../arm-none-eabi/lib/thumb/v7-m/nofp\libnosys.a(lseek.o)
                                 0x24 (size before relaxing)
 .stab          0x0000006c       0x18 c:/program files (x86)/gnu tools arm embedded/8 2018-q4-major/bin/../lib/gcc/arm-none-eabi/8.2.1/../../../../arm-none-eabi/lib/thumb/v7-m/nofp\libnosys.a(read.o)
                                 0x24 (size before relaxing)

.stabstr        0x00000000      0x117
 *(.stabstr)
 .stabstr       0x00000000      0x117 c:/program files (x86)/gnu tools arm embedded/8 2018-q4-major/bin/../lib/gcc/arm-none-eabi/8.2.1/../../../../arm-none-eabi/lib/thumb/v7-m/nofp\libnosys.a(close.o)

.stab.excl
 *(.stab.excl)

.stab.exclstr
 *(.stab.exclstr)

.stab.index
 *(.stab.index)

.stab.indexstr
 *(.stab.indexstr)

.comment        0x00000000       0x75
 *(.comment)
 .comment       0x00000000       0x75 ./system/src/stm32f1-stdperiph/misc.o
                                 0x76 (size before relaxing)
 .comment       0x00000075       0x76 ./system/src/stm32f1-stdperiph/stm32f10x_gpio.o
 .comment       0x00000075       0x76 ./system/src/stm32f1-stdperiph/stm32f10x_rcc.o
 .comment       0x00000075       0x76 ./system/src/stm32f1-stdperiph/stm32f10x_spi.o
 .comment       0x00000075       0x76 ./system/src/stm32f1-stdperiph/stm32f10x_tim.o
 .comment       0x00000075       0x76 ./system/src/stm32f1-stdperiph/stm32f10x_usart.o
 .comment       0x00000075       0x76 ./system/src/newlib/_exit.o
 .comment       0x00000075       0x76 ./system/src/newlib/_sbrk.o
 .comment       0x00000075       0x76 ./system/src/newlib/_startup.o
 .comment       0x00000075       0x76 ./system/src/newlib/_syscalls.o
 .comment       0x00000075       0x76 ./system/src/newlib/assert.o
 .comment       0x00000075       0x76 ./system/src/diag/Trace.o
 .comment       0x00000075       0x76 ./system/src/diag/trace_impl.o
 .comment       0x00000075       0x76 ./system/src/cortexm/_initialize_hardware.o
 .comment       0x00000075       0x76 ./system/src/cortexm/exception_handlers.o
 .comment       0x00000075       0x76 ./system/src/cmsis/system_stm32f10x.o
 .comment       0x00000075       0x76 ./system/src/cmsis/vectors_stm32f10x.o
 .comment       0x00000075       0x76 ./src/PlatformHandler/gpioHandler.o
 .comment       0x00000075       0x76 ./src/PlatformHandler/nvicHandler.o
 .comment       0x00000075       0x76 ./src/PlatformHandler/rccHandler.o
 .comment       0x00000075       0x76 ./src/PlatformHandler/spiHandler.o
 .comment       0x00000075       0x76 ./src/PlatformHandler/timerHandler.o
 .comment       0x00000075       0x76 ./src/PlatformHandler/uartHandler.o
 .comment       0x00000075       0x76 ./src/BlinkLed.o
 .comment       0x00000075       0x76 ./src/Timer.o
 .comment       0x00000075       0x76 ./src/W6100RelFunctions.o
 .comment       0x00000075       0x76 ./src/main.o
 .comment       0x00000075       0x76 ./src/retarget.o
 .comment       0x00000075       0x76 ./src/stm32f10x_it.o
 .comment       0x00000075       0x76 ./io6Library/Ethernet/W6100/w6100.o
 .comment       0x00000075       0x76 ./io6Library/Ethernet/socket.o
 .comment       0x00000075       0x76 ./io6Library/Ethernet/wizchip_conf.o
 .comment       0x00000075       0x76 ./io6Library/Application/loopback/loopback.o

.ARM.attributes
                0x00000000       0x2b
 .ARM.attributes
                0x00000000       0x2d ./system/src/stm32f1-stdperiph/misc.o
 .ARM.attributes
                0x0000002d       0x2d ./system/src/stm32f1-stdperiph/stm32f10x_gpio.o
 .ARM.attributes
                0x0000005a       0x2d ./system/src/stm32f1-stdperiph/stm32f10x_rcc.o
 .ARM.attributes
                0x00000087       0x2d ./system/src/stm32f1-stdperiph/stm32f10x_spi.o
 .ARM.attributes
                0x000000b4       0x2d ./system/src/stm32f1-stdperiph/stm32f10x_tim.o
 .ARM.attributes
                0x000000e1       0x2d ./system/src/stm32f1-stdperiph/stm32f10x_usart.o
 .ARM.attributes
                0x0000010e       0x2d ./system/src/newlib/_exit.o
 .ARM.attributes
                0x0000013b       0x2d ./system/src/newlib/_sbrk.o
 .ARM.attributes
                0x00000168       0x2d ./system/src/newlib/_startup.o
 .ARM.attributes
                0x00000195       0x2d ./system/src/newlib/_syscalls.o
 .ARM.attributes
                0x000001c2       0x2d ./system/src/newlib/assert.o
 .ARM.attributes
                0x000001ef       0x2d ./system/src/diag/Trace.o
 .ARM.attributes
                0x0000021c       0x2d ./system/src/diag/trace_impl.o
 .ARM.attributes
                0x00000249       0x2d ./system/src/cortexm/_initialize_hardware.o
 .ARM.attributes
                0x00000276       0x2d ./system/src/cortexm/exception_handlers.o
 .ARM.attributes
                0x000002a3       0x2d ./system/src/cmsis/system_stm32f10x.o
 .ARM.attributes
                0x000002d0       0x2d ./system/src/cmsis/vectors_stm32f10x.o
 .ARM.attributes
                0x000002fd       0x2d ./src/PlatformHandler/gpioHandler.o
 .ARM.attributes
                0x0000032a       0x2d ./src/PlatformHandler/nvicHandler.o
 .ARM.attributes
                0x00000357       0x2d ./src/PlatformHandler/rccHandler.o
 .ARM.attributes
                0x00000384       0x2d ./src/PlatformHandler/spiHandler.o
 .ARM.attributes
                0x000003b1       0x2d ./src/PlatformHandler/timerHandler.o
 .ARM.attributes
                0x000003de       0x2d ./src/PlatformHandler/uartHandler.o
 .ARM.attributes
                0x0000040b       0x2d ./src/BlinkLed.o
 .ARM.attributes
                0x00000438       0x2d ./src/Timer.o
 .ARM.attributes
                0x00000465       0x2d ./src/W6100RelFunctions.o
 .ARM.attributes
                0x00000492       0x2d ./src/main.o
 .ARM.attributes
                0x000004bf       0x2d ./src/retarget.o
 .ARM.attributes
                0x000004ec       0x2d ./src/stm32f10x_it.o
 .ARM.attributes
                0x00000519       0x2d ./io6Library/Ethernet/W6100/w6100.o
 .ARM.attributes
                0x00000546       0x2d ./io6Library/Ethernet/socket.o
 .ARM.attributes
                0x00000573       0x2d ./io6Library/Ethernet/wizchip_conf.o
 .ARM.attributes
                0x000005a0       0x2d ./io6Library/Application/loopback/loopback.o
 .ARM.attributes
                0x000005cd       0x2d c:/program files (x86)/gnu tools arm embedded/8 2018-q4-major/bin/../lib/gcc/arm-none-eabi/8.2.1/../../../../arm-none-eabi/lib/thumb/v7-m/nofp\libg_nano.a(lib_a-errno.o)
 .ARM.attributes
                0x000005fa       0x2d c:/program files (x86)/gnu tools arm embedded/8 2018-q4-major/bin/../lib/gcc/arm-none-eabi/8.2.1/../../../../arm-none-eabi/lib/thumb/v7-m/nofp\libg_nano.a(lib_a-impure.o)
 .ARM.attributes
                0x00000627       0x2d c:/program files (x86)/gnu tools arm embedded/8 2018-q4-major/bin/../lib/gcc/arm-none-eabi/8.2.1/../../../../arm-none-eabi/lib/thumb/v7-m/nofp\libg_nano.a(lib_a-memcpy-stub.o)
 .ARM.attributes
                0x00000654       0x2d c:/program files (x86)/gnu tools arm embedded/8 2018-q4-major/bin/../lib/gcc/arm-none-eabi/8.2.1/../../../../arm-none-eabi/lib/thumb/v7-m/nofp\libg_nano.a(lib_a-memset.o)
 .ARM.attributes
                0x00000681       0x2d c:/program files (x86)/gnu tools arm embedded/8 2018-q4-major/bin/../lib/gcc/arm-none-eabi/8.2.1/../../../../arm-none-eabi/lib/thumb/v7-m/nofp\libg_nano.a(lib_a-printf.o)
 .ARM.attributes
                0x000006ae       0x17 c:/program files (x86)/gnu tools arm embedded/8 2018-q4-major/bin/../lib/gcc/arm-none-eabi/8.2.1/../../../../arm-none-eabi/lib/thumb/v7-m/nofp\libg_nano.a(lib_a-strlen.o)
 .ARM.attributes
                0x000006c5       0x2d c:/program files (x86)/gnu tools arm embedded/8 2018-q4-major/bin/../lib/gcc/arm-none-eabi/8.2.1/../../../../arm-none-eabi/lib/thumb/v7-m/nofp\libg_nano.a(lib_a-vsnprintf.o)
 .ARM.attributes
                0x000006f2       0x2d c:/program files (x86)/gnu tools arm embedded/8 2018-q4-major/bin/../lib/gcc/arm-none-eabi/8.2.1/../../../../arm-none-eabi/lib/thumb/v7-m/nofp\libg_nano.a(lib_a-findfp.o)
 .ARM.attributes
                0x0000071f       0x2d c:/program files (x86)/gnu tools arm embedded/8 2018-q4-major/bin/../lib/gcc/arm-none-eabi/8.2.1/../../../../arm-none-eabi/lib/thumb/v7-m/nofp\libg_nano.a(lib_a-fwalk.o)
 .ARM.attributes
                0x0000074c       0x2d c:/program files (x86)/gnu tools arm embedded/8 2018-q4-major/bin/../lib/gcc/arm-none-eabi/8.2.1/../../../../arm-none-eabi/lib/thumb/v7-m/nofp\libg_nano.a(lib_a-lock.o)
 .ARM.attributes
                0x00000779       0x2d c:/program files (x86)/gnu tools arm embedded/8 2018-q4-major/bin/../lib/gcc/arm-none-eabi/8.2.1/../../../../arm-none-eabi/lib/thumb/v7-m/nofp\libg_nano.a(lib_a-nano-mallocr.o)
 .ARM.attributes
                0x000007a6       0x2d c:/program files (x86)/gnu tools arm embedded/8 2018-q4-major/bin/../lib/gcc/arm-none-eabi/8.2.1/../../../../arm-none-eabi/lib/thumb/v7-m/nofp\libg_nano.a(lib_a-nano-svfprintf.o)
 .ARM.attributes
                0x000007d3       0x2d c:/program files (x86)/gnu tools arm embedded/8 2018-q4-major/bin/../lib/gcc/arm-none-eabi/8.2.1/../../../../arm-none-eabi/lib/thumb/v7-m/nofp\libg_nano.a(lib_a-nano-vfprintf.o)
 .ARM.attributes
                0x00000800       0x2d c:/program files (x86)/gnu tools arm embedded/8 2018-q4-major/bin/../lib/gcc/arm-none-eabi/8.2.1/../../../../arm-none-eabi/lib/thumb/v7-m/nofp\libg_nano.a(lib_a-nano-vfprintf_i.o)
 .ARM.attributes
                0x0000082d       0x2d c:/program files (x86)/gnu tools arm embedded/8 2018-q4-major/bin/../lib/gcc/arm-none-eabi/8.2.1/../../../../arm-none-eabi/lib/thumb/v7-m/nofp\libg_nano.a(lib_a-sbrkr.o)
 .ARM.attributes
                0x0000085a       0x2d c:/program files (x86)/gnu tools arm embedded/8 2018-q4-major/bin/../lib/gcc/arm-none-eabi/8.2.1/../../../../arm-none-eabi/lib/thumb/v7-m/nofp\libg_nano.a(lib_a-stdio.o)
 .ARM.attributes
                0x00000887       0x2d c:/program files (x86)/gnu tools arm embedded/8 2018-q4-major/bin/../lib/gcc/arm-none-eabi/8.2.1/../../../../arm-none-eabi/lib/thumb/v7-m/nofp\libg_nano.a(lib_a-wbuf.o)
 .ARM.attributes
                0x000008b4       0x2d c:/program files (x86)/gnu tools arm embedded/8 2018-q4-major/bin/../lib/gcc/arm-none-eabi/8.2.1/../../../../arm-none-eabi/lib/thumb/v7-m/nofp\libg_nano.a(lib_a-writer.o)
 .ARM.attributes
                0x000008e1       0x2d c:/program files (x86)/gnu tools arm embedded/8 2018-q4-major/bin/../lib/gcc/arm-none-eabi/8.2.1/../../../../arm-none-eabi/lib/thumb/v7-m/nofp\libg_nano.a(lib_a-wsetup.o)
 .ARM.attributes
                0x0000090e       0x2d c:/program files (x86)/gnu tools arm embedded/8 2018-q4-major/bin/../lib/gcc/arm-none-eabi/8.2.1/../../../../arm-none-eabi/lib/thumb/v7-m/nofp\libg_nano.a(lib_a-closer.o)
 .ARM.attributes
                0x0000093b       0x2d c:/program files (x86)/gnu tools arm embedded/8 2018-q4-major/bin/../lib/gcc/arm-none-eabi/8.2.1/../../../../arm-none-eabi/lib/thumb/v7-m/nofp\libg_nano.a(lib_a-fflush.o)
 .ARM.attributes
                0x00000968       0x2d c:/program files (x86)/gnu tools arm embedded/8 2018-q4-major/bin/../lib/gcc/arm-none-eabi/8.2.1/../../../../arm-none-eabi/lib/thumb/v7-m/nofp\libg_nano.a(lib_a-lseekr.o)
 .ARM.attributes
                0x00000995       0x2d c:/program files (x86)/gnu tools arm embedded/8 2018-q4-major/bin/../lib/gcc/arm-none-eabi/8.2.1/../../../../arm-none-eabi/lib/thumb/v7-m/nofp\libg_nano.a(lib_a-makebuf.o)
 .ARM.attributes
                0x000009c2       0x2d c:/program files (x86)/gnu tools arm embedded/8 2018-q4-major/bin/../lib/gcc/arm-none-eabi/8.2.1/../../../../arm-none-eabi/lib/thumb/v7-m/nofp\libg_nano.a(lib_a-memchr-stub.o)
 .ARM.attributes
                0x000009ef       0x2d c:/program files (x86)/gnu tools arm embedded/8 2018-q4-major/bin/../lib/gcc/arm-none-eabi/8.2.1/../../../../arm-none-eabi/lib/thumb/v7-m/nofp\libg_nano.a(lib_a-memmove.o)
 .ARM.attributes
                0x00000a1c       0x2d c:/program files (x86)/gnu tools arm embedded/8 2018-q4-major/bin/../lib/gcc/arm-none-eabi/8.2.1/../../../../arm-none-eabi/lib/thumb/v7-m/nofp\libg_nano.a(lib_a-mlock.o)
 .ARM.attributes
                0x00000a49       0x2d c:/program files (x86)/gnu tools arm embedded/8 2018-q4-major/bin/../lib/gcc/arm-none-eabi/8.2.1/../../../../arm-none-eabi/lib/thumb/v7-m/nofp\libg_nano.a(lib_a-nano-freer.o)
 .ARM.attributes
                0x00000a76       0x2d c:/program files (x86)/gnu tools arm embedded/8 2018-q4-major/bin/../lib/gcc/arm-none-eabi/8.2.1/../../../../arm-none-eabi/lib/thumb/v7-m/nofp\libg_nano.a(lib_a-nano-reallocr.o)
 .ARM.attributes
                0x00000aa3       0x2d c:/program files (x86)/gnu tools arm embedded/8 2018-q4-major/bin/../lib/gcc/arm-none-eabi/8.2.1/../../../../arm-none-eabi/lib/thumb/v7-m/nofp\libg_nano.a(lib_a-readr.o)
 .ARM.attributes
                0x00000ad0       0x2d c:/program files (x86)/gnu tools arm embedded/8 2018-q4-major/bin/../lib/gcc/arm-none-eabi/8.2.1/../../../../arm-none-eabi/lib/thumb/v7-m/nofp\libg_nano.a(lib_a-fstatr.o)
 .ARM.attributes
                0x00000afd       0x2d c:/program files (x86)/gnu tools arm embedded/8 2018-q4-major/bin/../lib/gcc/arm-none-eabi/8.2.1/../../../../arm-none-eabi/lib/thumb/v7-m/nofp\libg_nano.a(lib_a-isattyr.o)
 .ARM.attributes
                0x00000b2a       0x2d c:/program files (x86)/gnu tools arm embedded/8 2018-q4-major/bin/../lib/gcc/arm-none-eabi/8.2.1/../../../../arm-none-eabi/lib/thumb/v7-m/nofp\libg_nano.a(lib_a-nano-msizer.o)
 .ARM.attributes
                0x00000b57       0x2d c:/program files (x86)/gnu tools arm embedded/8 2018-q4-major/bin/../lib/gcc/arm-none-eabi/8.2.1/../../../../arm-none-eabi/lib/thumb/v7-m/nofp\libnosys.a(close.o)
 .ARM.attributes
                0x00000b84       0x2d c:/program files (x86)/gnu tools arm embedded/8 2018-q4-major/bin/../lib/gcc/arm-none-eabi/8.2.1/../../../../arm-none-eabi/lib/thumb/v7-m/nofp\libnosys.a(fstat.o)
 .ARM.attributes
                0x00000bb1       0x2d c:/program files (x86)/gnu tools arm embedded/8 2018-q4-major/bin/../lib/gcc/arm-none-eabi/8.2.1/../../../../arm-none-eabi/lib/thumb/v7-m/nofp\libnosys.a(isatty.o)
 .ARM.attributes
                0x00000bde       0x2d c:/program files (x86)/gnu tools arm embedded/8 2018-q4-major/bin/../lib/gcc/arm-none-eabi/8.2.1/../../../../arm-none-eabi/lib/thumb/v7-m/nofp\libnosys.a(lseek.o)
 .ARM.attributes
                0x00000c0b       0x2d c:/program files (x86)/gnu tools arm embedded/8 2018-q4-major/bin/../lib/gcc/arm-none-eabi/8.2.1/../../../../arm-none-eabi/lib/thumb/v7-m/nofp\libnosys.a(read.o)

.debug
 *(.debug)

.line
 *(.line)

.debug_srcinfo
 *(.debug_srcinfo)

.debug_sfnames
 *(.debug_sfnames)

.debug_aranges  0x00000000      0xf40
 *(.debug_aranges)
 .debug_aranges
                0x00000000       0x40 ./system/src/stm32f1-stdperiph/misc.o
 .debug_aranges
                0x00000040       0xa8 ./system/src/stm32f1-stdperiph/stm32f10x_gpio.o
 .debug_aranges
                0x000000e8      0x118 ./system/src/stm32f1-stdperiph/stm32f10x_rcc.o
 .debug_aranges
                0x00000200       0xd0 ./system/src/stm32f1-stdperiph/stm32f10x_spi.o
 .debug_aranges
                0x000002d0      0x2f0 ./system/src/stm32f1-stdperiph/stm32f10x_tim.o
 .debug_aranges
                0x000005c0      0x100 ./system/src/stm32f1-stdperiph/stm32f10x_usart.o
 .debug_aranges
                0x000006c0       0x28 ./system/src/newlib/_exit.o
 .debug_aranges
                0x000006e8       0x20 ./system/src/newlib/_sbrk.o
 .debug_aranges
                0x00000708       0x40 ./system/src/newlib/_startup.o
 .debug_aranges
                0x00000748       0x30 ./system/src/newlib/_syscalls.o
 .debug_aranges
                0x00000778       0x28 ./system/src/newlib/assert.o
 .debug_aranges
                0x000007a0       0x38 ./system/src/diag/Trace.o
 .debug_aranges
                0x000007d8       0x30 ./system/src/diag/trace_impl.o
 .debug_aranges
                0x00000808       0x28 ./system/src/cortexm/_initialize_hardware.o
 .debug_aranges
                0x00000830       0x90 ./system/src/cortexm/exception_handlers.o
 .debug_aranges
                0x000008c0       0x38 ./system/src/cmsis/system_stm32f10x.o
 .debug_aranges
                0x000008f8       0x20 ./system/src/cmsis/vectors_stm32f10x.o
 .debug_aranges
                0x00000918       0x20 ./src/PlatformHandler/gpioHandler.o
 .debug_aranges
                0x00000938       0x20 ./src/PlatformHandler/nvicHandler.o
 .debug_aranges
                0x00000958       0x20 ./src/PlatformHandler/rccHandler.o
 .debug_aranges
                0x00000978       0x20 ./src/PlatformHandler/spiHandler.o
 .debug_aranges
                0x00000998       0x90 ./src/PlatformHandler/timerHandler.o
 .debug_aranges
                0x00000a28       0x20 ./src/PlatformHandler/uartHandler.o
 .debug_aranges
                0x00000a48       0x20 ./src/BlinkLed.o
 .debug_aranges
                0x00000a68       0x38 ./src/Timer.o
 .debug_aranges
                0x00000aa0       0x88 ./src/W6100RelFunctions.o
 .debug_aranges
                0x00000b28       0x30 ./src/main.o
 .debug_aranges
                0x00000b58       0x28 ./src/retarget.o
 .debug_aranges
                0x00000b80      0x160 ./src/stm32f10x_it.o
 .debug_aranges
                0x00000ce0       0x60 ./io6Library/Ethernet/W6100/w6100.o
 .debug_aranges
                0x00000d40       0x80 ./io6Library/Ethernet/socket.o
 .debug_aranges
                0x00000dc0      0x150 ./io6Library/Ethernet/wizchip_conf.o
 .debug_aranges
                0x00000f10       0x30 ./io6Library/Application/loopback/loopback.o

.debug_pubnames
 *(.debug_pubnames)

.debug_info     0x00000000    0x1a5eb
 *(.debug_info .gnu.linkonce.wi.*)
 .debug_info    0x00000000      0x6a5 ./system/src/stm32f1-stdperiph/misc.o
 .debug_info    0x000006a5      0xce4 ./system/src/stm32f1-stdperiph/stm32f10x_gpio.o
 .debug_info    0x00001389      0xdbb ./system/src/stm32f1-stdperiph/stm32f10x_rcc.o
 .debug_info    0x00002144     0x1113 ./system/src/stm32f1-stdperiph/stm32f10x_spi.o
 .debug_info    0x00003257     0x3ec7 ./system/src/stm32f1-stdperiph/stm32f10x_tim.o
 .debug_info    0x0000711e     0x1439 ./system/src/stm32f1-stdperiph/stm32f10x_usart.o
 .debug_info    0x00008557      0x9e7 ./system/src/newlib/_exit.o
 .debug_info    0x00008f3e      0x9d4 ./system/src/newlib/_sbrk.o
 .debug_info    0x00009912      0x4ce ./system/src/newlib/_startup.o
 .debug_info    0x00009de0      0xab9 ./system/src/newlib/_syscalls.o
 .debug_info    0x0000a899      0xaaa ./system/src/newlib/assert.o
 .debug_info    0x0000b343      0xbdb ./system/src/diag/Trace.o
 .debug_info    0x0000bf1e      0x3be ./system/src/diag/trace_impl.o
 .debug_info    0x0000c2dc      0x2d6 ./system/src/cortexm/_initialize_hardware.o
 .debug_info    0x0000c5b2     0x127b ./system/src/cortexm/exception_handlers.o
 .debug_info    0x0000d82d      0x4e0 ./system/src/cmsis/system_stm32f10x.o
 .debug_info    0x0000dd0d       0xce ./system/src/cmsis/vectors_stm32f10x.o
 .debug_info    0x0000dddb      0x302 ./src/PlatformHandler/gpioHandler.o
 .debug_info    0x0000e0dd      0x333 ./src/PlatformHandler/nvicHandler.o
 .debug_info    0x0000e410      0x14a ./src/PlatformHandler/rccHandler.o
 .debug_info    0x0000e55a      0x2e0 ./src/PlatformHandler/spiHandler.o
 .debug_info    0x0000e83a      0x72d ./src/PlatformHandler/timerHandler.o
 .debug_info    0x0000ef67      0x280 ./src/PlatformHandler/uartHandler.o
 .debug_info    0x0000f1e7      0x2b6 ./src/BlinkLed.o
 .debug_info    0x0000f49d      0x6de ./src/Timer.o
 .debug_info    0x0000fb7b     0x17ea ./src/W6100RelFunctions.o
 .debug_info    0x00011365     0x17c8 ./src/main.o
 .debug_info    0x00012b2d      0xbd3 ./src/retarget.o
 .debug_info    0x00013700      0x673 ./src/stm32f10x_it.o
 .debug_info    0x00013d73      0x84d ./io6Library/Ethernet/W6100/w6100.o
 .debug_info    0x000145c0     0x219a ./io6Library/Ethernet/socket.o
 .debug_info    0x0001675a     0x2573 ./io6Library/Ethernet/wizchip_conf.o
 .debug_info    0x00018ccd     0x191e ./io6Library/Application/loopback/loopback.o

.debug_abbrev   0x00000000     0x45ae
 *(.debug_abbrev)
 .debug_abbrev  0x00000000      0x1bc ./system/src/stm32f1-stdperiph/misc.o
 .debug_abbrev  0x000001bc      0x24b ./system/src/stm32f1-stdperiph/stm32f10x_gpio.o
 .debug_abbrev  0x00000407      0x240 ./system/src/stm32f1-stdperiph/stm32f10x_rcc.o
 .debug_abbrev  0x00000647      0x21d ./system/src/stm32f1-stdperiph/stm32f10x_spi.o
 .debug_abbrev  0x00000864      0x226 ./system/src/stm32f1-stdperiph/stm32f10x_tim.o
 .debug_abbrev  0x00000a8a      0x218 ./system/src/stm32f1-stdperiph/stm32f10x_usart.o
 .debug_abbrev  0x00000ca2      0x222 ./system/src/newlib/_exit.o
 .debug_abbrev  0x00000ec4      0x232 ./system/src/newlib/_sbrk.o
 .debug_abbrev  0x000010f6      0x1d7 ./system/src/newlib/_startup.o
 .debug_abbrev  0x000012cd      0x26d ./system/src/newlib/_syscalls.o
 .debug_abbrev  0x0000153a      0x222 ./system/src/newlib/assert.o
 .debug_abbrev  0x0000175c      0x2c6 ./system/src/diag/Trace.o
 .debug_abbrev  0x00001a22      0x221 ./system/src/diag/trace_impl.o
 .debug_abbrev  0x00001c43       0xfc ./system/src/cortexm/_initialize_hardware.o
 .debug_abbrev  0x00001d3f      0x372 ./system/src/cortexm/exception_handlers.o
 .debug_abbrev  0x000020b1      0x19d ./system/src/cmsis/system_stm32f10x.o
 .debug_abbrev  0x0000224e       0xa5 ./system/src/cmsis/vectors_stm32f10x.o
 .debug_abbrev  0x000022f3      0x149 ./src/PlatformHandler/gpioHandler.o
 .debug_abbrev  0x0000243c      0x136 ./src/PlatformHandler/nvicHandler.o
 .debug_abbrev  0x00002572       0xd8 ./src/PlatformHandler/rccHandler.o
 .debug_abbrev  0x0000264a      0x149 ./src/PlatformHandler/spiHandler.o
 .debug_abbrev  0x00002793      0x1db ./src/PlatformHandler/timerHandler.o
 .debug_abbrev  0x0000296e      0x149 ./src/PlatformHandler/uartHandler.o
 .debug_abbrev  0x00002ab7      0x187 ./src/BlinkLed.o
 .debug_abbrev  0x00002c3e      0x1f1 ./src/Timer.o
 .debug_abbrev  0x00002e2f      0x34f ./src/W6100RelFunctions.o
 .debug_abbrev  0x0000317e      0x39c ./src/main.o
 .debug_abbrev  0x0000351a      0x286 ./src/retarget.o
 .debug_abbrev  0x000037a0      0x168 ./src/stm32f10x_it.o
 .debug_abbrev  0x00003908      0x220 ./io6Library/Ethernet/W6100/w6100.o
 .debug_abbrev  0x00003b28      0x38b ./io6Library/Ethernet/socket.o
 .debug_abbrev  0x00003eb3      0x352 ./io6Library/Ethernet/wizchip_conf.o
 .debug_abbrev  0x00004205      0x3a9 ./io6Library/Application/loopback/loopback.o

.debug_line     0x00000000    0x12412
 *(.debug_line)
 .debug_line    0x00000000      0x51d ./system/src/stm32f1-stdperiph/misc.o
 .debug_line    0x0000051d      0xcf1 ./system/src/stm32f1-stdperiph/stm32f10x_gpio.o
 .debug_line    0x0000120e      0xdcf ./system/src/stm32f1-stdperiph/stm32f10x_rcc.o
 .debug_line    0x00001fdd      0xd47 ./system/src/stm32f1-stdperiph/stm32f10x_spi.o
 .debug_line    0x00002d24     0x3960 ./system/src/stm32f1-stdperiph/stm32f10x_tim.o
 .debug_line    0x00006684     0x10fd ./system/src/stm32f1-stdperiph/stm32f10x_usart.o
 .debug_line    0x00007781      0x382 ./system/src/newlib/_exit.o
 .debug_line    0x00007b03      0x373 ./system/src/newlib/_sbrk.o
 .debug_line    0x00007e76      0x594 ./system/src/newlib/_startup.o
 .debug_line    0x0000840a      0x48a ./system/src/newlib/_syscalls.o
 .debug_line    0x00008894      0x3c5 ./system/src/newlib/assert.o
 .debug_line    0x00008c59      0x45e ./system/src/diag/Trace.o
 .debug_line    0x000090b7      0x6d6 ./system/src/diag/trace_impl.o
 .debug_line    0x0000978d      0x38d ./system/src/cortexm/_initialize_hardware.o
 .debug_line    0x00009b1a      0x8c3 ./system/src/cortexm/exception_handlers.o
 .debug_line    0x0000a3dd      0x598 ./system/src/cmsis/system_stm32f10x.o
 .debug_line    0x0000a975      0x118 ./system/src/cmsis/vectors_stm32f10x.o
 .debug_line    0x0000aa8d      0x40b ./src/PlatformHandler/gpioHandler.o
 .debug_line    0x0000ae98      0x389 ./src/PlatformHandler/nvicHandler.o
 .debug_line    0x0000b221      0x365 ./src/PlatformHandler/rccHandler.o
 .debug_line    0x0000b586      0x3ad ./src/PlatformHandler/spiHandler.o
 .debug_line    0x0000b933      0x5eb ./src/PlatformHandler/timerHandler.o
 .debug_line    0x0000bf1e      0x397 ./src/PlatformHandler/uartHandler.o
 .debug_line    0x0000c2b5      0x378 ./src/BlinkLed.o
 .debug_line    0x0000c62d      0x44b ./src/Timer.o
 .debug_line    0x0000ca78      0xa62 ./src/W6100RelFunctions.o
 .debug_line    0x0000d4da      0xa9a ./src/main.o
 .debug_line    0x0000df74      0x63f ./src/retarget.o
 .debug_line    0x0000e5b3      0x7e3 ./src/stm32f10x_it.o
 .debug_line    0x0000ed96      0x515 ./io6Library/Ethernet/W6100/w6100.o
 .debug_line    0x0000f2ab     0x14d9 ./io6Library/Ethernet/socket.o
 .debug_line    0x00010784     0x11cc ./io6Library/Ethernet/wizchip_conf.o
 .debug_line    0x00011950      0xac2 ./io6Library/Application/loopback/loopback.o

.debug_frame    0x00000000     0x32e4
 *(.debug_frame)
 .debug_frame   0x00000000       0x90 ./system/src/stm32f1-stdperiph/misc.o
 .debug_frame   0x00000090      0x1e8 ./system/src/stm32f1-stdperiph/stm32f10x_gpio.o
 .debug_frame   0x00000278      0x320 ./system/src/stm32f1-stdperiph/stm32f10x_rcc.o
 .debug_frame   0x00000598      0x27c ./system/src/stm32f1-stdperiph/stm32f10x_spi.o
 .debug_frame   0x00000814      0x9ec ./system/src/stm32f1-stdperiph/stm32f10x_tim.o
 .debug_frame   0x00001200      0x320 ./system/src/stm32f1-stdperiph/stm32f10x_usart.o
 .debug_frame   0x00001520       0x38 ./system/src/newlib/_exit.o
 .debug_frame   0x00001558       0x28 ./system/src/newlib/_sbrk.o
 .debug_frame   0x00001580       0x7c ./system/src/newlib/_startup.o
 .debug_frame   0x000015fc       0x50 ./system/src/newlib/_syscalls.o
 .debug_frame   0x0000164c       0x40 ./system/src/newlib/assert.o
 .debug_frame   0x0000168c       0x94 ./system/src/diag/Trace.o
 .debug_frame   0x00001720       0x64 ./system/src/diag/trace_impl.o
 .debug_frame   0x00001784       0x40 ./system/src/cortexm/_initialize_hardware.o
 .debug_frame   0x000017c4      0x158 ./system/src/cortexm/exception_handlers.o
 .debug_frame   0x0000191c       0x6c ./system/src/cmsis/system_stm32f10x.o
 .debug_frame   0x00001988       0x20 ./system/src/cmsis/vectors_stm32f10x.o
 .debug_frame   0x000019a8       0x38 ./src/PlatformHandler/gpioHandler.o
 .debug_frame   0x000019e0       0x2c ./src/PlatformHandler/nvicHandler.o
 .debug_frame   0x00001a0c       0x28 ./src/PlatformHandler/rccHandler.o
 .debug_frame   0x00001a34       0x30 ./src/PlatformHandler/spiHandler.o
 .debug_frame   0x00001a64      0x11c ./src/PlatformHandler/timerHandler.o
 .debug_frame   0x00001b80       0x30 ./src/PlatformHandler/uartHandler.o
 .debug_frame   0x00001bb0       0x30 ./src/BlinkLed.o
 .debug_frame   0x00001be0       0x58 ./src/Timer.o
 .debug_frame   0x00001c38      0x168 ./src/W6100RelFunctions.o
 .debug_frame   0x00001da0       0x68 ./src/main.o
 .debug_frame   0x00001e08       0x48 ./src/retarget.o
 .debug_frame   0x00001e50      0x2a8 ./src/stm32f10x_it.o
 .debug_frame   0x000020f8      0x140 ./io6Library/Ethernet/W6100/w6100.o
 .debug_frame   0x00002238      0x274 ./io6Library/Ethernet/socket.o
 .debug_frame   0x000024ac      0x3d4 ./io6Library/Ethernet/wizchip_conf.o
 .debug_frame   0x00002880       0x90 ./io6Library/Application/loopback/loopback.o
 .debug_frame   0x00002910       0x20 c:/program files (x86)/gnu tools arm embedded/8 2018-q4-major/bin/../lib/gcc/arm-none-eabi/8.2.1/../../../../arm-none-eabi/lib/thumb/v7-m/nofp\libg_nano.a(lib_a-errno.o)
 .debug_frame   0x00002930       0x28 c:/program files (x86)/gnu tools arm embedded/8 2018-q4-major/bin/../lib/gcc/arm-none-eabi/8.2.1/../../../../arm-none-eabi/lib/thumb/v7-m/nofp\libg_nano.a(lib_a-memcpy-stub.o)