Archive member included to satisfy reference by file (symbol)

c:/program files (x86)/gnu tools arm embedded/8 2018-q4-major/bin/../lib/gcc/arm-none-eabi/8.2.1/../../../../arm-none-eabi/lib/thumb/v7-m/nofp\libg_nano.a(lib_a-errno.o)
                              ./system/src/newlib/_sbrk.o (__errno)
c:/program files (x86)/gnu tools arm embedded/8 2018-q4-major/bin/../lib/gcc/arm-none-eabi/8.2.1/../../../../arm-none-eabi/lib/thumb/v7-m/nofp\libg_nano.a(lib_a-impure.o)
                              c:/program files (x86)/gnu tools arm embedded/8 2018-q4-major/bin/../lib/gcc/arm-none-eabi/8.2.1/../../../../arm-none-eabi/lib/thumb/v7-m/nofp\libg_nano.a(lib_a-errno.o) (_impure_ptr)
c:/program files (x86)/gnu tools arm embedded/8 2018-q4-major/bin/../lib/gcc/arm-none-eabi/8.2.1/../../../../arm-none-eabi/lib/thumb/v7-m/nofp\libg_nano.a(lib_a-memcpy-stub.o)
                              ./io6Library/Internet/DHCP6/dhcpv6.o (memcpy)
c:/program files (x86)/gnu tools arm embedded/8 2018-q4-major/bin/../lib/gcc/arm-none-eabi/8.2.1/../../../../arm-none-eabi/lib/thumb/v7-m/nofp\libg_nano.a(lib_a-memset.o)
                              ./io6Library/Internet/DNS/dns.o (memset)
c:/program files (x86)/gnu tools arm embedded/8 2018-q4-major/bin/../lib/gcc/arm-none-eabi/8.2.1/../../../../arm-none-eabi/lib/thumb/v7-m/nofp\libg_nano.a(lib_a-printf.o)
                              ./src/W6100RelFunctions.o (printf)
c:/program files (x86)/gnu tools arm embedded/8 2018-q4-major/bin/../lib/gcc/arm-none-eabi/8.2.1/../../../../arm-none-eabi/lib/thumb/v7-m/nofp\libg_nano.a(lib_a-strchr.o)
                              ./io6Library/Internet/DNS/dns.o (strchr)
c:/program files (x86)/gnu tools arm embedded/8 2018-q4-major/bin/../lib/gcc/arm-none-eabi/8.2.1/../../../../arm-none-eabi/lib/thumb/v7-m/nofp\libg_nano.a(lib_a-strcpy.o)
                              ./io6Library/Internet/DNS/dns.o (strcpy)
c:/program files (x86)/gnu tools arm embedded/8 2018-q4-major/bin/../lib/gcc/arm-none-eabi/8.2.1/../../../../arm-none-eabi/lib/thumb/v7-m/nofp\libg_nano.a(lib_a-strlen.o)
                              ./system/src/diag/Trace.o (strlen)
c:/program files (x86)/gnu tools arm embedded/8 2018-q4-major/bin/../lib/gcc/arm-none-eabi/8.2.1/../../../../arm-none-eabi/lib/thumb/v7-m/nofp\libg_nano.a(lib_a-strncpy.o)
                              ./io6Library/Internet/DNS/dns.o (strncpy)
c:/program files (x86)/gnu tools arm embedded/8 2018-q4-major/bin/../lib/gcc/arm-none-eabi/8.2.1/../../../../arm-none-eabi/lib/thumb/v7-m/nofp\libg_nano.a(lib_a-vsnprintf.o)
                              ./system/src/diag/Trace.o (vsnprintf)
c:/program files (x86)/gnu tools arm embedded/8 2018-q4-major/bin/../lib/gcc/arm-none-eabi/8.2.1/../../../../arm-none-eabi/lib/thumb/v7-m/nofp\libg_nano.a(lib_a-findfp.o)
                              c:/program files (x86)/gnu tools arm embedded/8 2018-q4-major/bin/../lib/gcc/arm-none-eabi/8.2.1/../../../../arm-none-eabi/lib/thumb/v7-m/nofp\libg_nano.a(lib_a-printf.o) (__sinit)
c:/program files (x86)/gnu tools arm embedded/8 2018-q4-major/bin/../lib/gcc/arm-none-eabi/8.2.1/../../../../arm-none-eabi/lib/thumb/v7-m/nofp\libg_nano.a(lib_a-fwalk.o)
                              c:/program files (x86)/gnu tools arm embedded/8 2018-q4-major/bin/../lib/gcc/arm-none-eabi/8.2.1/../../../../arm-none-eabi/lib/thumb/v7-m/nofp\libg_nano.a(lib_a-findfp.o) (_fwalk)
c:/program files (x86)/gnu tools arm embedded/8 2018-q4-major/bin/../lib/gcc/arm-none-eabi/8.2.1/../../../../arm-none-eabi/lib/thumb/v7-m/nofp\libg_nano.a(lib_a-lock.o)
                              c:/program files (x86)/gnu tools arm embedded/8 2018-q4-major/bin/../lib/gcc/arm-none-eabi/8.2.1/../../../../arm-none-eabi/lib/thumb/v7-m/nofp\libg_nano.a(lib_a-findfp.o) (__retarget_lock_init_recursive)
c:/program files (x86)/gnu tools arm embedded/8 2018-q4-major/bin/../lib/gcc/arm-none-eabi/8.2.1/../../../../arm-none-eabi/lib/thumb/v7-m/nofp\libg_nano.a(lib_a-nano-mallocr.o)
                              c:/program files (x86)/gnu tools arm embedded/8 2018-q4-major/bin/../lib/gcc/arm-none-eabi/8.2.1/../../../../arm-none-eabi/lib/thumb/v7-m/nofp\libg_nano.a(lib_a-findfp.o) (_malloc_r)
c:/program files (x86)/gnu tools arm embedded/8 2018-q4-major/bin/../lib/gcc/arm-none-eabi/8.2.1/../../../../arm-none-eabi/lib/thumb/v7-m/nofp\libg_nano.a(lib_a-nano-svfprintf.o)
                              c:/program files (x86)/gnu tools arm embedded/8 2018-q4-major/bin/../lib/gcc/arm-none-eabi/8.2.1/../../../../arm-none-eabi/lib/thumb/v7-m/nofp\libg_nano.a(lib_a-vsnprintf.o) (_svfprintf_r)
c:/program files (x86)/gnu tools arm embedded/8 2018-q4-major/bin/../lib/gcc/arm-none-eabi/8.2.1/../../../../arm-none-eabi/lib/thumb/v7-m/nofp\libg_nano.a(lib_a-nano-vfprintf.o)
                              c:/program files (x86)/gnu tools arm embedded/8 2018-q4-major/bin/../lib/gcc/arm-none-eabi/8.2.1/../../../../arm-none-eabi/lib/thumb/v7-m/nofp\libg_nano.a(lib_a-printf.o) (_vfprintf_r)
[...]
Memory Configuration

Name             Origin             Length             Attributes
RAM              0x20000000         0x0000c000         xrw
CCMRAM           0x00000000         0x00000000         xrw
FLASH            0x08000000         0x00040000         xr
FLASHB1          0x00000000         0x00000000         xr
EXTMEMB0         0x00000000         0x00000000         xr
EXTMEMB1         0x00000000         0x00000000         xr
EXTMEMB2         0x00000000         0x00000000         xr
EXTMEMB3         0x00000000         0x00000000         xr
MEMORY_ARRAY     0x00000000         0x00000000         xrw
*default*        0x00000000         0xffffffff

Linker script and memory map

LOAD ./system/src/stm32f1-stdperiph/misc.o
LOAD ./system/src/stm32f1-stdperiph/stm32f10x_fsmc.o
LOAD ./system/src/stm32f1-stdperiph/stm32f10x_gpio.o
LOAD ./system/src/stm32f1-stdperiph/stm32f10x_rcc.o
LOAD ./system/src/stm32f1-stdperiph/stm32f10x_spi.o
LOAD ./system/src/stm32f1-stdperiph/stm32f10x_tim.o
LOAD ./system/src/stm32f1-stdperiph/stm32f10x_usart.o
LOAD ./system/src/newlib/_cxx.o
LOAD ./system/src/newlib/_exit.o
LOAD ./system/src/newlib/_sbrk.o
LOAD ./system/src/newlib/_startup.o
LOAD ./system/src/newlib/_syscalls.o
LOAD ./system/src/newlib/assert.o
LOAD ./system/src/diag/Trace.o
LOAD ./system/src/diag/trace_impl.o
LOAD ./system/src/cortexm/_initialize_hardware.o
LOAD ./system/src/cortexm/_reset_hardware.o
LOAD ./system/src/cortexm/exception_handlers.o
LOAD ./system/src/cmsis/system_stm32f10x.o
LOAD ./system/src/cmsis/vectors_stm32f10x.o
LOAD ./src/PlatformHandler/fsmcHandler.o
LOAD ./src/PlatformHandler/gpioHandler.o
LOAD ./src/PlatformHandler/nvicHandler.o
LOAD ./src/PlatformHandler/rccHandler.o
LOAD ./src/PlatformHandler/spiHandler.o
LOAD ./src/PlatformHandler/timerHandler.o
LOAD ./src/PlatformHandler/uartHandler.o
LOAD ./src/BlinkLed.o
LOAD ./src/Timer.o
LOAD ./src/W6100RelFunctions.o
LOAD ./src/_write.o
LOAD ./src/main.o
LOAD ./src/retarget.o
LOAD ./src/stm32f10x_it.o
LOAD ./io6Library/Internet/DNS/dns.o
LOAD ./io6Library/Internet/DHCP6/dhcpv6.o
LOAD ./io6Library/Ethernet/W6100/w6100.o
LOAD ./io6Library/Ethernet/socket.o
LOAD ./io6Library/Ethernet/wizchip_conf.o
LOAD ./io6Library/Application/loopback/loopback.o
LOAD c:/program files (x86)/gnu tools arm embedded/8 2018-q4-major/bin/../lib/gcc/arm-none-eabi/8.2.1/../../../../arm-none-eabi/lib/thumb/v7-m/nofp\libstdc++_nano.a
LOAD c:/program files (x86)/gnu tools arm embedded/8 2018-q4-major/bin/../lib/gcc/arm-none-eabi/8.2.1/../../../../arm-none-eabi/lib/thumb/v7-m/nofp\libm.a
START GROUP
LOAD c:/program files (x86)/gnu tools arm embedded/8 2018-q4-major/bin/../lib/gcc/arm-none-eabi/8.2.1/thumb/v7-m/nofp\libgcc.a
LOAD c:/program files (x86)/gnu tools arm embedded/8 2018-q4-major/bin/../lib/gcc/arm-none-eabi/8.2.1/../../../../arm-none-eabi/lib/thumb/v7-m/nofp\libg_nano.a
LOAD c:/program files (x86)/gnu tools arm embedded/8 2018-q4-major/bin/../lib/gcc/arm-none-eabi/8.2.1/../../../../arm-none-eabi/lib/thumb/v7-m/nofp\libc_nano.a
END GROUP
START GROUP
LOAD c:/program files (x86)/gnu tools arm embedded/8 2018-q4-major/bin/../lib/gcc/arm-none-eabi/8.2.1/thumb/v7-m/nofp\libgcc.a
LOAD c:/program files (x86)/gnu tools arm embedded/8 2018-q4-major/bin/../lib/gcc/arm-none-eabi/8.2.1/../../../../arm-none-eabi/lib/thumb/v7-m/nofp\libc_nano.a
LOAD c:/program files (x86)/gnu tools arm embedded/8 2018-q4-major/bin/../lib/gcc/arm-none-eabi/8.2.1/../../../../arm-none-eabi/lib/thumb/v7-m/nofp\libnosys.a
END GROUP
START GROUP
LOAD c:/program files (x86)/gnu tools arm embedded/8 2018-q4-major/bin/../lib/gcc/arm-none-eabi/8.2.1/thumb/v7-m/nofp\libgcc.a
LOAD c:/program files (x86)/gnu tools arm embedded/8 2018-q4-major/bin/../lib/gcc/arm-none-eabi/8.2.1/../../../../arm-none-eabi/lib/thumb/v7-m/nofp\libc_nano.a
LOAD c:/program files (x86)/gnu tools arm embedded/8 2018-q4-major/bin/../lib/gcc/arm-none-eabi/8.2.1/../../../../arm-none-eabi/lib/thumb/v7-m/nofp\libnosys.a
END GROUP
                0x2000c000                __stack = (ORIGIN (RAM) + LENGTH (RAM))
                0x2000c000                _estack = __stack
                0x00000400                __Main_Stack_Size = 0x400
                [!provide]                PROVIDE (_Main_Stack_Size = __Main_Stack_Size)
                0x2000bc00                __Main_Stack_Limit = (__stack - __Main_Stack_Size)
                [!provide]                PROVIDE (_Main_Stack_Limit = __Main_Stack_Limit)
                0x00000100                _Minimum_Stack_Size = 0x100
                0x20000204                PROVIDE (_Heap_Begin = _end_noinit)
                0x2000bc00                PROVIDE (_Heap_Limit = (__stack - __Main_Stack_Size))

.isr_vector     0x08000000      0x428
 FILL mask 0xff
                0x08000000                __vectors_start = ABSOLUTE (.)
                0x08000000                __vectors_start__ = ABSOLUTE (.)
 *(.isr_vector)
 .isr_vector    0x08000000      0x1e4 ./system/src/cmsis/vectors_stm32f10x.o
                0x08000000                __isr_vectors
 *(.cfmconfig)
 *(.after_vectors .after_vectors.*)
 .after_vectors
                0x080001e4      0x114 ./system/src/newlib/_startup.o
                0x080001e4                _start
 .after_vectors
                0x080002f8      0x12c ./system/src/cortexm/exception_handlers.o
                0x080002f8                Reset_Handler
                0x080002fe                NMI_Handler
                0x08000302                HardFault_Handler
                0x08000316                HardFault_Handler_C
                0x08000374                MemManage_Handler
                0x08000378                BusFault_Handler
                0x0800038c                BusFault_Handler_C
                0x080003c0                UsageFault_Handler
                0x080003d4                UsageFault_Handler_C
                0x08000408                SVC_Handler
                0x0800040c                DebugMon_Handler
                0x08000410                PendSV_Handler
 .after_vectors
                0x08000424        0x4 ./system/src/cmsis/vectors_stm32f10x.o
                0x08000424                EXTI2_IRQHandler
                0x08000424                PVD_IRQHandler
                0x08000424                CAN2_RX1_IRQHandler
                0x08000424                EXTI3_IRQHandler
                0x08000424                TIM8_TRG_COM_TIM14_IRQHandler
                0x08000424                TIM1_UP_TIM10_IRQHandler
                0x08000424                TIM8_UP_TIM13_IRQHandler
                0x08000424                EXTI0_IRQHandler
                0x08000424                CAN1_RX0_IRQHandler
                0x08000424                TIM1_UP_TIM16_IRQHandler
                0x08000424                CAN2_SCE_IRQHandler
                0x08000424                ADC1_2_IRQHandler
                0x08000424                TAMPER_IRQHandler
                0x08000424                TIM6_DAC_IRQHandler
                0x08000424                TIM1_BRK_TIM9_IRQHandler
                0x08000424                CAN2_RX0_IRQHandler
                0x08000424                DMA1_Channel4_IRQHandler
                0x08000424                RTC_IRQHandler
                0x08000424                DMA1_Channel7_IRQHandler
                0x08000424                DMA1_Channel6_IRQHandler
                0x08000424                DMA2_Channel4_IRQHandler
                0x08000424                RCC_IRQHandler
                0x08000424                TIM8_BRK_TIM12_IRQHandler
                0x08000424                DMA1_Channel1_IRQHandler
                0x08000424                Default_Handler
                0x08000424                CEC_IRQHandler
                0x08000424                TIM14_IRQHandler
                0x08000424                TIM13_IRQHandler
                0x08000424                TIM12_IRQHandler
                0x08000424                CAN2_TX_IRQHandler
                0x08000424                ETH_WKUP_IRQHandler
                0x08000424                CAN1_TX_IRQHandler
                0x08000424                DMA2_Channel5_IRQHandler
                0x08000424                DMA1_Channel5_IRQHandler
                0x08000424                EXTI4_IRQHandler
                0x08000424                TIM1_TRG_COM_TIM17_IRQHandler
                0x08000424                DMA1_Channel3_IRQHandler
                0x08000424                ETH_IRQHandler
                0x08000424                WWDG_IRQHandler
                0x08000424                OTG_FS_WKUP_IRQHandler
                0x08000424                TIM1_TRG_COM_TIM11_IRQHandler
                0x08000424                EXTI1_IRQHandler
                0x08000424                DMA1_Channel2_IRQHandler
                0x08000424                FLASH_IRQHandler
                0x08000424                OTG_FS_IRQHandler
                0x08000424                TIM1_BRK_TIM15_IRQHandler

.inits          0x08000428       0x28
                0x08000428                __data_regions_array_start = .
                0x08000428        0x4 LONG 0x80043b0 LOADADDR (.data)
                0x0800042c        0x4 LONG 0x20000000 ADDR (.data)
                0x08000430        0x4 LONG 0x2000012c (ADDR (.data) + SIZEOF (.data))
                0x08000434        0x4 LONG 0x80043b0 LOADADDR (.data_CCMRAM)
                0x08000438        0x4 LONG 0x0 ADDR (.data_CCMRAM)
                0x0800043c        0x4 LONG 0x0 (ADDR (.data_CCMRAM) + SIZEOF (.data_CCMRAM))
                0x08000440                __data_regions_array_end = .
                0x08000440                __bss_regions_array_start = .
                0x08000440        0x4 LONG 0x2000012c ADDR (.bss)
                0x08000444        0x4 LONG 0x20000204 (ADDR (.bss) + SIZEOF (.bss))
                0x08000448        0x4 LONG 0x0 ADDR (.bss_CCMRAM)
                0x0800044c        0x4 LONG 0x0 (ADDR (.bss_CCMRAM) + SIZEOF (.bss_CCMRAM))
                0x08000450                __bss_regions_array_end = .
 *(.init)
 *(.fini)
                0x08000450                . = ALIGN (0x4)
                0x08000450                PROVIDE (__preinit_array_start = .)
 *(.preinit_array_sysinit .preinit_array_sysinit.*)
 *(.preinit_array_platform .preinit_array_platform.*)
 *(.preinit_array .preinit_array.*)
                0x08000450                PROVIDE (__preinit_array_end = .)
                0x08000450                . = ALIGN (0x4)
                0x08000450                PROVIDE (__init_array_start = .)
 *(SORT_BY_NAME(.init_array.*))
 *(.init_array)
                0x08000450                PROVIDE (__init_array_end = .)
                0x08000450                . = ALIGN (0x4)
                0x08000450                PROVIDE (__fini_array_start = .)
 *(SORT_BY_NAME(.fini_array.*))
 *(.fini_array)
                0x08000450                PROVIDE (__fini_array_end = .)

.flashtext
 *(.flashtext .flashtext.*)

.text           0x08000450     0x3f5f
 *(.text .text.*)
 .text.NVIC_PriorityGroupConfig
                0x08000450       0x44 ./system/src/stm32f1-stdperiph/misc.o
                0x08000450                NVIC_PriorityGroupConfig
 .text.NVIC_Init
                0x08000494       0x98 ./system/src/stm32f1-stdperiph/misc.o
                0x08000494                NVIC_Init
 .text.GPIO_Init
                0x0800052c      0x134 ./system/src/stm32f1-stdperiph/stm32f10x_gpio.o
                0x0800052c                GPIO_Init
 .text.GPIO_SetBits
                0x08000660       0x60 ./system/src/stm32f1-stdperiph/stm32f10x_gpio.o
                0x08000660                GPIO_SetBits
 .text.GPIO_ResetBits
                0x080006c0       0x60 ./system/src/stm32f1-stdperiph/stm32f10x_gpio.o
                0x080006c0                GPIO_ResetBits
 .text.RCC_GetClocksFreq
                0x08000720       0xc4 ./system/src/stm32f1-stdperiph/stm32f10x_rcc.o
                0x08000720                RCC_GetClocksFreq
 .text.RCC_AHBPeriphClockCmd
                0x080007e4       0x4c ./system/src/stm32f1-stdperiph/stm32f10x_rcc.o
                0x080007e4                RCC_AHBPeriphClockCmd
 .text.RCC_APB2PeriphClockCmd
                0x08000830       0x4c ./system/src/stm32f1-stdperiph/stm32f10x_rcc.o
                0x08000830                RCC_APB2PeriphClockCmd
 .text.RCC_APB1PeriphClockCmd
                0x0800087c       0x4c ./system/src/stm32f1-stdperiph/stm32f10x_rcc.o
                0x0800087c                RCC_APB1PeriphClockCmd
 .text.SPI_Init
                0x080008c8      0x148 ./system/src/stm32f1-stdperiph/stm32f10x_spi.o
                0x080008c8                SPI_Init
 .text.SPI_Cmd  0x08000a10       0x58 ./system/src/stm32f1-stdperiph/stm32f10x_spi.o
                0x08000a10                SPI_Cmd
 .text.SPI_I2S_SendData
                0x08000a68       0x34 ./system/src/stm32f1-stdperiph/stm32f10x_spi.o
                0x08000a68                SPI_I2S_SendData
 .text.SPI_I2S_ReceiveData
                0x08000a9c       0x30 ./system/src/stm32f1-stdperiph/stm32f10x_spi.o
                0x08000a9c                SPI_I2S_ReceiveData
 .text.SPI_I2S_GetFlagStatus
                0x08000acc       0x68 ./system/src/stm32f1-stdperiph/stm32f10x_spi.o
                0x08000acc                SPI_I2S_GetFlagStatus
 .text.TIM_TimeBaseInit
                0x08000b34      0x160 ./system/src/stm32f1-stdperiph/stm32f10x_tim.o
                0x08000b34                TIM_TimeBaseInit
 .text.TIM_Cmd  0x08000c94       0xc8 ./system/src/stm32f1-stdperiph/stm32f10x_tim.o
                0x08000c94                TIM_Cmd
 .text.TIM_ITConfig
                0x08000d5c       0xd4 ./system/src/stm32f1-stdperiph/stm32f10x_tim.o
                0x08000d5c                TIM_ITConfig
 .text.TIM_GetITStatus
                0x08000e30       0xe0 ./system/src/stm32f1-stdperiph/stm32f10x_tim.o
                0x08000e30                TIM_GetITStatus
 .text.TIM_ClearITPendingBit
                0x08000f10       0xb8 ./system/src/stm32f1-stdperiph/stm32f10x_tim.o
                0x08000f10                TIM_ClearITPendingBit
 .text.USART_Init
                0x08000fc8      0x1b8 ./system/src/stm32f1-stdperiph/stm32f10x_usart.o
                0x08000fc8                USART_Init
 .text.USART_Cmd
                0x08001180       0x68 ./system/src/stm32f1-stdperiph/stm32f10x_usart.o
                0x08001180                USART_Cmd
 .text.USART_SendData
                0x080011e8       0x58 ./system/src/stm32f1-stdperiph/stm32f10x_usart.o
                0x080011e8                USART_SendData
 .text.USART_GetFlagStatus
                0x08001240       0xac ./system/src/stm32f1-stdperiph/stm32f10x_usart.o
                0x08001240                USART_GetFlagStatus
 .text._exit    0x080012ec        0x2 ./system/src/newlib/_exit.o
                0x080012ec                _exit
 *fill*         0x080012ee        0x2 
 .text.abort    0x080012f0       0x14 ./system/src/newlib/_exit.o
                0x080012f0                abort
 .text._sbrk    0x08001304       0x44 ./system/src/newlib/_sbrk.o
                0x08001304                _sbrk
 .text.__initialize_args
                0x08001348       0x10 ./system/src/newlib/_syscalls.o
                0x08001348                __initialize_args
 .text.assert_failed
                0x08001358       0x14 ./system/src/newlib/assert.o
                0x08001358                assert_failed
 .text.trace_printf
                0x0800136c       0x34 ./system/src/diag/Trace.o
                0x0800136c                trace_printf
 .text.trace_puts
                0x080013a0       0x20 ./system/src/diag/Trace.o
                0x080013a0                trace_puts
 .text._trace_write_semihosting_debug
                0x080013c0       0x60 ./system/src/diag/trace_impl.o
 .text.trace_write
                0x08001420        0x8 ./system/src/diag/trace_impl.o
                0x08001420                trace_write
 .text.__initialize_hardware_early
                0x08001428       0x18 ./system/src/cortexm/_initialize_hardware.o
                0x08001428                __initialize_hardware_early
 .text.__initialize_hardware
                0x08001440        0x8 ./system/src/cortexm/_initialize_hardware.o
                0x08001440                __initialize_hardware
 .text.dumpExceptionStack
                0x08001448       0xf4 ./system/src/cortexm/exception_handlers.o
                0x08001448                dumpExceptionStack
 .text.isSemihosting
                0x0800153c       0x20 ./system/src/cortexm/exception_handlers.o
                0x0800153c                isSemihosting
 .text.SetSysClockTo72
                0x0800155c       0xc4 ./system/src/cmsis/system_stm32f10x.o
 .text.SetSysClock
                0x08001620        0x8 ./system/src/cmsis/system_stm32f10x.o
 .text.SystemInit
                0x08001628       0x50 ./system/src/cmsis/system_stm32f10x.o
                0x08001628                SystemInit
 .text.SystemCoreClockUpdate
                0x08001678       0x9c ./system/src/cmsis/system_stm32f10x.o
                0x08001678                SystemCoreClockUpdate
 .text.GPIO_Configuration
                0x08001714       0xd4 ./src/PlatformHandler/gpioHandler.o
                0x08001714                GPIO_Configuration
 .text.NVIC_Configuration
                0x080017e8       0x30 ./src/PlatformHandler/nvicHandler.o
                0x080017e8                NVIC_Configuration
 .text.RCC_Configuration
                0x08001818       0x22 ./src/PlatformHandler/rccHandler.o
                0x08001818                RCC_Configuration
 *fill*         0x0800183a        0x2 
 .text.SPI_Configuration
                0x0800183c       0x54 ./src/PlatformHandler/spiHandler.o
                0x0800183c                SPI_Configuration
 .text.Timer_Configuration
                0x08001890       0x58 ./src/PlatformHandler/timerHandler.o
                0x08001890                Timer_Configuration
 .text.Timer2_ISR
                0x080018e8       0xa0 ./src/PlatformHandler/timerHandler.o
                0x080018e8                Timer2_ISR
 .text.getDevtime
                0x08001988        0xc ./src/PlatformHandler/timerHandler.o
                0x08001988                getDevtime
 .text.setDevtime
                0x08001994        0xc ./src/PlatformHandler/timerHandler.o
                0x08001994                setDevtime
 .text.millis   0x080019a0        0xc ./src/PlatformHandler/timerHandler.o
                0x080019a0                millis
 .text.USART_Configuration
                0x080019ac       0x3c ./src/PlatformHandler/uartHandler.o
                0x080019ac                USART_Configuration
 .text.blink_led_init
                0x080019e8       0x3c ./src/BlinkLed.o
                0x080019e8                blink_led_init
 .text.timer_start
                0x08001a24       0x3c ./src/Timer.o
                0x08001a24                timer_start
 .text.timer_tick
                0x08001a60       0x14 ./src/Timer.o
                0x08001a60                timer_tick
 .text.SysTick_Handler
                0x08001a74        0x8 ./src/Timer.o
                0x08001a74                SysTick_Handler
 .text.W6100Initialze
                0x08001a7c       0x78 ./src/W6100RelFunctions.o
                0x08001a7c                W6100Initialze
 .text.spiReadByte
                0x08001af4       0x30 ./src/W6100RelFunctions.o
                0x08001af4                spiReadByte
 .text.spiWriteByte
                0x08001b24       0x30 ./src/W6100RelFunctions.o
                0x08001b24                spiWriteByte
 .text.csEnable
                0x08001b54       0x10 ./src/W6100RelFunctions.o
                0x08001b54                csEnable
 .text.csDisable
                0x08001b64       0x10 ./src/W6100RelFunctions.o
                0x08001b64                csDisable
 .text.resetAssert
                0x08001b74       0x14 ./src/W6100RelFunctions.o
                0x08001b74                resetAssert
 .text.resetDeassert
                0x08001b88       0x14 ./src/W6100RelFunctions.o
                0x08001b88                resetDeassert
 .text.delay    0x08001b9c       0x14 ./src/main.o
                0x08001b9c                delay
 .text.print_network_information
                0x08001bb0      0x2e0 ./src/main.o
                0x08001bb0                print_network_information
 .text.main     0x08001e90       0xec ./src/main.o
                0x08001e90                main
 .text.UartPutc
                0x08001f7c       0x1a ./src/retarget.o
                0x08001f7c                UartPutc
 *fill*         0x08001f96        0x2 
 .text._write   0x08001f98       0x24 ./src/retarget.o
                0x08001f98                _write
 .text.USB_HP_CAN1_TX_IRQHandler
                0x08001fbc        0x2 ./src/stm32f10x_it.o
                0x08001fbc                USB_HP_CAN1_TX_IRQHandler
 .text.USB_LP_CAN1_RX0_IRQHandler
                0x08001fbe        0x2 ./src/stm32f10x_it.o
                0x08001fbe                USB_LP_CAN1_RX0_IRQHandler
 .text.CAN1_RX1_IRQHandler
                0x08001fc0        0x2 ./src/stm32f10x_it.o
                0x08001fc0                CAN1_RX1_IRQHandler
 .text.CAN1_SCE_IRQHandler
                0x08001fc2        0x2 ./src/stm32f10x_it.o
                0x08001fc2                CAN1_SCE_IRQHandler
 .text.EXTI9_5_IRQHandler
                0x08001fc4        0x2 ./src/stm32f10x_it.o
                0x08001fc4                EXTI9_5_IRQHandler
 .text.TIM1_BRK_IRQHandler
                0x08001fc6        0x2 ./src/stm32f10x_it.o
                0x08001fc6                TIM1_BRK_IRQHandler
 .text.TIM1_UP_IRQHandler
                0x08001fc8        0x2 ./src/stm32f10x_it.o
                0x08001fc8                TIM1_UP_IRQHandler
 .text.TIM1_TRG_COM_IRQHandler
                0x08001fca        0x2 ./src/stm32f10x_it.o
                0x08001fca                TIM1_TRG_COM_IRQHandler
 .text.TIM1_CC_IRQHandler
                0x08001fcc        0x2 ./src/stm32f10x_it.o
                0x08001fcc                TIM1_CC_IRQHandler
 .text.TIM2_IRQHandler
                0x08001fce       0x22 ./src/stm32f10x_it.o
                0x08001fce                TIM2_IRQHandler
 .text.TIM3_IRQHandler
                0x08001ff0        0x2 ./src/stm32f10x_it.o
                0x08001ff0                TIM3_IRQHandler
 .text.TIM4_IRQHandler
                0x08001ff2        0x2 ./src/stm32f10x_it.o
                0x08001ff2                TIM4_IRQHandler
 .text.I2C1_EV_IRQHandler
                0x08001ff4        0x2 ./src/stm32f10x_it.o
                0x08001ff4                I2C1_EV_IRQHandler
 .text.I2C1_ER_IRQHandler
                0x08001ff6        0x2 ./src/stm32f10x_it.o
                0x08001ff6                I2C1_ER_IRQHandler
 .text.I2C2_EV_IRQHandler
                0x08001ff8        0x2 ./src/stm32f10x_it.o
                0x08001ff8                I2C2_EV_IRQHandler
 .text.I2C2_ER_IRQHandler
                0x08001ffa        0x2 ./src/stm32f10x_it.o
                0x08001ffa                I2C2_ER_IRQHandler
 .text.SPI1_IRQHandler
                0x08001ffc        0x2 ./src/stm32f10x_it.o
                0x08001ffc                SPI1_IRQHandler
 .text.SPI2_IRQHandler
                0x08001ffe        0x2 ./src/stm32f10x_it.o
                0x08001ffe                SPI2_IRQHandler
 .text.USART1_IRQHandler
                0x08002000        0x2 ./src/stm32f10x_it.o
                0x08002000                USART1_IRQHandler
 .text.USART2_IRQHandler
                0x08002002        0x2 ./src/stm32f10x_it.o
                0x08002002                USART2_IRQHandler
 .text.USART3_IRQHandler
                0x08002004        0x2 ./src/stm32f10x_it.o
                0x08002004                USART3_IRQHandler
 .text.EXTI15_10_IRQHandler
                0x08002006        0x2 ./src/stm32f10x_it.o
                0x08002006                EXTI15_10_IRQHandler
 .text.RTCAlarm_IRQHandler
                0x08002008        0x2 ./src/stm32f10x_it.o
                0x08002008                RTCAlarm_IRQHandler
 .text.USBWakeUp_IRQHandler
                0x0800200a        0x2 ./src/stm32f10x_it.o
                0x0800200a                USBWakeUp_IRQHandler
 .text.TIM8_BRK_IRQHandler
                0x0800200c        0x2 ./src/stm32f10x_it.o
                0x0800200c                TIM8_BRK_IRQHandler
 .text.TIM8_UP_IRQHandler
                0x0800200e        0x2 ./src/stm32f10x_it.o
                0x0800200e                TIM8_UP_IRQHandler
 .text.TIM8_TRG_COM_IRQHandler
                0x08002010        0x2 ./src/stm32f10x_it.o
                0x08002010                TIM8_TRG_COM_IRQHandler
 .text.TIM8_CC_IRQHandler
                0x08002012        0x2 ./src/stm32f10x_it.o
                0x08002012                TIM8_CC_IRQHandler
 .text.ADC3_IRQHandler
                0x08002014        0x2 ./src/stm32f10x_it.o
                0x08002014                ADC3_IRQHandler
 .text.FSMC_IRQHandler
                0x08002016        0x2 ./src/stm32f10x_it.o
                0x08002016                FSMC_IRQHandler
 .text.SDIO_IRQHandler
                0x08002018        0x2 ./src/stm32f10x_it.o
                0x08002018                SDIO_IRQHandler
 .text.TIM5_IRQHandler
                0x0800201a        0x2 ./src/stm32f10x_it.o
                0x0800201a                TIM5_IRQHandler
 .text.SPI3_IRQHandler
                0x0800201c        0x2 ./src/stm32f10x_it.o
                0x0800201c                SPI3_IRQHandler
 .text.UART4_IRQHandler
                0x0800201e        0x2 ./src/stm32f10x_it.o
                0x0800201e                UART4_IRQHandler
 .text.UART5_IRQHandler
                0x08002020        0x2 ./src/stm32f10x_it.o
                0x08002020                UART5_IRQHandler
 .text.TIM6_IRQHandler
                0x08002022        0x2 ./src/stm32f10x_it.o
                0x08002022                TIM6_IRQHandler
 .text.TIM7_IRQHandler
                0x08002024        0x2 ./src/stm32f10x_it.o
                0x08002024                TIM7_IRQHandler
 .text.DMA2_Channel1_IRQHandler
                0x08002026        0x2 ./src/stm32f10x_it.o
                0x08002026                DMA2_Channel1_IRQHandler
 .text.DMA2_Channel2_IRQHandler
                0x08002028        0x2 ./src/stm32f10x_it.o
                0x08002028                DMA2_Channel2_IRQHandler
 .text.DMA2_Channel3_IRQHandler
                0x0800202a        0x2 ./src/stm32f10x_it.o
                0x0800202a                DMA2_Channel3_IRQHandler
 .text.DMA2_Channel4_5_IRQHandler
                0x0800202c        0x2 ./src/stm32f10x_it.o
                0x0800202c                DMA2_Channel4_5_IRQHandler
 *fill*         0x0800202e        0x2 
 .text.WIZCHIP_WRITE
                0x08002030       0x4c ./io6Library/Ethernet/W6100/w6100.o
                0x08002030                WIZCHIP_WRITE
 .text.WIZCHIP_READ
                0x0800207c       0x44 ./io6Library/Ethernet/W6100/w6100.o
                0x0800207c                WIZCHIP_READ
 .text.WIZCHIP_WRITE_BUF
                0x080020c0       0x54 ./io6Library/Ethernet/W6100/w6100.o
                0x080020c0                WIZCHIP_WRITE_BUF
 .text.WIZCHIP_READ_BUF
                0x08002114       0x48 ./io6Library/Ethernet/W6100/w6100.o
                0x08002114                WIZCHIP_READ_BUF
 .text.wizchip_cris_enter
                0x0800215c        0x2 ./io6Library/Ethernet/wizchip_conf.o
                0x0800215c                wizchip_cris_enter
 .text.wizchip_cris_exit
                0x0800215e        0x2 ./io6Library/Ethernet/wizchip_conf.o
                0x0800215e                wizchip_cris_exit
 .text.wizchip_cs_select
                0x08002160        0x2 ./io6Library/Ethernet/wizchip_conf.o
                0x08002160                wizchip_cs_select
 .text.wizchip_cs_deselect
                0x08002162        0x2 ./io6Library/Ethernet/wizchip_conf.o
                0x08002162                wizchip_cs_deselect
 .text.wizchip_spi_read
                0x08002164        0x4 ./io6Library/Ethernet/wizchip_conf.o
                0x08002164                wizchip_spi_read
 .text.wizchip_spi_write
                0x08002168        0x2 ./io6Library/Ethernet/wizchip_conf.o
                0x08002168                wizchip_spi_write
 *fill*         0x0800216a        0x2 
 .text.wizchip_spi_read_buf
                0x0800216c       0x24 ./io6Library/Ethernet/wizchip_conf.o
                0x0800216c                wizchip_spi_read_buf
 .text.wizchip_spi_write_buf
                0x08002190       0x24 ./io6Library/Ethernet/wizchip_conf.o
                0x08002190                wizchip_spi_write_buf
 .text.reg_wizchip_cs_cbfunc
                0x080021b4       0x2c ./io6Library/Ethernet/wizchip_conf.o
                0x080021b4                reg_wizchip_cs_cbfunc
 .text.reg_wizchip_spi_cbfunc
                0x080021e0       0x5c ./io6Library/Ethernet/wizchip_conf.o
                0x080021e0                reg_wizchip_spi_cbfunc
 .text.wizchip_sw_reset
                0x0800223c      0x138 ./io6Library/Ethernet/wizchip_conf.o
                0x0800223c                wizchip_sw_reset
 .text.wizchip_init
                0x08002374       0x8a ./io6Library/Ethernet/wizchip_conf.o
                0x08002374                wizchip_init
 *fill*         0x080023fe        0x2 
 .text.wizchip_clrinterrupt
                0x08002400       0x48 ./io6Library/Ethernet/wizchip_conf.o
                0x08002400                wizchip_clrinterrupt
 .text.wizchip_getinterrupt
                0x08002448       0x28 ./io6Library/Ethernet/wizchip_conf.o
                0x08002448                wizchip_getinterrupt
 .text.wizchip_setinterruptmask
                0x08002470       0x30 ./io6Library/Ethernet/wizchip_conf.o
                0x08002470                wizchip_setinterruptmask
 .text.wizchip_getinterruptmask
                0x080024a0       0x2c ./io6Library/Ethernet/wizchip_conf.o
                0x080024a0                wizchip_getinterruptmask
 .text.wizphy_getphylink
                0x080024cc       0x10 ./io6Library/Ethernet/wizchip_conf.o
                0x080024cc                wizphy_getphylink
 .text.wizphy_reset
                0x080024dc       0x34 ./io6Library/Ethernet/wizchip_conf.o
                0x080024dc                wizphy_reset
 .text.wizphy_setphyconf
                0x08002510       0x60 ./io6Library/Ethernet/wizchip_conf.o
                0x08002510                wizphy_setphyconf
 .text.wizphy_getphyconf
                0x08002570       0x4c ./io6Library/Ethernet/wizchip_conf.o
                0x08002570                wizphy_getphyconf
 .text.wizphy_getphystatus
                0x080025bc       0x4c ./io6Library/Ethernet/wizchip_conf.o
                0x080025bc                wizphy_getphystatus
 .text.wizphy_setphypmode
                0x08002608       0x28 ./io6Library/Ethernet/wizchip_conf.o
                0x08002608                wizphy_setphypmode
 .text.wizphy_getphypmode
                0x08002630       0x1c ./io6Library/Ethernet/wizchip_conf.o
                0x08002630                wizphy_getphypmode
 .text.ctlwizchip
                0x0800264c      0x254 ./io6Library/Ethernet/wizchip_conf.o
                0x0800264c                ctlwizchip
 .text.wizchip_setnetinfo
                0x080028a0       0xc4 ./io6Library/Ethernet/wizchip_conf.o
                0x080028a0                wizchip_setnetinfo
 .text.wizchip_getnetinfo
                0x08002964       0xc4 ./io6Library/Ethernet/wizchip_conf.o
                0x08002964                wizchip_getnetinfo
 .text.wizchip_setnetmode
                0x08002a28       0x38 ./io6Library/Ethernet/wizchip_conf.o
                0x08002a28                wizchip_setnetmode
 .text.wizchip_getnetmode
                0x08002a60       0x30 ./io6Library/Ethernet/wizchip_conf.o
                0x08002a60                wizchip_getnetmode
 .text.wizchip_settimeout
                0x08002a90       0x50 ./io6Library/Ethernet/wizchip_conf.o
                0x08002a90                wizchip_settimeout
 .text.wizchip_gettimeout
                0x08002ae0       0x5c ./io6Library/Ethernet/wizchip_conf.o
                0x08002ae0                wizchip_gettimeout
 .text.ctlnetwork
                0x08002b3c       0x74 ./io6Library/Ethernet/wizchip_conf.o
                0x08002b3c                ctlnetwork
 .text.__errno  0x08002bb0        0xc c:/program files (x86)/gnu tools arm embedded/8 2018-q4-major/bin/../lib/gcc/arm-none-eabi/8.2.1/../../../../arm-none-eabi/lib/thumb/v7-m/nofp\libg_nano.a(lib_a-errno.o)
                0x08002bb0                __errno
 .text.memcpy   0x08002bbc       0x1c c:/program files (x86)/gnu tools arm embedded/8 2018-q4-major/bin/../lib/gcc/arm-none-eabi/8.2.1/../../../../arm-none-eabi/lib/thumb/v7-m/nofp\libg_nano.a(lib_a-memcpy-stub.o)
                0x08002bbc                memcpy
 .text.memset   0x08002bd8       0x10 c:/program files (x86)/gnu tools arm embedded/8 2018-q4-major/bin/../lib/gcc/arm-none-eabi/8.2.1/../../../../arm-none-eabi/lib/thumb/v7-m/nofp\libg_nano.a(lib_a-memset.o)
                0x08002bd8                memset
 .text.printf   0x08002be8       0x30 c:/program files (x86)/gnu tools arm embedded/8 2018-q4-major/bin/../lib/gcc/arm-none-eabi/8.2.1/../../../../arm-none-eabi/lib/thumb/v7-m/nofp\libg_nano.a(lib_a-printf.o)
                0x08002be8                iprintf
                0x08002be8                printf
 .text          0x08002c18       0x10 c:/program files (x86)/gnu tools arm embedded/8 2018-q4-major/bin/../lib/gcc/arm-none-eabi/8.2.1/../../../../arm-none-eabi/lib/thumb/v7-m/nofp\libg_nano.a(lib_a-strlen.o)
                0x08002c18                strlen
 .text._vsnprintf_r
                0x08002c28       0x58 c:/program files (x86)/gnu tools arm embedded/8 2018-q4-major/bin/../lib/gcc/arm-none-eabi/8.2.1/../../../../arm-none-eabi/lib/thumb/v7-m/nofp\libg_nano.a(lib_a-vsnprintf.o)
                0x08002c28                _vsniprintf_r
                0x08002c28                _vsnprintf_r
 .text.vsnprintf
                0x08002c80       0x1c c:/program files (x86)/gnu tools arm embedded/8 2018-q4-major/bin/../lib/gcc/arm-none-eabi/8.2.1/../../../../arm-none-eabi/lib/thumb/v7-m/nofp\libg_nano.a(lib_a-vsnprintf.o)
                0x08002c80                vsniprintf
                0x08002c80                vsnprintf
 .text.std      0x08002c9c       0x48 c:/program files (x86)/gnu tools arm embedded/8 2018-q4-major/bin/../lib/gcc/arm-none-eabi/8.2.1/../../../../arm-none-eabi/lib/thumb/v7-m/nofp\libg_nano.a(lib_a-findfp.o)
 .text._cleanup_r
                0x08002ce4        0xc c:/program files (x86)/gnu tools arm embedded/8 2018-q4-major/bin/../lib/gcc/arm-none-eabi/8.2.1/../../../../arm-none-eabi/lib/thumb/v7-m/nofp\libg_nano.a(lib_a-findfp.o)
                0x08002ce4                _cleanup_r
 .text.__sfmoreglue
                0x08002cf0       0x2c c:/program files (x86)/gnu tools arm embedded/8 2018-q4-major/bin/../lib/gcc/arm-none-eabi/8.2.1/../../../../arm-none-eabi/lib/thumb/v7-m/nofp\libg_nano.a(lib_a-findfp.o)
                0x08002cf0                __sfmoreglue
 .text.__sfp_lock_acquire
                0x08002d1c        0xc c:/program files (x86)/gnu tools arm embedded/8 2018-q4-major/bin/../lib/gcc/arm-none-eabi/8.2.1/../../../../arm-none-eabi/lib/thumb/v7-m/nofp\libg_nano.a(lib_a-findfp.o)
                0x08002d1c                __sfp_lock_acquire
 .text.__sfp_lock_release
                0x08002d28        0xc c:/program files (x86)/gnu tools arm embedded/8 2018-q4-major/bin/../lib/gcc/arm-none-eabi/8.2.1/../../../../arm-none-eabi/lib/thumb/v7-m/nofp\libg_nano.a(lib_a-findfp.o)
                0x08002d28                __sfp_lock_release
 .text.__sinit_lock_acquire
                0x08002d34        0xc c:/program files (x86)/gnu tools arm embedded/8 2018-q4-major/bin/../lib/gcc/arm-none-eabi/8.2.1/../../../../arm-none-eabi/lib/thumb/v7-m/nofp\libg_nano.a(lib_a-findfp.o)
                0x08002d34                __sinit_lock_acquire
 .text.__sinit_lock_release
                0x08002d40        0xc c:/program files (x86)/gnu tools arm embedded/8 2018-q4-major/bin/../lib/gcc/arm-none-eabi/8.2.1/../../../../arm-none-eabi/lib/thumb/v7-m/nofp\libg_nano.a(lib_a-findfp.o)
                0x08002d40                __sinit_lock_release
 .text.__sinit  0x08002d4c       0x70 c:/program files (x86)/gnu tools arm embedded/8 2018-q4-major/bin/../lib/gcc/arm-none-eabi/8.2.1/../../../../arm-none-eabi/lib/thumb/v7-m/nofp\libg_nano.a(lib_a-findfp.o)
                0x08002d4c                __sinit
 .text.__sfp    0x08002dbc       0x8c c:/program files (x86)/gnu tools arm embedded/8 2018-q4-major/bin/../lib/gcc/arm-none-eabi/8.2.1/../../../../arm-none-eabi/lib/thumb/v7-m/nofp\libg_nano.a(lib_a-findfp.o)
                0x08002dbc                __sfp
 .text._fwalk_reent
                0x08002e48       0x3c c:/program files (x86)/gnu tools arm embedded/8 2018-q4-major/bin/../lib/gcc/arm-none-eabi/8.2.1/../../../../arm-none-eabi/lib/thumb/v7-m/nofp\libg_nano.a(lib_a-fwalk.o)
                0x08002e48                _fwalk_reent
 .text.__retarget_lock_init_recursive
                0x08002e84        0x2 c:/program files (x86)/gnu tools arm embedded/8 2018-q4-major/bin/../lib/gcc/arm-none-eabi/8.2.1/../../../../arm-none-eabi/lib/thumb/v7-m/nofp\libg_nano.a(lib_a-lock.o)
                0x08002e84                __retarget_lock_init_recursive
 .text.__retarget_lock_acquire_recursive
                0x08002e86        0x2 c:/program files (x86)/gnu tools arm embedded/8 2018-q4-major/bin/../lib/gcc/arm-none-eabi/8.2.1/../../../../arm-none-eabi/lib/thumb/v7-m/nofp\libg_nano.a(lib_a-lock.o)
                0x08002e86                __retarget_lock_acquire_recursive
 .text.__retarget_lock_release_recursive
                0x08002e88        0x2 c:/program files (x86)/gnu tools arm embedded/8 2018-q4-major/bin/../lib/gcc/arm-none-eabi/8.2.1/../../../../arm-none-eabi/lib/thumb/v7-m/nofp\libg_nano.a(lib_a-lock.o)
                0x08002e88                __retarget_lock_release_recursive
 *fill*         0x08002e8a        0x2 
 .text._malloc_r
                0x08002e8c       0xb4 c:/program files (x86)/gnu tools arm embedded/8 2018-q4-major/bin/../lib/gcc/arm-none-eabi/8.2.1/../../../../arm-none-eabi/lib/thumb/v7-m/nofp\libg_nano.a(lib_a-nano-mallocr.o)
                0x08002e8c                _malloc_r
 .text.__ssputs_r
                0x08002f40       0xb6 c:/program files (x86)/gnu tools arm embedded/8 2018-q4-major/bin/../lib/gcc/arm-none-eabi/8.2.1/../../../../arm-none-eabi/lib/thumb/v7-m/nofp\libg_nano.a(lib_a-nano-svfprintf.o)
                0x08002f40                __ssputs_r
 *fill*         0x08002ff6        0x2 
 .text._svfprintf_r
                0x08002ff8      0x1f0 c:/program files (x86)/gnu tools arm embedded/8 2018-q4-major/bin/../lib/gcc/arm-none-eabi/8.2.1/../../../../arm-none-eabi/lib/thumb/v7-m/nofp\libg_nano.a(lib_a-nano-svfprintf.o)
                0x08002ff8                _svfiprintf_r
                0x08002ff8                _svfprintf_r
 .text.__sfputc_r
                0x080031e8       0x2a c:/program files (x86)/gnu tools arm embedded/8 2018-q4-major/bin/../lib/gcc/arm-none-eabi/8.2.1/../../../../arm-none-eabi/lib/thumb/v7-m/nofp\libg_nano.a(lib_a-nano-vfprintf.o)
 .text.__sfputs_r
                0x08003212       0x24 c:/program files (x86)/gnu tools arm embedded/8 2018-q4-major/bin/../lib/gcc/arm-none-eabi/8.2.1/../../../../arm-none-eabi/lib/thumb/v7-m/nofp\libg_nano.a(lib_a-nano-vfprintf.o)
                0x08003212                __sfputs_r
 *fill*         0x08003236        0x2 
 .text._vfprintf_r
                0x08003238      0x250 c:/program files (x86)/gnu tools arm embedded/8 2018-q4-major/bin/../lib/gcc/arm-none-eabi/8.2.1/../../../../arm-none-eabi/lib/thumb/v7-m/nofp\libg_nano.a(lib_a-nano-vfprintf.o)
                0x08003238                _vfprintf_r
                0x08003238                _vfiprintf_r
 .text._printf_common
                0x08003488       0xec c:/program files (x86)/gnu tools arm embedded/8 2018-q4-major/bin/../lib/gcc/arm-none-eabi/8.2.1/../../../../arm-none-eabi/lib/thumb/v7-m/nofp\libg_nano.a(lib_a-nano-vfprintf_i.o)
                0x08003488                _printf_common
 .text._printf_i
                0x08003574      0x22c c:/program files (x86)/gnu tools arm embedded/8 2018-q4-major/bin/../lib/gcc/arm-none-eabi/8.2.1/../../../../arm-none-eabi/lib/thumb/v7-m/nofp\libg_nano.a(lib_a-nano-vfprintf_i.o)
                0x08003574                _printf_i
 .text._sbrk_r  0x080037a0       0x20 c:/program files (x86)/gnu tools arm embedded/8 2018-q4-major/bin/../lib/gcc/arm-none-eabi/8.2.1/../../../../arm-none-eabi/lib/thumb/v7-m/nofp\libg_nano.a(lib_a-sbrkr.o)
                0x080037a0                _sbrk_r
 .text.__sread  0x080037c0       0x22 c:/program files (x86)/gnu tools arm embedded/8 2018-q4-major/bin/../lib/gcc/arm-none-eabi/8.2.1/../../../../arm-none-eabi/lib/thumb/v7-m/nofp\libg_nano.a(lib_a-stdio.o)
                0x080037c0                __sread
 .text.__swrite
                0x080037e2       0x38 c:/program files (x86)/gnu tools arm embedded/8 2018-q4-major/bin/../lib/gcc/arm-none-eabi/8.2.1/../../../../arm-none-eabi/lib/thumb/v7-m/nofp\libg_nano.a(lib_a-stdio.o)
                0x080037e2                __swrite
 .text.__sseek  0x0800381a       0x24 c:/program files (x86)/gnu tools arm embedded/8 2018-q4-major/bin/../lib/gcc/arm-none-eabi/8.2.1/../../../../arm-none-eabi/lib/thumb/v7-m/nofp\libg_nano.a(lib_a-stdio.o)
                0x0800381a                __sseek
 .text.__sclose
                0x0800383e        0x8 c:/program files (x86)/gnu tools arm embedded/8 2018-q4-major/bin/../lib/gcc/arm-none-eabi/8.2.1/../../../../arm-none-eabi/lib/thumb/v7-m/nofp\libg_nano.a(lib_a-stdio.o)
                0x0800383e                __sclose
 *fill*         0x08003846        0x2 
 .text.__swbuf_r
                0x08003848       0xa4 c:/program files (x86)/gnu tools arm embedded/8 2018-q4-major/bin/../lib/gcc/arm-none-eabi/8.2.1/../../../../arm-none-eabi/lib/thumb/v7-m/nofp\libg_nano.a(lib_a-wbuf.o)
                0x08003848                __swbuf_r
 .text._write_r
                0x080038ec       0x24 c:/program files (x86)/gnu tools arm embedded/8 2018-q4-major/bin/../lib/gcc/arm-none-eabi/8.2.1/../../../../arm-none-eabi/lib/thumb/v7-m/nofp\libg_nano.a(lib_a-writer.o)
                0x080038ec                _write_r
 .text.__swsetup_r
                0x08003910       0xdc c:/program files (x86)/gnu tools arm embedded/8 2018-q4-major/bin/../lib/gcc/arm-none-eabi/8.2.1/../../../../arm-none-eabi/lib/thumb/v7-m/nofp\libg_nano.a(lib_a-wsetup.o)
                0x08003910                __swsetup_r
 .text._close_r
                0x080039ec       0x20 c:/program files (x86)/gnu tools arm embedded/8 2018-q4-major/bin/../lib/gcc/arm-none-eabi/8.2.1/../../../../arm-none-eabi/lib/thumb/v7-m/nofp\libg_nano.a(lib_a-closer.o)
                0x080039ec                _close_r
 .text.__sflush_r
                0x08003a0c      0x10c c:/program files (x86)/gnu tools arm embedded/8 2018-q4-major/bin/../lib/gcc/arm-none-eabi/8.2.1/../../../../arm-none-eabi/lib/thumb/v7-m/nofp\libg_nano.a(lib_a-fflush.o)
                0x08003a0c                __sflush_r
 .text._fflush_r
                0x08003b18       0x78 c:/program files (x86)/gnu tools arm embedded/8 2018-q4-major/bin/../lib/gcc/arm-none-eabi/8.2.1/../../../../arm-none-eabi/lib/thumb/v7-m/nofp\libg_nano.a(lib_a-fflush.o)
                0x08003b18                _fflush_r
 .text._lseek_r
                0x08003b90       0x24 c:/program files (x86)/gnu tools arm embedded/8 2018-q4-major/bin/../lib/gcc/arm-none-eabi/8.2.1/../../../../arm-none-eabi/lib/thumb/v7-m/nofp\libg_nano.a(lib_a-lseekr.o)
                0x08003b90                _lseek_r
 .text.__swhatbuf_r
                0x08003bb4       0x48 c:/program files (x86)/gnu tools arm embedded/8 2018-q4-major/bin/../lib/gcc/arm-none-eabi/8.2.1/../../../../arm-none-eabi/lib/thumb/v7-m/nofp\libg_nano.a(lib_a-makebuf.o)
                0x08003bb4                __swhatbuf_r
 .text.__smakebuf_r
                0x08003bfc       0x80 c:/program files (x86)/gnu tools arm embedded/8 2018-q4-major/bin/../lib/gcc/arm-none-eabi/8.2.1/../../../../arm-none-eabi/lib/thumb/v7-m/nofp\libg_nano.a(lib_a-makebuf.o)
                0x08003bfc                __smakebuf_r
 .text.memchr   0x08003c7c       0x1c c:/program files (x86)/gnu tools arm embedded/8 2018-q4-major/bin/../lib/gcc/arm-none-eabi/8.2.1/../../../../arm-none-eabi/lib/thumb/v7-m/nofp\libg_nano.a(lib_a-memchr-stub.o)
                0x08003c7c                memchr
 .text.memmove  0x08003c98       0x34 c:/program files (x86)/gnu tools arm embedded/8 2018-q4-major/bin/../lib/gcc/arm-none-eabi/8.2.1/../../../../arm-none-eabi/lib/thumb/v7-m/nofp\libg_nano.a(lib_a-memmove.o)
                0x08003c98                memmove
 .text.__malloc_lock
                0x08003ccc        0xc c:/program files (x86)/gnu tools arm embedded/8 2018-q4-major/bin/../lib/gcc/arm-none-eabi/8.2.1/../../../../arm-none-eabi/lib/thumb/v7-m/nofp\libg_nano.a(lib_a-mlock.o)
                0x08003ccc                __malloc_lock
 .text.__malloc_unlock
                0x08003cd8        0xc c:/program files (x86)/gnu tools arm embedded/8 2018-q4-major/bin/../lib/gcc/arm-none-eabi/8.2.1/../../../../arm-none-eabi/lib/thumb/v7-m/nofp\libg_nano.a(lib_a-mlock.o)
                0x08003cd8                __malloc_unlock
 .text._free_r  0x08003ce4       0x98 c:/program files (x86)/gnu tools arm embedded/8 2018-q4-major/bin/../lib/gcc/arm-none-eabi/8.2.1/../../../../arm-none-eabi/lib/thumb/v7-m/nofp\libg_nano.a(lib_a-nano-freer.o)
                0x08003ce4                _free_r
 .text._realloc_r
                0x08003d7c       0x4c c:/program files (x86)/gnu tools arm embedded/8 2018-q4-major/bin/../lib/gcc/arm-none-eabi/8.2.1/../../../../arm-none-eabi/lib/thumb/v7-m/nofp\libg_nano.a(lib_a-nano-reallocr.o)
                0x08003d7c                _realloc_r
 .text._read_r  0x08003dc8       0x24 c:/program files (x86)/gnu tools arm embedded/8 2018-q4-major/bin/../lib/gcc/arm-none-eabi/8.2.1/../../../../arm-none-eabi/lib/thumb/v7-m/nofp\libg_nano.a(lib_a-readr.o)
                0x08003dc8                _read_r
 .text._fstat_r
                0x08003dec       0x24 c:/program files (x86)/gnu tools arm embedded/8 2018-q4-major/bin/../lib/gcc/arm-none-eabi/8.2.1/../../../../arm-none-eabi/lib/thumb/v7-m/nofp\libg_nano.a(lib_a-fstatr.o)
                0x08003dec                _fstat_r
 .text._isatty_r
                0x08003e10       0x20 c:/program files (x86)/gnu tools arm embedded/8 2018-q4-major/bin/../lib/gcc/arm-none-eabi/8.2.1/../../../../arm-none-eabi/lib/thumb/v7-m/nofp\libg_nano.a(lib_a-isattyr.o)
                0x08003e10                _isatty_r
 .text._malloc_usable_size_r
                0x08003e30       0x10 c:/program files (x86)/gnu tools arm embedded/8 2018-q4-major/bin/../lib/gcc/arm-none-eabi/8.2.1/../../../../arm-none-eabi/lib/thumb/v7-m/nofp\libg_nano.a(lib_a-nano-msizer.o)
                0x08003e30                _malloc_usable_size_r
 .text._close   0x08003e40       0x10 c:/program files (x86)/gnu tools arm embedded/8 2018-q4-major/bin/../lib/gcc/arm-none-eabi/8.2.1/../../../../arm-none-eabi/lib/thumb/v7-m/nofp\libnosys.a(close.o)
                0x08003e40                _close
 .text._fstat   0x08003e50       0x10 c:/program files (x86)/gnu tools arm embedded/8 2018-q4-major/bin/../lib/gcc/arm-none-eabi/8.2.1/../../../../arm-none-eabi/lib/thumb/v7-m/nofp\libnosys.a(fstat.o)
                0x08003e50                _fstat
 .text._isatty  0x08003e60       0x10 c:/program files (x86)/gnu tools arm embedded/8 2018-q4-major/bin/../lib/gcc/arm-none-eabi/8.2.1/../../../../arm-none-eabi/lib/thumb/v7-m/nofp\libnosys.a(isatty.o)
                0x08003e60                _isatty
 .text._lseek   0x08003e70       0x10 c:/program files (x86)/gnu tools arm embedded/8 2018-q4-major/bin/../lib/gcc/arm-none-eabi/8.2.1/../../../../arm-none-eabi/lib/thumb/v7-m/nofp\libnosys.a(lseek.o)
                0x08003e70                _lseek
 .text._read    0x08003e80       0x10 c:/program files (x86)/gnu tools arm embedded/8 2018-q4-major/bin/../lib/gcc/arm-none-eabi/8.2.1/../../../../arm-none-eabi/lib/thumb/v7-m/nofp\libnosys.a(read.o)
                0x08003e80                _read
 *(.rodata .rodata.* .constdata .constdata.*)
 .rodata.NVIC_PriorityGroupConfig.str1.4
                0x08003e90       0x27 ./system/src/stm32f1-stdperiph/misc.o
 *fill*         0x08003eb7        0x1 
 .rodata.GPIO_DeInit.str1.4
                0x08003eb8       0x31 ./system/src/stm32f1-stdperiph/stm32f10x_gpio.o
 *fill*         0x08003ee9        0x3 
 .rodata.RCC_HSEConfig.str1.4
                0x08003eec       0x30 ./system/src/stm32f1-stdperiph/stm32f10x_rcc.o
 .rodata.SPI_I2S_DeInit.str1.4
                0x08003f1c       0x30 ./system/src/stm32f1-stdperiph/stm32f10x_spi.o
 .rodata.TIM_DeInit.str1.4
                0x08003f4c       0x30 ./system/src/stm32f1-stdperiph/stm32f10x_tim.o
 .rodata.USART_DeInit.str1.4
                0x08003f7c       0x32 ./system/src/stm32f1-stdperiph/stm32f10x_usart.o
 *fill*         0x08003fae        0x2 
 .rodata.abort.str1.4
                0x08003fb0       0x14 ./system/src/newlib/_exit.o
 .rodata.assert_failed.str1.4
                0x08003fc4       0x2b ./system/src/newlib/assert.o
 .rodata.trace_puts.str1.4
                0x08003fef       0x2b ./system/src/diag/Trace.o
                                  0x2 (size before relaxing)
 *fill*         0x08003fef        0x1 
 .rodata.dumpExceptionStack.str1.4
                0x08003ff0      0x11a ./system/src/cortexm/exception_handlers.o
 *fill*         0x0800410a        0x2 
 .rodata.str1.4
                0x0800410c       0x2a ./system/src/cortexm/exception_handlers.o
 *fill*         0x08004136        0x2 
 .rodata        0x08004138       0x10 ./src/W6100RelFunctions.o
 .rodata.W6100Initialze.str1.4
                0x08004148       0x56 ./src/W6100RelFunctions.o
 *fill*         0x0800419e        0x2 
 .rodata.main.str1.4
                0x080041a0       0x51 ./src/main.o
 *fill*         0x080041f1        0x3 
 .rodata.print_network_information.str1.4
                0x080041f4      0x124 ./src/main.o
 .rodata._global_impure_ptr
                0x08004318        0x4 c:/program files (x86)/gnu tools arm embedded/8 2018-q4-major/bin/../lib/gcc/arm-none-eabi/8.2.1/../../../../arm-none-eabi/lib/thumb/v7-m/nofp\libg_nano.a(lib_a-impure.o)
                0x08004318                _global_impure_ptr
 .rodata.__sf_fake_stderr
                0x0800431c       0x20 c:/program files (x86)/gnu tools arm embedded/8 2018-q4-major/bin/../lib/gcc/arm-none-eabi/8.2.1/../../../../arm-none-eabi/lib/thumb/v7-m/nofp\libg_nano.a(lib_a-findfp.o)
                0x0800431c                __sf_fake_stderr
 .rodata.__sf_fake_stdin
                0x0800433c       0x20 c:/program files (x86)/gnu tools arm embedded/8 2018-q4-major/bin/../lib/gcc/arm-none-eabi/8.2.1/../../../../arm-none-eabi/lib/thumb/v7-m/nofp\libg_nano.a(lib_a-findfp.o)
                0x0800433c                __sf_fake_stdin
 .rodata.__sf_fake_stdout
                0x0800435c       0x20 c:/program files (x86)/gnu tools arm embedded/8 2018-q4-major/bin/../lib/gcc/arm-none-eabi/8.2.1/../../../../arm-none-eabi/lib/thumb/v7-m/nofp\libg_nano.a(lib_a-findfp.o)
                0x0800435c                __sf_fake_stdout
 .rodata._svfprintf_r.str1.1
                0x0800437c       0x11 c:/program files (x86)/gnu tools arm embedded/8 2018-q4-major/bin/../lib/gcc/arm-none-eabi/8.2.1/../../../../arm-none-eabi/lib/thumb/v7-m/nofp\libg_nano.a(lib_a-nano-svfprintf.o)
 .rodata._vfprintf_r.str1.1
                0x0800438d       0x11 c:/program files (x86)/gnu tools arm embedded/8 2018-q4-major/bin/../lib/gcc/arm-none-eabi/8.2.1/../../../../arm-none-eabi/lib/thumb/v7-m/nofp\libg_nano.a(lib_a-nano-vfprintf.o)
 .rodata._printf_i.str1.1
                0x0800438d       0x22 c:/program files (x86)/gnu tools arm embedded/8 2018-q4-major/bin/../lib/gcc/arm-none-eabi/8.2.1/../../../../arm-none-eabi/lib/thumb/v7-m/nofp\libg_nano.a(lib_a-nano-vfprintf_i.o)
 *(vtable)
 *(.eh_frame*)
 *(.glue_7)
 .glue_7        0x080043af        0x0 linker stubs
 *(.glue_7t)
 .glue_7t       0x080043af        0x0 linker stubs

.vfp11_veneer   0x080043b0        0x0
 .vfp11_veneer  0x080043b0        0x0 linker stubs

.v4_bx          0x080043b0        0x0
 .v4_bx         0x080043b0        0x0 linker stubs

.iplt           0x080043b0        0x0
 .iplt          0x080043b0        0x0 ./system/src/stm32f1-stdperiph/misc.o

.rel.dyn        0x080043b0        0x0
 .rel.iplt      0x080043b0        0x0 ./system/src/stm32f1-stdperiph/misc.o

.ARM.extab
 *(.ARM.extab* .gnu.linkonce.armextab.*)
                0x080043b0                . = ALIGN (0x4)
                0x080043b0                __exidx_start = .

.ARM.exidx
 *(.ARM.exidx* .gnu.linkonce.armexidx.*)
                0x080043b0                __exidx_end = .
                0x080043b0                . = ALIGN (0x4)
                0x080043b0                _etext = .
                0x080043b0                __etext = .

.data_CCMRAM    0x00000000        0x0 load address 0x080043b0
 FILL mask 0xff
 *(.data.CCMRAM .data.CCMRAM.*)
                0x00000000                . = ALIGN (0x4)
                0x080043b0                _sidata = LOADADDR (.data)

.data           0x20000000      0x12c load address 0x080043b0
 FILL mask 0xff
                0x20000000                _sdata = .
                0x20000000                __data_start__ = .
 *(.data_begin .data_begin.*)
 .data_begin    0x20000000        0x4 ./system/src/newlib/_startup.o
 *(.data .data.*)
 .data.ADCPrescTable
                0x20000004        0x4 ./system/src/stm32f1-stdperiph/stm32f10x_rcc.o
 .data.APBAHBPrescTable
                0x20000008       0x10 ./system/src/stm32f1-stdperiph/stm32f10x_rcc.o
 .data.argv.4374
                0x20000018        0x8 ./system/src/newlib/_syscalls.o
 .data.AHBPrescTable
                0x20000020       0x10 ./system/src/cmsis/system_stm32f10x.o
                0x20000020                AHBPrescTable
 .data.SystemCoreClock
                0x20000030        0x4 ./system/src/cmsis/system_stm32f10x.o
                0x20000030                SystemCoreClock
 .data.gWIZNETINFO
                0x20000034       0x67 ./src/main.o
                0x20000034                gWIZNETINFO
 *fill*         0x2000009b        0x1 ff
 .data.WIZCHIP  0x2000009c       0x28 ./io6Library/Ethernet/wizchip_conf.o
                0x2000009c                WIZCHIP
 .data._impure_ptr
                0x200000c4        0x4 c:/program files (x86)/gnu tools arm embedded/8 2018-q4-major/bin/../lib/gcc/arm-none-eabi/8.2.1/../../../../arm-none-eabi/lib/thumb/v7-m/nofp\libg_nano.a(lib_a-impure.o)
                0x200000c4                _impure_ptr
 .data.impure_data
                0x200000c8       0x60 c:/program files (x86)/gnu tools arm embedded/8 2018-q4-major/bin/../lib/gcc/arm-none-eabi/8.2.1/../../../../arm-none-eabi/lib/thumb/v7-m/nofp\libg_nano.a(lib_a-impure.o)
 *(.data_end .data_end.*)
 .data_end      0x20000128        0x4 ./system/src/newlib/_startup.o
                0x2000012c                . = ALIGN (0x4)
                0x2000012c                _edata = .
                0x2000012c                __data_end__ = .

.igot.plt       0x2000012c        0x0 load address 0x080044dc
 .igot.plt      0x2000012c        0x0 ./system/src/stm32f1-stdperiph/misc.o

.bss_CCMRAM     0x00000000        0x0
 *(.bss.CCMRAM .bss.CCMRAM.*)

.bss            0x2000012c       0xd8
                0x2000012c                __bss_start__ = .
                0x2000012c                _sbss = .
 *(.bss_begin .bss_begin.*)
 .bss_begin     0x2000012c        0x4 ./system/src/newlib/_startup.o
 *(.bss .bss.*)
 .bss.current_heap_end.4004
                0x20000130        0x4 ./system/src/newlib/_sbrk.o
 .bss.name.4373
                0x20000134        0x1 ./system/src/newlib/_syscalls.o
 *fill*         0x20000135        0x3 
 .bss.buf.5248  0x20000138       0x80 ./system/src/diag/Trace.o
 .bss.day_cnt   0x200001b8        0x2 ./src/PlatformHandler/timerHandler.o
                0x200001b8                day_cnt
 *fill*         0x200001ba        0x2 
 .bss.devtime_msec
                0x200001bc        0x4 ./src/PlatformHandler/timerHandler.o
                0x200001bc                devtime_msec
 .bss.devtime_sec
                0x200001c0        0x4 ./src/PlatformHandler/timerHandler.o
                0x200001c0                devtime_sec
 .bss.hour_cnt  0x200001c4        0x1 ./src/PlatformHandler/timerHandler.o
                0x200001c4                hour_cnt
 .bss.min_cnt   0x200001c5        0x1 ./src/PlatformHandler/timerHandler.o
                0x200001c5                min_cnt
 .bss.msec_cnt  0x200001c6        0x2 ./src/PlatformHandler/timerHandler.o
                0x200001c6                msec_cnt
 .bss.sec_cnt   0x200001c8        0x1 ./src/PlatformHandler/timerHandler.o
                0x200001c8                sec_cnt
 *fill*         0x200001c9        0x3 
 .bss._DNS6_    0x200001cc       0x10 ./io6Library/Ethernet/wizchip_conf.o
 .bss._DNS_     0x200001dc        0x4 ./io6Library/Ethernet/wizchip_conf.o
 .bss._IPMODE_  0x200001e0        0x1 ./io6Library/Ethernet/wizchip_conf.o
 *fill*         0x200001e1        0x3 
 .bss.__malloc_free_list
                0x200001e4        0x4 c:/program files (x86)/gnu tools arm embedded/8 2018-q4-major/bin/../lib/gcc/arm-none-eabi/8.2.1/../../../../arm-none-eabi/lib/thumb/v7-m/nofp\libg_nano.a(lib_a-nano-mallocr.o)
                0x200001e4                __malloc_free_list
 .bss.__malloc_sbrk_start
                0x200001e8        0x4 c:/program files (x86)/gnu tools arm embedded/8 2018-q4-major/bin/../lib/gcc/arm-none-eabi/8.2.1/../../../../arm-none-eabi/lib/thumb/v7-m/nofp\libg_nano.a(lib_a-nano-mallocr.o)
                0x200001e8                __malloc_sbrk_start
 *(COMMON)
 COMMON         0x200001ec        0x4 ./system/src/newlib/_syscalls.o
                0x200001ec                errno
 COMMON         0x200001f0        0x4 ./src/Timer.o
                0x200001f0                timer_delayCount
 COMMON         0x200001f4        0x9 c:/program files (x86)/gnu tools arm embedded/8 2018-q4-major/bin/../lib/gcc/arm-none-eabi/8.2.1/../../../../arm-none-eabi/lib/thumb/v7-m/nofp\libg_nano.a(lib_a-lock.o)
                0x200001f4                __lock___atexit_recursive_mutex
                0x200001f5                __lock___arc4random_mutex
                0x200001f6                __lock___env_recursive_mutex
                0x200001f7                __lock___sinit_recursive_mutex
                0x200001f8                __lock___malloc_recursive_mutex
                0x200001f9                __lock___at_quick_exit_mutex
                0x200001fa                __lock___dd_hash_mutex
                0x200001fb                __lock___tz_mutex
                0x200001fc                __lock___sfp_recursive_mutex
 *(.bss_end .bss_end.*)
 *fill*         0x200001fd        0x3 
 .bss_end       0x20000200        0x4 ./system/src/newlib/_startup.o
                0x20000204                . = ALIGN (0x4)
                0x20000204                __bss_end__ = .
                0x20000204                _ebss = .

.noinit_CCMRAM
 *(.noinit.CCMRAM .noinit.CCMRAM.*)

.noinit         0x20000204        0x0
                0x20000204                _noinit = .
 *(.noinit .noinit.*)
                0x20000204                . = ALIGN (0x4)
                0x20000204                _end_noinit = .
                [!provide]                PROVIDE (end = _end_noinit)
                [!provide]                PROVIDE (_end = _end_noinit)
                [!provide]                PROVIDE (__end = _end_noinit)
                [!provide]                PROVIDE (__end__ = _end_noinit)

._check_stack   0x20000204      0x100
                0x20000304                . = (. + _Minimum_Stack_Size)
 *fill*         0x20000204      0x100 

.b1text
 *(.b1text)
 *(.b1rodata)
 *(.b1rodata.*)

.eb0text
 *(.eb0text)
 *(.eb0rodata)
 *(.eb0rodata.*)

.eb1text
 *(.eb1text)
 *(.eb1rodata)
 *(.eb1rodata.*)

.eb2text
 *(.eb2text)
 *(.eb2rodata)
 *(.eb2rodata.*)

.eb3text
 *(.eb3text)
 *(.eb3rodata)
 *(.eb3rodata.*)

.stab           0x00000000       0x84
 *(.stab)
 .stab          0x00000000       0x24 c:/program files (x86)/gnu tools arm embedded/8 2018-q4-major/bin/../lib/gcc/arm-none-eabi/8.2.1/../../../../arm-none-eabi/lib/thumb/v7-m/nofp\libnosys.a(close.o)
 .stab          0x00000024       0x18 c:/program files (x86)/gnu tools arm embedded/8 2018-q4-major/bin/../lib/gcc/arm-none-eabi/8.2.1/../../../../arm-none-eabi/lib/thumb/v7-m/nofp\libnosys.a(fstat.o)
                                 0x24 (size before relaxing)
 .stab          0x0000003c       0x18 c:/program files (x86)/gnu tools arm embedded/8 2018-q4-major/bin/../lib/gcc/arm-none-eabi/8.2.1/../../../../arm-none-eabi/lib/thumb/v7-m/nofp\libnosys.a(isatty.o)
                                 0x24 (size before relaxing)
 .stab          0x00000054       0x18 c:/program files (x86)/gnu tools arm embedded/8 2018-q4-major/bin/../lib/gcc/arm-none-eabi/8.2.1/../../../../arm-none-eabi/lib/thumb/v7-m/nofp\libnosys.a(lseek.o)
                                 0x24 (size before relaxing)
 .stab          0x0000006c       0x18 c:/program files (x86)/gnu tools arm embedded/8 2018-q4-major/bin/../lib/gcc/arm-none-eabi/8.2.1/../../../../arm-none-eabi/lib/thumb/v7-m/nofp\libnosys.a(read.o)
                                 0x24 (size before relaxing)

.stabstr        0x00000000      0x117
 *(.stabstr)
 .stabstr       0x00000000      0x117 c:/program files (x86)/gnu tools arm embedded/8 2018-q4-major/bin/../lib/gcc/arm-none-eabi/8.2.1/../../../../arm-none-eabi/lib/thumb/v7-m/nofp\libnosys.a(close.o)

.stab.excl
 *(.stab.excl)

.stab.exclstr
 *(.stab.exclstr)

.stab.index
 *(.stab.index)

.stab.indexstr
 *(.stab.indexstr)

.comment        0x00000000       0x75
 *(.comment)
 .comment       0x00000000       0x75 ./system/src/stm32f1-stdperiph/misc.o
                                 0x76 (size before relaxing)
 .comment       0x00000075       0x76 ./system/src/stm32f1-stdperiph/stm32f10x_gpio.o
 .comment       0x00000075       0x76 ./system/src/stm32f1-stdperiph/stm32f10x_rcc.o
 .comment       0x00000075       0x76 ./system/src/stm32f1-stdperiph/stm32f10x_spi.o
 .comment       0x00000075       0x76 ./system/src/stm32f1-stdperiph/stm32f10x_tim.o
 .comment       0x00000075       0x76 ./system/src/stm32f1-stdperiph/stm32f10x_usart.o
 .comment       0x00000075       0x76 ./system/src/newlib/_exit.o
 .comment       0x00000075       0x76 ./system/src/newlib/_sbrk.o
 .comment       0x00000075       0x76 ./system/src/newlib/_startup.o
 .comment       0x00000075       0x76 ./system/src/newlib/_syscalls.o
 .comment       0x00000075       0x76 ./system/src/newlib/assert.o
 .comment       0x00000075       0x76 ./system/src/diag/Trace.o
 .comment       0x00000075       0x76 ./system/src/diag/trace_impl.o
 .comment       0x00000075       0x76 ./system/src/cortexm/_initialize_hardware.o
 .comment       0x00000075       0x76 ./system/src/cortexm/exception_handlers.o
 .comment       0x00000075       0x76 ./system/src/cmsis/system_stm32f10x.o
 .comment       0x00000075       0x76 ./system/src/cmsis/vectors_stm32f10x.o
 .comment       0x00000075       0x76 ./src/PlatformHandler/gpioHandler.o
 .comment       0x00000075       0x76 ./src/PlatformHandler/nvicHandler.o
 .comment       0x00000075       0x76 ./src/PlatformHandler/rccHandler.o
 .comment       0x00000075       0x76 ./src/PlatformHandler/spiHandler.o
 .comment       0x00000075       0x76 ./src/PlatformHandler/timerHandler.o
 .comment       0x00000075       0x76 ./src/PlatformHandler/uartHandler.o
 .comment       0x00000075       0x76 ./src/BlinkLed.o
 .comment       0x00000075       0x76 ./src/Timer.o
 .comment       0x00000075       0x76 ./src/W6100RelFunctions.o
 .comment       0x00000075       0x76 ./src/main.o
 .comment       0x00000075       0x76 ./src/retarget.o
 .comment       0x00000075       0x76 ./src/stm32f10x_it.o
 .comment       0x00000075       0x76 ./io6Library/Ethernet/W6100/w6100.o
 .comment       0x00000075       0x76 ./io6Library/Ethernet/wizchip_conf.o

.ARM.attributes
                0x00000000       0x2b
 .ARM.attributes
                0x00000000       0x2d ./system/src/stm32f1-stdperiph/misc.o
 .ARM.attributes
                0x0000002d       0x2d ./system/src/stm32f1-stdperiph/stm32f10x_gpio.o
 .ARM.attributes
                0x0000005a       0x2d ./system/src/stm32f1-stdperiph/stm32f10x_rcc.o
 .ARM.attributes
                0x00000087       0x2d ./system/src/stm32f1-stdperiph/stm32f10x_spi.o
 .ARM.attributes
                0x000000b4       0x2d ./system/src/stm32f1-stdperiph/stm32f10x_tim.o
 .ARM.attributes
                0x000000e1       0x2d ./system/src/stm32f1-stdperiph/stm32f10x_usart.o
 .ARM.attributes
                0x0000010e       0x2d ./system/src/newlib/_exit.o
 .ARM.attributes
                0x0000013b       0x2d ./system/src/newlib/_sbrk.o
 .ARM.attributes
                0x00000168       0x2d ./system/src/newlib/_startup.o
 .ARM.attributes
                0x00000195       0x2d ./system/src/newlib/_syscalls.o
 .ARM.attributes
                0x000001c2       0x2d ./system/src/newlib/assert.o
 .ARM.attributes
                0x000001ef       0x2d ./system/src/diag/Trace.o
 .ARM.attributes
                0x0000021c       0x2d ./system/src/diag/trace_impl.o
 .ARM.attributes
                0x00000249       0x2d ./system/src/cortexm/_initialize_hardware.o
 .ARM.attributes
                0x00000276       0x2d ./system/src/cortexm/exception_handlers.o
 .ARM.attributes
                0x000002a3       0x2d ./system/src/cmsis/system_stm32f10x.o
 .ARM.attributes
                0x000002d0       0x2d ./system/src/cmsis/vectors_stm32f10x.o
 .ARM.attributes
                0x000002fd       0x2d ./src/PlatformHandler/gpioHandler.o
 .ARM.attributes
                0x0000032a       0x2d ./src/PlatformHandler/nvicHandler.o
 .ARM.attributes
                0x00000357       0x2d ./src/PlatformHandler/rccHandler.o
 .ARM.attributes
                0x00000384       0x2d ./src/PlatformHandler/spiHandler.o
 .ARM.attributes
                0x000003b1       0x2d ./src/PlatformHandler/timerHandler.o
 .ARM.attributes
                0x000003de       0x2d ./src/PlatformHandler/uartHandler.o
 .ARM.attributes
                0x0000040b       0x2d ./src/BlinkLed.o
 .ARM.attributes
                0x00000438       0x2d ./src/Timer.o
 .ARM.attributes
                0x00000465       0x2d ./src/W6100RelFunctions.o
 .ARM.attributes
                0x00000492       0x2d ./src/main.o
 .ARM.attributes
                0x000004bf       0x2d ./src/retarget.o
 .ARM.attributes
                0x000004ec       0x2d ./src/stm32f10x_it.o
 .ARM.attributes
                0x00000519       0x2d ./io6Library/Ethernet/W6100/w6100.o
 .ARM.attributes
                0x00000546       0x2d ./io6Library/Ethernet/wizchip_conf.o
 .ARM.attributes
                0x00000573       0x2d c:/program files (x86)/gnu tools arm embedded/8 2018-q4-major/bin/../lib/gcc/arm-none-eabi/8.2.1/../../../../arm-none-eabi/lib/thumb/v7-m/nofp\libg_nano.a(lib_a-errno.o)
 .ARM.attributes
                0x000005a0       0x2d c:/program files (x86)/gnu tools arm embedded/8 2018-q4-major/bin/../lib/gcc/arm-none-eabi/8.2.1/../../../../arm-none-eabi/lib/thumb/v7-m/nofp\libg_nano.a(lib_a-impure.o)
 .ARM.attributes
                0x000005cd       0x2d c:/program files (x86)/gnu tools arm embedded/8 2018-q4-major/bin/../lib/gcc/arm-none-eabi/8.2.1/../../../../arm-none-eabi/lib/thumb/v7-m/nofp\libg_nano.a(lib_a-memcpy-stub.o)
 .ARM.attributes
                0x000005fa       0x2d c:/program files (x86)/gnu tools arm embedded/8 2018-q4-major/bin/../lib/gcc/arm-none-eabi/8.2.1/../../../../arm-none-eabi/lib/thumb/v7-m/nofp\libg_nano.a(lib_a-memset.o)
 .ARM.attributes
                0x00000627       0x2d c:/program files (x86)/gnu tools arm embedded/8 2018-q4-major/bin/../lib/gcc/arm-none-eabi/8.2.1/../../../../arm-none-eabi/lib/thumb/v7-m/nofp\libg_nano.a(lib_a-printf.o)
 .ARM.attributes
                0x00000654       0x17 c:/program files (x86)/gnu tools arm embedded/8 2018-q4-major/bin/../lib/gcc/arm-none-eabi/8.2.1/../../../../arm-none-eabi/lib/thumb/v7-m/nofp\libg_nano.a(lib_a-strlen.o)
 .ARM.attributes
                0x0000066b       0x2d c:/program files (x86)/gnu tools arm embedded/8 2018-q4-major/bin/../lib/gcc/arm-none-eabi/8.2.1/../../../../arm-none-eabi/lib/thumb/v7-m/nofp\libg_nano.a(lib_a-vsnprintf.o)
 .ARM.attributes
                0x00000698       0x2d c:/program files (x86)/gnu tools arm embedded/8 2018-q4-major/bin/../lib/gcc/arm-none-eabi/8.2.1/../../../../arm-none-eabi/lib/thumb/v7-m/nofp\libg_nano.a(lib_a-findfp.o)
 .ARM.attributes
                0x000006c5       0x2d c:/program files (x86)/gnu tools arm embedded/8 2018-q4-major/bin/../lib/gcc/arm-none-eabi/8.2.1/../../../../arm-none-eabi/lib/thumb/v7-m/nofp\libg_nano.a(lib_a-fwalk.o)
 .ARM.attributes
                0x000006f2       0x2d c:/program files (x86)/gnu tools arm embedded/8 2018-q4-major/bin/../lib/gcc/arm-none-eabi/8.2.1/../../../../arm-none-eabi/lib/thumb/v7-m/nofp\libg_nano.a(lib_a-lock.o)
 .ARM.attributes
                0x0000071f       0x2d c:/program files (x86)/gnu tools arm embedded/8 2018-q4-major/bin/../lib/gcc/arm-none-eabi/8.2.1/../../../../arm-none-eabi/lib/thumb/v7-m/nofp\libg_nano.a(lib_a-nano-mallocr.o)
 .ARM.attributes
                0x0000074c       0x2d c:/program files (x86)/gnu tools arm embedded/8 2018-q4-major/bin/../lib/gcc/arm-none-eabi/8.2.1/../../../../arm-none-eabi/lib/thumb/v7-m/nofp\libg_nano.a(lib_a-nano-svfprintf.o)
 .ARM.attributes
                0x00000779       0x2d c:/program files (x86)/gnu tools arm embedded/8 2018-q4-major/bin/../lib/gcc/arm-none-eabi/8.2.1/../../../../arm-none-eabi/lib/thumb/v7-m/nofp\libg_nano.a(lib_a-nano-vfprintf.o)
 .ARM.attributes
                0x000007a6       0x2d c:/program files (x86)/gnu tools arm embedded/8 2018-q4-major/bin/../lib/gcc/arm-none-eabi/8.2.1/../../../../arm-none-eabi/lib/thumb/v7-m/nofp\libg_nano.a(lib_a-nano-vfprintf_i.o)
 .ARM.attributes
                0x000007d3       0x2d c:/program files (x86)/gnu tools arm embedded/8 2018-q4-major/bin/../lib/gcc/arm-none-eabi/8.2.1/../../../../arm-none-eabi/lib/thumb/v7-m/nofp\libg_nano.a(lib_a-sbrkr.o)
 .ARM.attributes
                0x00000800       0x2d c:/program files (x86)/gnu tools arm embedded/8 2018-q4-major/bin/../lib/gcc/arm-none-eabi/8.2.1/../../../../arm-none-eabi/lib/thumb/v7-m/nofp\libg_nano.a(lib_a-stdio.o)
 .ARM.attributes
                0x0000082d       0x2d c:/program files (x86)/gnu tools arm embedded/8 2018-q4-major/bin/../lib/gcc/arm-none-eabi/8.2.1/../../../../arm-none-eabi/lib/thumb/v7-m/nofp\libg_nano.a(lib_a-wbuf.o)
 .ARM.attributes
                0x0000085a       0x2d c:/program files (x86)/gnu tools arm embedded/8 2018-q4-major/bin/../lib/gcc/arm-none-eabi/8.2.1/../../../../arm-none-eabi/lib/thumb/v7-m/nofp\libg_nano.a(lib_a-writer.o)
 .ARM.attributes
                0x00000887       0x2d c:/program files (x86)/gnu tools arm embedded/8 2018-q4-major/bin/../lib/gcc/arm-none-eabi/8.2.1/../../../../arm-none-eabi/lib/thumb/v7-m/nofp\libg_nano.a(lib_a-wsetup.o)
 .ARM.attributes
                0x000008b4       0x2d c:/program files (x86)/gnu tools arm embedded/8 2018-q4-major/bin/../lib/gcc/arm-none-eabi/8.2.1/../../../../arm-none-eabi/lib/thumb/v7-m/nofp\libg_nano.a(lib_a-closer.o)
 .ARM.attributes
                0x000008e1       0x2d c:/program files (x86)/gnu tools arm embedded/8 2018-q4-major/bin/../lib/gcc/arm-none-eabi/8.2.1/../../../../arm-none-eabi/lib/thumb/v7-m/nofp\libg_nano.a(lib_a-fflush.o)
 .ARM.attributes
                0x0000090e       0x2d c:/program files (x86)/gnu tools arm embedded/8 2018-q4-major/bin/../lib/gcc/arm-none-eabi/8.2.1/../../../../arm-none-eabi/lib/thumb/v7-m/nofp\libg_nano.a(lib_a-lseekr.o)
 .ARM.attributes
                0x0000093b       0x2d c:/program files (x86)/gnu tools arm embedded/8 2018-q4-major/bin/../lib/gcc/arm-none-eabi/8.2.1/../../../../arm-none-eabi/lib/thumb/v7-m/nofp\libg_nano.a(lib_a-makebuf.o)
 .ARM.attributes
                0x00000968       0x2d c:/program files (x86)/gnu tools arm embedded/8 2018-q4-major/bin/../lib/gcc/arm-none-eabi/8.2.1/../../../../arm-none-eabi/lib/thumb/v7-m/nofp\libg_nano.a(lib_a-memchr-stub.o)
 .ARM.attributes
                0x00000995       0x2d c:/program files (x86)/gnu tools arm embedded/8 2018-q4-major/bin/../lib/gcc/arm-none-eabi/8.2.1/../../../../arm-none-eabi/lib/thumb/v7-m/nofp\libg_nano.a(lib_a-memmove.o)
 .ARM.attributes
                0x000009c2       0x2d c:/program files (x86)/gnu tools arm embedded/8 2018-q4-major/bin/../lib/gcc/arm-none-eabi/8.2.1/../../../../arm-none-eabi/lib/thumb/v7-m/nofp\libg_nano.a(lib_a-mlock.o)
 .ARM.attributes
                0x000009ef       0x2d c:/program files (x86)/gnu tools arm embedded/8 2018-q4-major/bin/../lib/gcc/arm-none-eabi/8.2.1/../../../../arm-none-eabi/lib/thumb/v7-m/nofp\libg_nano.a(lib_a-nano-freer.o)
 .ARM.attributes
                0x00000a1c       0x2d c:/program files (x86)/gnu tools arm embedded/8 2018-q4-major/bin/../lib/gcc/arm-none-eabi/8.2.1/../../../../arm-none-eabi/lib/thumb/v7-m/nofp\libg_nano.a(lib_a-nano-reallocr.o)
 .ARM.attributes
                0x00000a49       0x2d c:/program files (x86)/gnu tools arm embedded/8 2018-q4-major/bin/../lib/gcc/arm-none-eabi/8.2.1/../../../../arm-none-eabi/lib/thumb/v7-m/nofp\libg_nano.a(lib_a-readr.o)
 .ARM.attributes
                0x00000a76       0x2d c:/program files (x86)/gnu tools arm embedded/8 2018-q4-major/bin/../lib/gcc/arm-none-eabi/8.2.1/../../../../arm-none-eabi/lib/thumb/v7-m/nofp\libg_nano.a(lib_a-fstatr.o)
 .ARM.attributes
                0x00000aa3       0x2d c:/program files (x86)/gnu tools arm embedded/8 2018-q4-major/bin/../lib/gcc/arm-none-eabi/8.2.1/../../../../arm-none-eabi/lib/thumb/v7-m/nofp\libg_nano.a(lib_a-isattyr.o)
 .ARM.attributes
                0x00000ad0       0x2d c:/program files (x86)/gnu tools arm embedded/8 2018-q4-major/bin/../lib/gcc/arm-none-eabi/8.2.1/../../../../arm-none-eabi/lib/thumb/v7-m/nofp\libg_nano.a(lib_a-nano-msizer.o)
 .ARM.attributes
                0x00000afd       0x2d c:/program files (x86)/gnu tools arm embedded/8 2018-q4-major/bin/../lib/gcc/arm-none-eabi/8.2.1/../../../../arm-none-eabi/lib/thumb/v7-m/nofp\libnosys.a(close.o)
 .ARM.attributes
                0x00000b2a       0x2d c:/program files (x86)/gnu tools arm embedded/8 2018-q4-major/bin/../lib/gcc/arm-none-eabi/8.2.1/../../../../arm-none-eabi/lib/thumb/v7-m/nofp\libnosys.a(fstat.o)
 .ARM.attributes
                0x00000b57       0x2d c:/program files (x86)/gnu tools arm embedded/8 2018-q4-major/bin/../lib/gcc/arm-none-eabi/8.2.1/../../../../arm-none-eabi/lib/thumb/v7-m/nofp\libnosys.a(isatty.o)
 .ARM.attributes
                0x00000b84       0x2d c:/program files (x86)/gnu tools arm embedded/8 2018-q4-major/bin/../lib/gcc/arm-none-eabi/8.2.1/../../../../arm-none-eabi/lib/thumb/v7-m/nofp\libnosys.a(lseek.o)
 .ARM.attributes
                0x00000bb1       0x2d c:/program files (x86)/gnu tools arm embedded/8 2018-q4-major/bin/../lib/gcc/arm-none-eabi/8.2.1/../../../../arm-none-eabi/lib/thumb/v7-m/nofp\libnosys.a(read.o)

.debug
 *(.debug)

.line
 *(.line)

.debug_srcinfo
 *(.debug_srcinfo)

.debug_sfnames
 *(.debug_sfnames)

.debug_aranges  0x00000000      0xe80
 *(.debug_aranges)
 .debug_aranges
                0x00000000       0x40 ./system/src/stm32f1-stdperiph/misc.o
 .debug_aranges
                0x00000040       0xa8 ./system/src/stm32f1-stdperiph/stm32f10x_gpio.o
 .debug_aranges
                0x000000e8      0x118 ./system/src/stm32f1-stdperiph/stm32f10x_rcc.o
 .debug_aranges
                0x00000200       0xd0 ./system/src/stm32f1-stdperiph/stm32f10x_spi.o
 .debug_aranges
                0x000002d0      0x2f0 ./system/src/stm32f1-stdperiph/stm32f10x_tim.o
 .debug_aranges
                0x000005c0      0x100 ./system/src/stm32f1-stdperiph/stm32f10x_usart.o
 .debug_aranges
                0x000006c0       0x28 ./system/src/newlib/_exit.o
 .debug_aranges
                0x000006e8       0x20 ./system/src/newlib/_sbrk.o
 .debug_aranges
                0x00000708       0x40 ./system/src/newlib/_startup.o
 .debug_aranges
                0x00000748       0x30 ./system/src/newlib/_syscalls.o
 .debug_aranges
                0x00000778       0x28 ./system/src/newlib/assert.o
 .debug_aranges
                0x000007a0       0x38 ./system/src/diag/Trace.o
 .debug_aranges
                0x000007d8       0x30 ./system/src/diag/trace_impl.o
 .debug_aranges
                0x00000808       0x28 ./system/src/cortexm/_initialize_hardware.o
 .debug_aranges
                0x00000830       0x90 ./system/src/cortexm/exception_handlers.o
 .debug_aranges
                0x000008c0       0x38 ./system/src/cmsis/system_stm32f10x.o
 .debug_aranges
                0x000008f8       0x20 ./system/src/cmsis/vectors_stm32f10x.o
 .debug_aranges
                0x00000918       0x20 ./src/PlatformHandler/gpioHandler.o
 .debug_aranges
                0x00000938       0x20 ./src/PlatformHandler/nvicHandler.o
 .debug_aranges
                0x00000958       0x20 ./src/PlatformHandler/rccHandler.o
 .debug_aranges
                0x00000978       0x20 ./src/PlatformHandler/spiHandler.o
 .debug_aranges
                0x00000998       0x80 ./src/PlatformHandler/timerHandler.o
 .debug_aranges
                0x00000a18       0x20 ./src/PlatformHandler/uartHandler.o
 .debug_aranges
                0x00000a38       0x20 ./src/BlinkLed.o
 .debug_aranges
                0x00000a58       0x38 ./src/Timer.o
 .debug_aranges
                0x00000a90       0x88 ./src/W6100RelFunctions.o
 .debug_aranges
                0x00000b18       0x30 ./src/main.o
 .debug_aranges
                0x00000b48       0x28 ./src/retarget.o
 .debug_aranges
                0x00000b70      0x160 ./src/stm32f10x_it.o
 .debug_aranges
                0x00000cd0       0x60 ./io6Library/Ethernet/W6100/w6100.o
 .debug_aranges
                0x00000d30      0x150 ./io6Library/Ethernet/wizchip_conf.o

.debug_pubnames
 *(.debug_pubnames)

.debug_info     0x00000000    0x16987
 *(.debug_info .gnu.linkonce.wi.*)
 .debug_info    0x00000000      0x6a5 ./system/src/stm32f1-stdperiph/misc.o
 .debug_info    0x000006a5      0xce4 ./system/src/stm32f1-stdperiph/stm32f10x_gpio.o
 .debug_info    0x00001389      0xdbb ./system/src/stm32f1-stdperiph/stm32f10x_rcc.o
 .debug_info    0x00002144     0x1113 ./system/src/stm32f1-stdperiph/stm32f10x_spi.o
 .debug_info    0x00003257     0x3ec7 ./system/src/stm32f1-stdperiph/stm32f10x_tim.o
 .debug_info    0x0000711e     0x1439 ./system/src/stm32f1-stdperiph/stm32f10x_usart.o
 .debug_info    0x00008557      0x9e7 ./system/src/newlib/_exit.o
 .debug_info    0x00008f3e      0x9d4 ./system/src/newlib/_sbrk.o
 .debug_info    0x00009912      0x4ce ./system/src/newlib/_startup.o
 .debug_info    0x00009de0      0xab9 ./system/src/newlib/_syscalls.o
 .debug_info    0x0000a899      0xaaa ./system/src/newlib/assert.o
 .debug_info    0x0000b343      0xbdb ./system/src/diag/Trace.o
 .debug_info    0x0000bf1e      0x3be ./system/src/diag/trace_impl.o
 .debug_info    0x0000c2dc      0x2d6 ./system/src/cortexm/_initialize_hardware.o
 .debug_info    0x0000c5b2     0x127b ./system/src/cortexm/exception_handlers.o
 .debug_info    0x0000d82d      0x4e0 ./system/src/cmsis/system_stm32f10x.o
 .debug_info    0x0000dd0d       0xce ./system/src/cmsis/vectors_stm32f10x.o
 .debug_info    0x0000dddb      0x302 ./src/PlatformHandler/gpioHandler.o
 .debug_info    0x0000e0dd      0x333 ./src/PlatformHandler/nvicHandler.o
 .debug_info    0x0000e410      0x14a ./src/PlatformHandler/rccHandler.o
 .debug_info    0x0000e55a      0x2e0 ./src/PlatformHandler/spiHandler.o
 .debug_info    0x0000e83a      0x5f6 ./src/PlatformHandler/timerHandler.o
 .debug_info    0x0000ee30      0x280 ./src/PlatformHandler/uartHandler.o
 .debug_info    0x0000f0b0      0x2b6 ./src/BlinkLed.o
 .debug_info    0x0000f366      0x6de ./src/Timer.o
 .debug_info    0x0000fa44     0x17f2 ./src/W6100RelFunctions.o
 .debug_info    0x00011236     0x174b ./src/main.o
 .debug_info    0x00012981      0xbd3 ./src/retarget.o
 .debug_info    0x00013554      0x673 ./src/stm32f10x_it.o
 .debug_info    0x00013bc7      0x84d ./io6Library/Ethernet/W6100/w6100.o
 .debug_info    0x00014414     0x2573 ./io6Library/Ethernet/wizchip_conf.o

.debug_abbrev   0x00000000     0x3e80
 *(.debug_abbrev)
 .debug_abbrev  0x00000000      0x1bc ./system/src/stm32f1-stdperiph/misc.o
 .debug_abbrev  0x000001bc      0x24b ./system/src/stm32f1-stdperiph/stm32f10x_gpio.o
 .debug_abbrev  0x00000407      0x240 ./system/src/stm32f1-stdperiph/stm32f10x_rcc.o
 .debug_abbrev  0x00000647      0x21d ./system/src/stm32f1-stdperiph/stm32f10x_spi.o
 .debug_abbrev  0x00000864      0x226 ./system/src/stm32f1-stdperiph/stm32f10x_tim.o
 .debug_abbrev  0x00000a8a      0x218 ./system/src/stm32f1-stdperiph/stm32f10x_usart.o
 .debug_abbrev  0x00000ca2      0x222 ./system/src/newlib/_exit.o
 .debug_abbrev  0x00000ec4      0x232 ./system/src/newlib/_sbrk.o
 .debug_abbrev  0x000010f6      0x1d7 ./system/src/newlib/_startup.o
 .debug_abbrev  0x000012cd      0x26d ./system/src/newlib/_syscalls.o
 .debug_abbrev  0x0000153a      0x222 ./system/src/newlib/assert.o
 .debug_abbrev  0x0000175c      0x2c6 ./system/src/diag/Trace.o
 .debug_abbrev  0x00001a22      0x221 ./system/src/diag/trace_impl.o
 .debug_abbrev  0x00001c43       0xfc ./system/src/cortexm/_initialize_hardware.o
 .debug_abbrev  0x00001d3f      0x372 ./system/src/cortexm/exception_handlers.o
 .debug_abbrev  0x000020b1      0x19d ./system/src/cmsis/system_stm32f10x.o
 .debug_abbrev  0x0000224e       0xa5 ./system/src/cmsis/vectors_stm32f10x.o
 .debug_abbrev  0x000022f3      0x149 ./src/PlatformHandler/gpioHandler.o
 .debug_abbrev  0x0000243c      0x136 ./src/PlatformHandler/nvicHandler.o
 .debug_abbrev  0x00002572       0xd8 ./src/PlatformHandler/rccHandler.o
 .debug_abbrev  0x0000264a      0x149 ./src/PlatformHandler/spiHandler.o
 .debug_abbrev  0x00002793      0x1cc ./src/PlatformHandler/timerHandler.o
 .debug_abbrev  0x0000295f      0x149 ./src/PlatformHandler/uartHandler.o
 .debug_abbrev  0x00002aa8      0x187 ./src/BlinkLed.o
 .debug_abbrev  0x00002c2f      0x1f1 ./src/Timer.o
 .debug_abbrev  0x00002e20      0x34f ./src/W6100RelFunctions.o
 .debug_abbrev  0x0000316f      0x3b1 ./src/main.o
 .debug_abbrev  0x00003520      0x286 ./src/retarget.o
 .debug_abbrev  0x000037a6      0x168 ./src/stm32f10x_it.o
 .debug_abbrev  0x0000390e      0x220 ./io6Library/Ethernet/W6100/w6100.o
 .debug_abbrev  0x00003b2e      0x352 ./io6Library/Ethernet/wizchip_conf.o

.debug_line     0x00000000    0x10399
 *(.debug_line)
 .debug_line    0x00000000      0x51d ./system/src/stm32f1-stdperiph/misc.o
 .debug_line    0x0000051d      0xcf1 ./system/src/stm32f1-stdperiph/stm32f10x_gpio.o
 .debug_line    0x0000120e      0xdcf ./system/src/stm32f1-stdperiph/stm32f10x_rcc.o
 .debug_line    0x00001fdd      0xd47 ./system/src/stm32f1-stdperiph/stm32f10x_spi.o
 .debug_line    0x00002d24     0x3960 ./system/src/stm32f1-stdperiph/stm32f10x_tim.o
 .debug_line    0x00006684     0x10fd ./system/src/stm32f1-stdperiph/stm32f10x_usart.o
 .debug_line    0x00007781      0x382 ./system/src/newlib/_exit.o
 .debug_line    0x00007b03      0x373 ./system/src/newlib/_sbrk.o
 .debug_line    0x00007e76      0x594 ./system/src/newlib/_startup.o
 .debug_line    0x0000840a      0x48a ./system/src/newlib/_syscalls.o
 .debug_line    0x00008894      0x3c5 ./system/src/newlib/assert.o
 .debug_line    0x00008c59      0x45e ./system/src/diag/Trace.o
 .debug_line    0x000090b7      0x6d6 ./system/src/diag/trace_impl.o
 .debug_line    0x0000978d      0x38d ./system/src/cortexm/_initialize_hardware.o
 .debug_line    0x00009b1a      0x8c3 ./system/src/cortexm/exception_handlers.o
 .debug_line    0x0000a3dd      0x598 ./system/src/cmsis/system_stm32f10x.o
 .debug_line    0x0000a975      0x118 ./system/src/cmsis/vectors_stm32f10x.o
 .debug_line    0x0000aa8d      0x40b ./src/PlatformHandler/gpioHandler.o
 .debug_line    0x0000ae98      0x389 ./src/PlatformHandler/nvicHandler.o
 .debug_line    0x0000b221      0x365 ./src/PlatformHandler/rccHandler.o
 .debug_line    0x0000b586      0x3ad ./src/PlatformHandler/spiHandler.o
 .debug_line    0x0000b933      0x572 ./src/PlatformHandler/timerHandler.o
 .debug_line    0x0000bea5      0x397 ./src/PlatformHandler/uartHandler.o
 .debug_line    0x0000c23c      0x378 ./src/BlinkLed.o
 .debug_line    0x0000c5b4      0x44b ./src/Timer.o
 .debug_line    0x0000c9ff      0xa52 ./src/W6100RelFunctions.o
 .debug_line    0x0000d451      0xa8d ./src/main.o
 .debug_line    0x0000dede      0x63f ./src/retarget.o
 .debug_line    0x0000e51d      0x7d1 ./src/stm32f10x_it.o
 .debug_line    0x0000ecee      0x4fa ./io6Library/Ethernet/W6100/w6100.o
 .debug_line    0x0000f1e8     0x11b1 ./io6Library/Ethernet/wizchip_conf.o

.debug_frame    0x00000000     0x2fbc
 *(.debug_frame)
 .debug_frame   0x00000000       0x90 ./system/src/stm32f1-stdperiph/misc.o
 .debug_frame   0x00000090      0x1e8 ./system/src/stm32f1-stdperiph/stm32f10x_gpio.o
 .debug_frame   0x00000278      0x320 ./system/src/stm32f1-stdperiph/stm32f10x_rcc.o
 .debug_frame   0x00000598      0x27c ./system/src/stm32f1-stdperiph/stm32f10x_spi.o
 .debug_frame   0x00000814      0x9ec ./system/src/stm32f1-stdperiph/stm32f10x_tim.o
 .debug_frame   0x00001200      0x320 ./system/src/stm32f1-stdperiph/stm32f10x_usart.o
 .debug_frame   0x00001520       0x38 ./system/src/newlib/_exit.o
 .debug_frame   0x00001558       0x28 ./system/src/newlib/_sbrk.o
 .debug_frame   0x00001580       0x7c ./system/src/newlib/_startup.o
 .debug_frame   0x000015fc       0x50 ./system/src/newlib/_syscalls.o
 .debug_frame   0x0000164c       0x40 ./system/src/newlib/assert.o
 .debug_frame   0x0000168c       0x94 ./system/src/diag/Trace.o
 .debug_frame   0x00001720       0x64 ./system/src/diag/trace_impl.o
 .debug_frame   0x00001784       0x40 ./system/src/cortexm/_initialize_hardware.o
 .debug_frame   0x000017c4      0x158 ./system/src/cortexm/exception_handlers.o
 .debug_frame   0x0000191c       0x6c ./system/src/cmsis/system_stm32f10x.o
 .debug_frame   0x00001988       0x20 ./system/src/cmsis/vectors_stm32f10x.o
 .debug_frame   0x000019a8       0x38 ./src/PlatformHandler/gpioHandler.o
 .debug_frame   0x000019e0       0x2c ./src/PlatformHandler/nvicHandler.o
 .debug_frame   0x00001a0c       0x28 ./src/PlatformHandler/rccHandler.o
 .debug_frame   0x00001a34       0x30 ./src/PlatformHandler/spiHandler.o
 .debug_frame   0x00001a64       0xf4 ./src/PlatformHandler/timerHandler.o
 .debug_frame   0x00001b58       0x30 ./src/PlatformHandler/uartHandler.o
 .debug_frame   0x00001b88       0x30 ./src/BlinkLed.o
 .debug_frame   0x00001bb8       0x58 ./src/Timer.o
 .debug_frame   0x00001c10      0x168 ./src/W6100RelFunctions.o
 .debug_frame   0x00001d78       0x6c ./src/main.o
 .debug_frame   0x00001de4       0x48 ./src/retarget.o
 .debug_frame   0x00001e2c      0x2a8 ./src/stm32f10x_it.o
 .debug_frame   0x000020d4      0x140 ./io6Library/Ethernet/W6100/w6100.o
 .debug_frame   0x00002214      0x3d4 ./io6Library/Ethernet/wizchip_conf.o
 .debug_frame   0x000025e8       0x20 c:/program files (x86)/gnu tools arm embedded/8 2018-q4-major/bin/../lib/gcc/arm-none-eabi/8.2.1/../../../../arm-none-eabi/lib/thumb/v7-m/nofp\libg_nano.a(lib_a-errno.o)
 .debug_frame   0x00002608       0x28 c:/program files (x86)/gnu tools arm embedded/8 2018-q4-major/bin/../lib/gcc/arm-none-eabi/8.2.1/../../../../arm-none-eabi/lib/thumb/v7-m/nofp\libg_nano.a(lib_a-memcpy-stub.o)
 .debug_frame   0x00002630       0x20 c:/program files (x86)/gnu tools arm embedded/8 2018-q4-major/bin/../lib/gcc/arm-none-eabi/8.2.1/../../../../arm-none-eabi/lib/thumb/v7-m/nofp\libg_nano.a(lib_a-memset.o)
 .debug_frame   0x00002650       0x74 c:/program files (x86)/gnu tools arm embedded/8 2018-q4-major/bin/../lib/gcc/arm-none-eabi/8.2.1/../../../../arm-none-eabi/lib/thumb/v7-m/nofp\libg_nano.a(lib_a-printf.o)
 .debug_frame   0x000026c4       0x4c c:/program files (x86)/gnu tools arm embedded/8 2018-q4-major/bin/../lib/gcc/arm-none-eabi/8.2.1/../../../../arm-none-eabi/lib/thumb/v7-m/nofp\libg_nano.a(lib_a-vsnprintf.o)
 .debug_frame   0x00002710      0x14c c:/program files (x86)/gnu tools arm embedded/8 2018-q4-major/bin/../lib/gcc/arm-none-eabi/8.2.1/../../../../arm-none-eabi/lib/thumb/v7-m/nofp\libg_nano.a(lib_a-findfp.o)
 .debug_frame   0x0000285c       0x54 c:/program files (x86)/gnu tools arm embedded/8 2018-q4-major/bin/../lib/gcc/arm-none-eabi/8.2.1/../../../../arm-none-eabi/lib/thumb/v7-m/nofp\libg_nano.a(lib_a-fwalk.o)
 .debug_frame   0x000028b0       0xb0 c:/program files (x86)/gnu tools arm embedded/8 2018-q4-major/bin/../lib/gcc/arm-none-eabi/8.2.1/../../../../arm-none-eabi/lib/thumb/v7-m/nofp\libg_nano.a(lib_a-lock.o)
 .debug_frame   0x00002960       0x30 c:/program files (x86)/gnu tools arm embedded/8 2018-q4-major/bin/../lib/gcc/arm-none-eabi/8.2.1/../../../../arm-none-eabi/lib/thumb/v7-m/nofp\libg_nano.a(lib_a-nano-mallocr.o)
 .debug_frame   0x00002990       0x90 c:/program files (x86)/gnu tools arm embedded/8 2018-q4-major/bin/../lib/gcc/arm-none-eabi/8.2.1/../../../../arm-none-eabi/lib/thumb/v7-m/nofp\libg_nano.a(lib_a-nano-svfprintf.o)
 .debug_frame   0x00002a20       0xac c:/program files (x86)/gnu tools arm embedded/8 2018-q4-major/bin/../lib/gcc/arm-none-eabi/8.2.1/../../../../arm-none-eabi/lib/thumb/v7-m/nofp\libg_nano.a(lib_a-nano-vfprintf.o)
 .debug_frame   0x00002acc       0x60 c:/program files (x86)/gnu tools arm embedded/8 2018-q4-major/bin/../lib/gcc/arm-none-eabi/8.2.1/../../../../arm-none-eabi/lib/thumb/v7-m/nofp\libg_nano.a(lib_a-nano-vfprintf_i.o)
 .debug_frame   0x00002b2c       0x2c c:/program files (x86)/gnu tools arm embedded/8 2018-q4-major/bin/../lib/gcc/arm-none-eabi/8.2.1/../../../../arm-none-eabi/lib/thumb/v7-m/nofp\libg_nano.a(lib_a-sbrkr.o)
 .debug_frame   0x00002b58       0x88 c:/program files (x86)/gnu tools arm embedded/8 2018-q4-major/bin/../lib/gcc/arm-none-eabi/8.2.1/../../../../arm-none-eabi/lib/thumb/v7-m/nofp\libg_nano.a(lib_a-stdio.o)
 .debug_frame   0x00002be0       0x40 c:/program files (x86)/gnu tools arm embedded/8 2018-q4-major/bin/../lib/gcc/arm-none-eabi/8.2.1/../../../../arm-none-eabi/lib/thumb/v7-m/nofp\libg_nano.a(lib_a-wbuf.o)
 .debug_frame   0x00002c20       0x2c c:/program files (x86)/gnu tools arm embedded/8 2018-q4-major/bin/../lib/gcc/arm-none-eabi/8.2.1/../../../../arm-none-eabi/lib/thumb/v7-m/nofp\libg_nano.a(lib_a-writer.o)
 .debug_frame   0x00002c4c       0x2c c:/program files (x86)/gnu tools arm embedded/8 2018-q4-major/bin/../lib/gcc/arm-none-eabi/8.2.1/../../../../arm-none-eabi/lib/thumb/v7-m/nofp\libg_nano.a(lib_a-wsetup.o)
 .debug_frame   0x00002c78       0x2c c:/program files (x86)/gnu tools arm embedded/8 2018-q4-major/bin/../lib/gcc/arm-none-eabi/8.2.1/../../../../arm-none-eabi/lib/thumb/v7-m/nofp\libg_nano.a(lib_a-closer.o)
 .debug_frame   0x00002ca4       0x5c c:/program files (x86)/gnu tools arm embedded/8 2018-q4-major/bin/../lib/gcc/arm-none-eabi/8.2.1/../../../../arm-none-eabi/lib/thumb/v7-m/nofp\libg_nano.a(lib_a-fflush.o)
 .debug_frame   0x00002d00       0x2c c:/program files (x86)/gnu tools arm embedded/8 2018-q4-major/bin/../lib/gcc/arm-none-eabi/8.2.1/../../../../arm-none-eabi/lib/thumb/v7-m/nofp\libg_nano.a(lib_a-lseekr.o)
 .debug_frame   0x00002d2c       0x58 c:/program files (x86)/gnu tools arm embedded/8 2018-q4-major/bin/../lib/gcc/arm-none-eabi/8.2.1/../../../../arm-none-eabi/lib/thumb/v7-m/nofp\libg_nano.a(lib_a-makebuf.o)
 .debug_frame   0x00002d84       0x28 c:/program files (x86)/gnu tools arm embedded/8 2018-q4-major/bin/../lib/gcc/arm-none-eabi/8.2.1/../../../../arm-none-eabi/lib/thumb/v7-m/nofp\libg_nano.a(lib_a-memchr-stub.o)
 .debug_frame   0x00002dac       0x28 c:/program files (x86)/gnu tools arm embedded/8 2018-q4-major/bin/../lib/gcc/arm-none-eabi/8.2.1/../../../../arm-none-eabi/lib/thumb/v7-m/nofp\libg_nano.a(lib_a-memmove.o)
 .debug_frame   0x00002dd4       0x30 c:/program files (x86)/gnu tools arm embedded/8 2018-q4-major/bin/../lib/gcc/arm-none-eabi/8.2.1/../../../../arm-none-eabi/lib/thumb/v7-m/nofp\libg_nano.a(lib_a-mlock.o)
 .debug_frame   0x00002e04       0x38 c:/program files (x86)/gnu tools arm embedded/8 2018-q4-major/bin/../lib/gcc/arm-none-eabi/8.2.1/../../../../arm-none-eabi/lib/thumb/v7-m/nofp\libg_nano.a(lib_a-nano-freer.o)
 .debug_frame   0x00002e3c       0x3c c:/program files (x86)/gnu tools arm embedded/8 2018-q4-major/bin/../lib/gcc/arm-none-eabi/8.2.1/../../../../arm-none-eabi/lib/thumb/v7-m/nofp\libg_nano.a(lib_a-nano-reallocr.o)
 .debug_frame   0x00002e78       0x2c c:/program files (x86)/gnu tools arm embedded/8 2018-q4-major/bin/../lib/gcc/arm-none-eabi/8.2.1/../../../../arm-none-eabi/lib/thumb/v7-m/nofp\libg_nano.a(lib_a-readr.o)
 .debug_frame   0x00002ea4       0x2c c:/program files (x86)/gnu tools arm embedded/8 2018-q4-major/bin/../lib/gcc/arm-none-eabi/8.2.1/../../../../arm-none-eabi/lib/thumb/v7-m/nofp\libg_nano.a(lib_a-fstatr.o)
 .debug_frame   0x00002ed0       0x2c c:/program files (x86)/gnu tools arm embedded/8 2018-q4-major/bin/../lib/gcc/arm-none-eabi/8.2.1/../../../../arm-none-eabi/lib/thumb/v7-m/nofp\libg_nano.a(lib_a-isattyr.o)
 .debug_frame   0x00002efc       0x20 c:/program files (x86)/gnu tools arm embedded/8 2018-q4-major/bin/../lib/gcc/arm-none-eabi/8.2.1/../../../../arm-none-eabi/lib/thumb/v7-m/nofp\libg_nano.a(lib_a-nano-msizer.o)
 .debug_frame   0x00002f1c       0x20 c:/program files (x86)/gnu tools arm embedded/8 2018-q4-major/bin/../lib/gcc/arm-none-eabi/8.2.1/../../../../arm-none-eabi/lib/thumb/v7-m/nofp\libnosys.a(close.o)
 .debug_frame   0x00002f3c       0x20 c:/program files (x86)/gnu tools arm embedded/8 2018-q4-major/bin/../lib/gcc/arm-none-eabi/8.2.1/../../../../arm-none-eabi/lib/thumb/v7-m/nofp\libnosys.a(fstat.o)